<html>
<body>
<pre>
<h1>礦ision Build Log</h1>
<h2>Project:</h2>
D:\产品资料\5.机械臂全系列开发资料\机械臂STM32完全开发资料\4.机械臂完全开发教程（由浅入深动手编程实验）\3.机械臂由浅入深源码\由浅入深各模块代码\3.STM32编程之单个舵机控制（同时支持PWM舵机和总线舵机）\Servor_Module.uvproj
Project File Date:  02/23/2017

<h2>Output:</h2>
Build target 'Servor_Module'
compiling core_cm3.c...
assembling startup_stm32f10x_md.s...
compiling misc.c...
FWlib\src\misc.c(24): error:  #5: cannot open source input file "misc.h": No such file or directory
compiling stm32f10x_adc.c...
FWlib\src\stm32f10x_adc.c(23): error:  #5: cannot open source input file "stm32f10x_adc.h": No such file or directory
compiling stm32f10x_bkp.c...
FWlib\src\stm32f10x_bkp.c(23): error:  #5: cannot open source input file "stm32f10x_bkp.h": No such file or directory
compiling stm32f10x_can.c...
FWlib\src\stm32f10x_can.c(23): error:  #5: cannot open source input file "stm32f10x_can.h": No such file or directory
compiling stm32f10x_cec.c...
FWlib\src\stm32f10x_cec.c(23): error:  #5: cannot open source input file "stm32f10x_cec.h": No such file or directory
compiling stm32f10x_crc.c...
FWlib\src\stm32f10x_crc.c(23): error:  #5: cannot open source input file "stm32f10x_crc.h": No such file or directory
compiling stm32f10x_dac.c...
FWlib\src\stm32f10x_dac.c(23): error:  #5: cannot open source input file "stm32f10x_dac.h": No such file or directory
compiling stm32f10x_dbgmcu.c...
FWlib\src\stm32f10x_dbgmcu.c(23): error:  #5: cannot open source input file "stm32f10x_dbgmcu.h": No such file or directory
compiling stm32f10x_dma.c...
FWlib\src\stm32f10x_dma.c(23): error:  #5: cannot open source input file "stm32f10x_dma.h": No such file or directory
compiling stm32f10x_exti.c...
FWlib\src\stm32f10x_exti.c(23): error:  #5: cannot open source input file "stm32f10x_exti.h": No such file or directory
compiling stm32f10x_flash.c...
FWlib\src\stm32f10x_flash.c(23): error:  #5: cannot open source input file "stm32f10x_flash.h": No such file or directory
compiling stm32f10x_fsmc.c...
FWlib\src\stm32f10x_fsmc.c(23): error:  #5: cannot open source input file "stm32f10x_fsmc.h": No such file or directory
compiling stm32f10x_gpio.c...
FWlib\src\stm32f10x_gpio.c(23): error:  #5: cannot open source input file "stm32f10x_gpio.h": No such file or directory
compiling stm32f10x_i2c.c...
FWlib\src\stm32f10x_i2c.c(23): error:  #5: cannot open source input file "stm32f10x_i2c.h": No such file or directory
compiling stm32f10x_iwdg.c...
FWlib\src\stm32f10x_iwdg.c(23): error:  #5: cannot open source input file "stm32f10x_iwdg.h": No such file or directory
compiling stm32f10x_pwr.c...
FWlib\src\stm32f10x_pwr.c(23): error:  #5: cannot open source input file "stm32f10x_pwr.h": No such file or directory
compiling stm32f10x_rcc.c...
FWlib\src\stm32f10x_rcc.c(23): error:  #5: cannot open source input file "stm32f10x_rcc.h": No such file or directory
compiling stm32f10x_rtc.c...
FWlib\src\stm32f10x_rtc.c(23): error:  #5: cannot open source input file "stm32f10x_rtc.h": No such file or directory
compiling stm32f10x_sdio.c...
FWlib\src\stm32f10x_sdio.c(23): error:  #5: cannot open source input file "stm32f10x_sdio.h": No such file or directory
compiling stm32f10x_spi.c...
FWlib\src\stm32f10x_spi.c(23): error:  #5: cannot open source input file "stm32f10x_spi.h": No such file or directory
compiling stm32f10x_tim.c...
FWlib\src\stm32f10x_tim.c(23): error:  #5: cannot open source input file "stm32f10x_tim.h": No such file or directory
compiling stm32f10x_usart.c...
FWlib\src\stm32f10x_usart.c(23): error:  #5: cannot open source input file "stm32f10x_usart.h": No such file or directory
compiling stm32f10x_wwdg.c...
FWlib\src\stm32f10x_wwdg.c(23): error:  #5: cannot open source input file "stm32f10x_wwdg.h": No such file or directory
compiling beep.c...
HARDWARE\Beep\beep.h(3): error:  #5: cannot open source input file "sys.h": No such file or directory
compiling common.c...
compiling led.c...
HARDWARE\LED\led.h(4): error:  #5: cannot open source input file "sys.h": No such file or directory
Project build/rebuild aborted.
Target not created
Build target 'Servor_Module'
compiling core_cm3.c...
compiling misc.c...
.\USER\stm32f10x.h(96): error:  #35: #error directive: "Please select first the target STM32F10x device used in your application (in stm32f10x.h file)"
compiling stm32f10x_adc.c...
.\USER\stm32f10x.h(96): error:  #35: #error directive: "Please select first the target STM32F10x device used in your application (in stm32f10x.h file)"
compiling stm32f10x_bkp.c...
.\USER\stm32f10x.h(96): error:  #35: #error directive: "Please select first the target STM32F10x device used in your application (in stm32f10x.h file)"
compiling stm32f10x_can.c...
.\USER\stm32f10x.h(96): error:  #35: #error directive: "Please select first the target STM32F10x device used in your application (in stm32f10x.h file)"
compiling stm32f10x_cec.c...
.\USER\stm32f10x.h(96): error:  #35: #error directive: "Please select first the target STM32F10x device used in your application (in stm32f10x.h file)"
compiling stm32f10x_crc.c...
.\USER\stm32f10x.h(96): error:  #35: #error directive: "Please select first the target STM32F10x device used in your application (in stm32f10x.h file)"
compiling stm32f10x_dac.c...
.\USER\stm32f10x.h(96): error:  #35: #error directive: "Please select first the target STM32F10x device used in your application (in stm32f10x.h file)"
compiling stm32f10x_dbgmcu.c...
.\USER\stm32f10x.h(96): error:  #35: #error directive: "Please select first the target STM32F10x device used in your application (in stm32f10x.h file)"
compiling stm32f10x_dma.c...
.\USER\stm32f10x.h(96): error:  #35: #error directive: "Please select first the target STM32F10x device used in your application (in stm32f10x.h file)"
compiling stm32f10x_exti.c...
.\USER\stm32f10x.h(96): error:  #35: #error directive: "Please select first the target STM32F10x device used in your application (in stm32f10x.h file)"
compiling stm32f10x_flash.c...
.\USER\stm32f10x.h(96): error:  #35: #error directive: "Please select first the target STM32F10x device used in your application (in stm32f10x.h file)"
compiling stm32f10x_fsmc.c...
.\USER\stm32f10x.h(96): error:  #35: #error directive: "Please select first the target STM32F10x device used in your application (in stm32f10x.h file)"
compiling stm32f10x_gpio.c...
.\USER\stm32f10x.h(96): error:  #35: #error directive: "Please select first the target STM32F10x device used in your application (in stm32f10x.h file)"
compiling stm32f10x_i2c.c...
.\USER\stm32f10x.h(96): error:  #35: #error directive: "Please select first the target STM32F10x device used in your application (in stm32f10x.h file)"
compiling stm32f10x_iwdg.c...
.\USER\stm32f10x.h(96): error:  #35: #error directive: "Please select first the target STM32F10x device used in your application (in stm32f10x.h file)"
compiling stm32f10x_pwr.c...
.\USER\stm32f10x.h(96): error:  #35: #error directive: "Please select first the target STM32F10x device used in your application (in stm32f10x.h file)"
compiling stm32f10x_rcc.c...
.\USER\stm32f10x.h(96): error:  #35: #error directive: "Please select first the target STM32F10x device used in your application (in stm32f10x.h file)"
compiling stm32f10x_rtc.c...
.\USER\stm32f10x.h(96): error:  #35: #error directive: "Please select first the target STM32F10x device used in your application (in stm32f10x.h file)"
compiling stm32f10x_sdio.c...
.\USER\stm32f10x.h(96): error:  #35: #error directive: "Please select first the target STM32F10x device used in your application (in stm32f10x.h file)"
compiling stm32f10x_spi.c...
.\USER\stm32f10x.h(96): error:  #35: #error directive: "Please select first the target STM32F10x device used in your application (in stm32f10x.h file)"
compiling stm32f10x_tim.c...
.\USER\stm32f10x.h(96): error:  #35: #error directive: "Please select first the target STM32F10x device used in your application (in stm32f10x.h file)"
compiling stm32f10x_usart.c...
.\USER\stm32f10x.h(96): error:  #35: #error directive: "Please select first the target STM32F10x device used in your application (in stm32f10x.h file)"
compiling stm32f10x_wwdg.c...
.\USER\stm32f10x.h(96): error:  #35: #error directive: "Please select first the target STM32F10x device used in your application (in stm32f10x.h file)"
compiling beep.c...
.\USER\stm32f10x.h(96): error:  #35: #error directive: "Please select first the target STM32F10x device used in your application (in stm32f10x.h file)"
compiling common.c...
compiling led.c...
.\USER\stm32f10x.h(96): error:  #35: #error directive: "Please select first the target STM32F10x device used in your application (in stm32f10x.h file)"
compiling servor.c...
.\USER\stm32f10x.h(96): error:  #35: #error directive: "Please select first the target STM32F10x device used in your application (in stm32f10x.h file)"
compiling timer.c...
.\USER\stm32f10x.h(96): error:  #35: #error directive: "Please select first the target STM32F10x device used in your application (in stm32f10x.h file)"
compiling main.c...
USER\stm32f10x.h(96): error:  #35: #error directive: "Please select first the target STM32F10x device used in your application (in stm32f10x.h file)"
compiling stm32f10x_it.c...
USER\stm32f10x.h(96): error:  #35: #error directive: "Please select first the target STM32F10x device used in your application (in stm32f10x.h file)"
compiling system_stm32f10x.c...
USER\stm32f10x.h(96): error:  #35: #error directive: "Please select first the target STM32F10x device used in your application (in stm32f10x.h file)"
compiling delay.c...
.\USER\stm32f10x.h(96): error:  #35: #error directive: "Please select first the target STM32F10x device used in your application (in stm32f10x.h file)"
compiling sys.c...
.\USER\stm32f10x.h(96): error:  #35: #error directive: "Please select first the target STM32F10x device used in your application (in stm32f10x.h file)"
compiling usart.c...
.\USER\stm32f10x.h(96): error:  #35: #error directive: "Please select first the target STM32F10x device used in your application (in stm32f10x.h file)"
Target not created
Build target 'Servor_Module'
compiling core_cm3.c...
compiling misc.c...
.\USER\stm32f10x.h(96): error:  #35: #error directive: "Please select first the target STM32F10x device used in your application (in stm32f10x.h file)"
compiling stm32f10x_adc.c...
.\USER\stm32f10x.h(96): error:  #35: #error directive: "Please select first the target STM32F10x device used in your application (in stm32f10x.h file)"
compiling stm32f10x_bkp.c...
.\USER\stm32f10x.h(96): error:  #35: #error directive: "Please select first the target STM32F10x device used in your application (in stm32f10x.h file)"
compiling stm32f10x_can.c...
.\USER\stm32f10x.h(96): error:  #35: #error directive: "Please select first the target STM32F10x device used in your application (in stm32f10x.h file)"
compiling stm32f10x_cec.c...
.\USER\stm32f10x.h(96): error:  #35: #error directive: "Please select first the target STM32F10x device used in your application (in stm32f10x.h file)"
compiling stm32f10x_crc.c...
.\USER\stm32f10x.h(96): error:  #35: #error directive: "Please select first the target STM32F10x device used in your application (in stm32f10x.h file)"
compiling stm32f10x_dac.c...
.\USER\stm32f10x.h(96): error:  #35: #error directive: "Please select first the target STM32F10x device used in your application (in stm32f10x.h file)"
compiling stm32f10x_dbgmcu.c...
.\USER\stm32f10x.h(96): error:  #35: #error directive: "Please select first the target STM32F10x device used in your application (in stm32f10x.h file)"
compiling stm32f10x_dma.c...
.\USER\stm32f10x.h(96): error:  #35: #error directive: "Please select first the target STM32F10x device used in your application (in stm32f10x.h file)"
compiling stm32f10x_exti.c...
.\USER\stm32f10x.h(96): error:  #35: #error directive: "Please select first the target STM32F10x device used in your application (in stm32f10x.h file)"
compiling stm32f10x_flash.c...
.\USER\stm32f10x.h(96): error:  #35: #error directive: "Please select first the target STM32F10x device used in your application (in stm32f10x.h file)"
Project build/rebuild aborted.
Target not created
Build target 'Servor_Module'
compiling core_cm3.c...
compiling misc.c...
compiling stm32f10x_adc.c...
compiling stm32f10x_bkp.c...
compiling stm32f10x_can.c...
compiling stm32f10x_cec.c...
compiling stm32f10x_crc.c...
compiling stm32f10x_dac.c...
compiling stm32f10x_dbgmcu.c...
compiling stm32f10x_dma.c...
compiling stm32f10x_exti.c...
compiling stm32f10x_flash.c...
compiling stm32f10x_fsmc.c...
compiling stm32f10x_gpio.c...
compiling stm32f10x_i2c.c...
compiling stm32f10x_iwdg.c...
compiling stm32f10x_pwr.c...
compiling stm32f10x_rcc.c...
compiling stm32f10x_rtc.c...
compiling stm32f10x_sdio.c...
compiling stm32f10x_spi.c...
compiling stm32f10x_tim.c...
compiling stm32f10x_usart.c...
compiling stm32f10x_wwdg.c...
compiling beep.c...
HARDWARE\Beep\beep.c(33): warning:  #1-D: last line of file ends without a newline
compiling common.c...
compiling led.c...
compiling servor.c...
HARDWARE\Servo\servor.c(8): warning:  #260-D: explicit type is missing ("int" assumed)
HARDWARE\Servo\servor.c(8): error:  #65: expected a ";"
HARDWARE\Servo\servor.c(30): error:  #20: identifier "S_PWM" is undefined
HARDWARE\Servo\servor.c(32): error:  #20: identifier "flag_vpwm" is undefined
compiling timer.c...
compiling main.c...
USER\main.c(17): error:  #77-D: this declaration has no storage class or type specifier
USER\main.c(17): error:  #65: expected a ";"
USER\main.c(26): warning:  #223-D: function "Servor_GPIO_Config" declared implicitly
USER\main.c(27): warning:  #223-D: function "Timer_Init" declared implicitly
USER\main.c(28): warning:  #223-D: function "Timer_ON" declared implicitly
USER\main.c(31): error:  #20: identifier "S_PWM" is undefined
compiling stm32f10x_it.c...
compiling system_stm32f10x.c...
compiling delay.c...
compiling sys.c...
compiling usart.c...
Target not created
Build target 'Servor_Module'
compiling servor.c...
HARDWARE\Servo\servor.c(8): warning:  #260-D: explicit type is missing ("int" assumed)
HARDWARE\Servo\servor.c(8): error:  #65: expected a ";"
HARDWARE\Servo\servor.c(30): error:  #20: identifier "S_PWM" is undefined
HARDWARE\Servo\servor.c(32): error:  #20: identifier "flag_vpwm" is undefined
compiling main.c...
USER\main.c(26): warning:  #223-D: function "Servor_GPIO_Config" declared implicitly
USER\main.c(27): warning:  #223-D: function "Timer_Init" declared implicitly
USER\main.c(28): warning:  #223-D: function "Timer_ON" declared implicitly
Target not created
Build target 'Servor_Module'
compiling servor.c...
HARDWARE\Servo\servor.c(32): error:  #20: identifier "flag_vpwm" is undefined
Target not created
Build target 'Servor_Module'
compiling servor.c...
linking...
Program Size: Code=9712 RO-data=268 RW-data=72 ZI-data=1736  
FromELF: creating hex file...
".\Output\Servor_Module.axf" - 0 Error(s), 0 Warning(s).
Build target 'Servor_Module'
compiling stm32f10x_it.c...
USER\stm32f10x_it.c(154): warning:  #223-D: function "Servo1" declared implicitly
linking...
Program Size: Code=9716 RO-data=268 RW-data=72 ZI-data=1736  
FromELF: creating hex file...
".\Output\Servor_Module.axf" - 0 Error(s), 1 Warning(s).
Build target 'Servor_Module'
linking...
Program Size: Code=9716 RO-data=268 RW-data=72 ZI-data=1736  
FromELF: creating hex file...
".\Output\Servor_Module.axf" - 0 Error(s), 0 Warning(s).
Build target 'Servor_Module'
linking...
Program Size: Code=9716 RO-data=268 RW-data=72 ZI-data=1736  
FromELF: creating hex file...
".\Output\Servor_Module.axf" - 0 Error(s), 0 Warning(s).
Build target 'Servor_Module'
compiling stm32f10x_it.c...
linking...
Program Size: Code=9716 RO-data=268 RW-data=72 ZI-data=1736  
FromELF: creating hex file...
".\Output\Servor_Module.axf" - 0 Error(s), 0 Warning(s).
Build target 'Servor_Module'
compiling servor.c...
HARDWARE\Servo\servor.c(17): error:  #20: identifier "GPIO_InitStructure" is undefined
Target not created
Build target 'Servor_Module'
compiling servor.c...
linking...
Program Size: Code=9748 RO-data=268 RW-data=72 ZI-data=1736  
FromELF: creating hex file...
".\Output\Servor_Module.axf" - 0 Error(s), 0 Warning(s).
Build target 'Servor_Module'
compiling servor.c...
compiling main.c...
USER\main.c(28): warning:  #223-D: function "Servor_GPIO_Config" declared implicitly
USER\main.c(29): warning:  #223-D: function "Timer_Init" declared implicitly
USER\main.c(30): warning:  #223-D: function "Timer_ON" declared implicitly
USER\main.c(37): error:  #65: expected a ";"
USER\main.c(40): error:  #65: expected a ";"
Target not created
Build target 'Servor_Module'
compiling main.c...
USER\main.c(39): error:  #65: expected a ";"
USER\main.c(42): error:  #65: expected a ";"
Target not created
Build target 'Servor_Module'
compiling main.c...
linking...
Program Size: Code=9812 RO-data=268 RW-data=72 ZI-data=1736  
FromELF: creating hex file...
".\Output\Servor_Module.axf" - 0 Error(s), 0 Warning(s).
