<html>
<body>
<pre>
<h1>礦ision Build Log</h1>
<h2>Project:</h2>
F:\产品资料\双电机编码器测速小车资料\4.智能车项目控制源码\1.STM32编程之单个舵机控制\Servor_Module.uvproj
Project File Date:  02/23/2017

<h2>Output:</h2>
Build target 'Servor_Module'
compiling servor.c...
linking...
Program Size: Code=9792 RO-data=268 RW-data=72 ZI-data=1736  
FromELF: creating hex file...
".\Output\Servor_Module.axf" - 0 Error(s), 0 Warning(s).
Build target 'Servor_Module'
linking...
Program Size: Code=9792 RO-data=268 RW-data=72 ZI-data=1736  
FromELF: creating hex file...
".\Output\Servor_Module.axf" - 0 Error(s), 0 Warning(s).
compiling main.c...
USER\main.c - 0 Error(s), 0 Warning(s).
Build target 'Servor_Module'
compiling beep.c...
HARDWARE\Beep\beep.c(33): warning:  #1-D: last line of file ends without a newline
compiling led.c...
linking...
.\Output\Servor_Module.axf: Error: L6218E: Undefined symbol flag_uart1_rev (referred from usart.o).
.\Output\Servor_Module.axf: Error: L6218E: Undefined symbol flag_uart2_rev (referred from usart.o).
.\Output\Servor_Module.axf: Error: L6218E: Undefined symbol uart1_buf (referred from usart.o).
.\Output\Servor_Module.axf: Error: L6218E: Undefined symbol uart2_buf (referred from usart.o).
Target not created
Build target 'Servor_Module'
compiling main.c...
linking...
.\Output\Servor_Module.axf: Error: L6218E: Undefined symbol flag_uart1_rev (referred from usart.o).
.\Output\Servor_Module.axf: Error: L6218E: Undefined symbol flag_uart2_rev (referred from usart.o).
.\Output\Servor_Module.axf: Error: L6218E: Undefined symbol uart1_buf (referred from usart.o).
.\Output\Servor_Module.axf: Error: L6218E: Undefined symbol uart2_buf (referred from usart.o).
Target not created
Build target 'Servor_Module'
compiling main.c...
linking...
Program Size: Code=7724 RO-data=268 RW-data=56 ZI-data=1632  
FromELF: creating hex file...
".\Output\Servor_Module.axf" - 0 Error(s), 0 Warning(s).
Build target 'Servor_Module'
compiling led.c...
linking...
Program Size: Code=7724 RO-data=268 RW-data=56 ZI-data=1632  
FromELF: creating hex file...
".\Output\Servor_Module.axf" - 0 Error(s), 0 Warning(s).
