Component: ARM Compiler 5.06 update 6 (build 750) Tool: armlink [4d35ed]

==============================================================================

Section Cross References

    startup_stm32f10x_md.o(STACK) refers (Special) to heapauxi.o(.text) for __use_two_region_memory
    startup_stm32f10x_md.o(HEAP) refers (Special) to heapauxi.o(.text) for __use_two_region_memory
    startup_stm32f10x_md.o(RESET) refers (Special) to heapauxi.o(.text) for __use_two_region_memory
    startup_stm32f10x_md.o(RESET) refers to startup_stm32f10x_md.o(STACK) for __initial_sp
    startup_stm32f10x_md.o(RESET) refers to startup_stm32f10x_md.o(.text) for Reset_Handler
    startup_stm32f10x_md.o(RESET) refers to stm32f10x_it.o(.text) for NMI_Handler
    startup_stm32f10x_md.o(RESET) refers to port.o(.emb_text) for SVC_Handler
    startup_stm32f10x_md.o(RESET) refers to delay.o(.text) for SysTick_Handler
    startup_stm32f10x_md.o(RESET) refers to usart.o(.text) for USART1_IRQHandler
    startup_stm32f10x_md.o(.text) refers (Special) to heapauxi.o(.text) for __use_two_region_memory
    startup_stm32f10x_md.o(.text) refers to system_stm32f10x.o(.text) for SystemInit
    startup_stm32f10x_md.o(.text) refers to __main.o(!!!main) for __main
    startup_stm32f10x_md.o(.text) refers to startup_stm32f10x_md.o(HEAP) for Heap_Mem
    startup_stm32f10x_md.o(.text) refers to startup_stm32f10x_md.o(STACK) for Stack_Mem
    stm32f10x_adc.o(.text) refers to stm32f10x_rcc.o(.text) for RCC_APB2PeriphResetCmd
    stm32f10x_bkp.o(.text) refers to stm32f10x_rcc.o(.text) for RCC_BackupResetCmd
    stm32f10x_can.o(.text) refers to stm32f10x_rcc.o(.text) for RCC_APB1PeriphResetCmd
    stm32f10x_cec.o(.text) refers to stm32f10x_rcc.o(.text) for RCC_APB1PeriphResetCmd
    stm32f10x_dac.o(.text) refers to stm32f10x_rcc.o(.text) for RCC_APB1PeriphResetCmd
    stm32f10x_gpio.o(.text) refers to stm32f10x_rcc.o(.text) for RCC_APB2PeriphResetCmd
    stm32f10x_i2c.o(.text) refers to stm32f10x_rcc.o(.text) for RCC_APB1PeriphResetCmd
    stm32f10x_pwr.o(.text) refers to stm32f10x_rcc.o(.text) for RCC_APB1PeriphResetCmd
    stm32f10x_rcc.o(.text) refers to stm32f10x_rcc.o(.data) for APBAHBPrescTable
    stm32f10x_spi.o(.text) refers to stm32f10x_rcc.o(.text) for RCC_APB2PeriphResetCmd
    stm32f10x_tim.o(.text) refers to stm32f10x_rcc.o(.text) for RCC_APB2PeriphResetCmd
    stm32f10x_usart.o(.text) refers to stm32f10x_rcc.o(.text) for RCC_APB2PeriphResetCmd
    stm32f10x_wwdg.o(.text) refers to stm32f10x_rcc.o(.text) for RCC_APB1PeriphResetCmd
    led.o(.text) refers to stm32f10x_rcc.o(.text) for RCC_APB2PeriphClockCmd
    led.o(.text) refers to stm32f10x_gpio.o(.text) for GPIO_Init
    main.o(.text) refers to tasks.o(.text) for vTaskDelay
    main.o(.text) refers to port.o(.text) for vPortEnterCritical
    main.o(.text) refers to misc.o(.text) for NVIC_PriorityGroupConfig
    main.o(.text) refers to delay.o(.text) for delay_init
    main.o(.text) refers to led.o(.text) for LED_Init
    main.o(.text) refers to main.o(.data) for LED0Task_Handler
    system_stm32f10x.o(.text) refers to system_stm32f10x.o(.data) for SystemCoreClock
    delay.o(.text) refers to tasks.o(.text) for xTaskGetSchedulerState
    delay.o(.text) refers to port.o(.text) for xPortSysTickHandler
    delay.o(.text) refers to misc.o(.text) for SysTick_CLKSourceConfig
    delay.o(.text) refers to system_stm32f10x.o(.data) for SystemCoreClock
    delay.o(.text) refers to delay.o(.data) for fac_us
    usart.o(.text) refers (Special) to use_no_semi_2.o(.text) for __use_no_semihosting
    usart.o(.text) refers to stm32f10x_rcc.o(.text) for RCC_APB2PeriphClockCmd
    usart.o(.text) refers to stm32f10x_gpio.o(.text) for GPIO_Init
    usart.o(.text) refers to misc.o(.text) for NVIC_Init
    usart.o(.text) refers to stm32f10x_usart.o(.text) for USART_Init
    usart.o(.text) refers to usart.o(.data) for USART_RX_STA
    usart.o(.text) refers to usart.o(.bss) for USART_RX_BUF
    usart.o(.bss) refers (Special) to use_no_semi_2.o(.text) for __use_no_semihosting
    usart.o(.data) refers (Special) to use_no_semi_2.o(.text) for __use_no_semihosting
    event_groups.o(.text) refers to _printf_percent.o(.ARM.Collect$$_printf_percent$$00000000) for _printf_percent
    event_groups.o(.text) refers to _printf_d.o(.ARM.Collect$$_printf_percent$$00000009) for _printf_d
    event_groups.o(.text) refers to _printf_s.o(.ARM.Collect$$_printf_percent$$00000014) for _printf_s
    event_groups.o(.text) refers to _printf_dec.o(.text) for _printf_int_dec
    event_groups.o(.text) refers to _printf_str.o(.text) for _printf_str
    event_groups.o(.text) refers to heap_4.o(.text) for pvPortMalloc
    event_groups.o(.text) refers to list.o(.text) for vListInitialise
    event_groups.o(.text) refers to noretval__2printf.o(.text) for __2printf
    event_groups.o(.text) refers to tasks.o(.text) for vTaskSuspendAll
    event_groups.o(.text) refers to port.o(.text) for vPortEnterCritical
[...]
    defsig_rtred_inner.o(.text) refers to defsig_general.o(.text) for __default_signal_display
    defsig_stak_inner.o(.text) refers to defsig_general.o(.text) for __default_signal_display
    defsig_pvfn_inner.o(.text) refers to defsig_general.o(.text) for __default_signal_display
    defsig_cppl_inner.o(.text) refers to defsig_general.o(.text) for __default_signal_display
    defsig_segv_inner.o(.text) refers to defsig_general.o(.text) for __default_signal_display
    defsig_other.o(.text) refers to defsig_general.o(.text) for __default_signal_display


==============================================================================

Removing Unused input sections from the image.

    Removing core_cm3.o(.emb_text), (32 bytes).
    Removing stm32f10x_adc.o(.text), (1102 bytes).
    Removing stm32f10x_bkp.o(.text), (196 bytes).
    Removing stm32f10x_can.o(.text), (2544 bytes).
    Removing stm32f10x_cec.o(.text), (288 bytes).
    Removing stm32f10x_crc.o(.text), (72 bytes).
    Removing stm32f10x_dac.o(.text), (396 bytes).
    Removing stm32f10x_dbgmcu.o(.text), (48 bytes).
    Removing stm32f10x_dma.o(.text), (596 bytes).
    Removing stm32f10x_exti.o(.text), (284 bytes).
    Removing stm32f10x_flash.o(.text), (1468 bytes).
    Removing stm32f10x_fsmc.o(.text), (1548 bytes).
    Removing stm32f10x_i2c.o(.text), (1028 bytes).
    Removing stm32f10x_iwdg.o(.text), (64 bytes).
    Removing stm32f10x_pwr.o(.text), (204 bytes).
    Removing stm32f10x_rtc.o(.text), (328 bytes).
    Removing stm32f10x_sdio.o(.text), (468 bytes).
    Removing stm32f10x_spi.o(.text), (780 bytes).
    Removing stm32f10x_tim.o(.text), (3610 bytes).
    Removing stm32f10x_wwdg.o(.text), (136 bytes).
    Removing sys.o(.emb_text), (6 bytes).
    Removing sys.o(.text), (12 bytes).
    Removing event_groups.o(.text), (1102 bytes).

23 unused section(s) (total 16312 bytes) removed from the image.

==============================================================================

Image Symbol Table

    Local Symbols

    Symbol Name                              Value     Ov Type        Size  Object(Section)

    ../clib/angel/boardlib.s                 0x00000000   Number         0  boardinit2.o ABSOLUTE
    ../clib/angel/boardlib.s                 0x00000000   Number         0  boardinit1.o ABSOLUTE
    ../clib/angel/boardlib.s                 0x00000000   Number         0  boardinit3.o ABSOLUTE
    ../clib/angel/boardlib.s                 0x00000000   Number         0  boardshut.o ABSOLUTE
    ../clib/angel/handlers.s                 0x00000000   Number         0  __scatter_copy.o ABSOLUTE
    ../clib/angel/handlers.s                 0x00000000   Number         0  __scatter_zi.o ABSOLUTE
    ../clib/angel/kernel.s                   0x00000000   Number         0  __rtentry.o ABSOLUTE
    ../clib/angel/kernel.s                   0x00000000   Number         0  __rtentry2.o ABSOLUTE
    ../clib/angel/kernel.s                   0x00000000   Number         0  __rtentry4.o ABSOLUTE
    ../clib/angel/kernel.s                   0x00000000   Number         0  rtexit.o ABSOLUTE
    ../clib/angel/kernel.s                   0x00000000   Number         0  rtexit2.o ABSOLUTE
    ../clib/angel/rt.s                       0x00000000   Number         0  rt_raise.o ABSOLUTE
    ../clib/angel/scatter.s                  0x00000000   Number         0  __scatter.o ABSOLUTE
    ../clib/angel/startup.s                  0x00000000   Number         0  __main.o ABSOLUTE
    ../clib/angel/sys.s                      0x00000000   Number         0  sys_stackheap_outer.o ABSOLUTE
    ../clib/angel/sys.s                      0x00000000   Number         0  use_no_semi.o ABSOLUTE
    ../clib/angel/sys.s                      0x00000000   Number         0  indicate_semi.o ABSOLUTE
    ../clib/angel/sys.s                      0x00000000   Number         0  libspace.o ABSOLUTE
    ../clib/angel/sys.s                      0x00000000   Number         0  use_no_semi_2.o ABSOLUTE
    ../clib/angel/sysapp.c                   0x00000000   Number         0  sys_command.o ABSOLUTE
    ../clib/angel/sysapp.c                   0x00000000   Number         0  sys_wrch.o ABSOLUTE
    ../clib/armsys.c                         0x00000000   Number         0  argv_veneer.o ABSOLUTE
    ../clib/armsys.c                         0x00000000   Number         0  argv_veneer.o ABSOLUTE
    ../clib/armsys.c                         0x00000000   Number         0  _get_argv_nomalloc.o ABSOLUTE
    ../clib/armsys.c                         0x00000000   Number         0  no_argv.o ABSOLUTE
    ../clib/heapalloc.c                      0x00000000   Number         0  hrguard.o ABSOLUTE
    ../clib/heapaux.c                        0x00000000   Number         0  heapauxi.o ABSOLUTE
    ../clib/libinit.s                        0x00000000   Number         0  libinit2.o ABSOLUTE
    ../clib/libinit.s                        0x00000000   Number         0  libshutdown2.o ABSOLUTE
    ../clib/libinit.s                        0x00000000   Number         0  libshutdown.o ABSOLUTE
    ../clib/libinit.s                        0x00000000   Number         0  libinit.o ABSOLUTE
    ../clib/memcpset.s                       0x00000000   Number         0  aeabi_memset.o ABSOLUTE
    ../clib/memcpset.s                       0x00000000   Number         0  rt_memcpy_v6.o ABSOLUTE
    ../clib/memcpset.s                       0x00000000   Number         0  rt_memclr_w.o ABSOLUTE
    ../clib/memcpset.s                       0x00000000   Number         0  rt_memcpy_w.o ABSOLUTE
    ../clib/memcpset.s                       0x00000000   Number         0  rt_memclr.o ABSOLUTE
    ../clib/printf.c                         0x00000000   Number         0  __2printf.o ABSOLUTE
    ../clib/printf.c                         0x00000000   Number         0  __printf_wp.o ABSOLUTE
    ../clib/printf.c                         0x00000000   Number         0  __printf_flags_ss.o ABSOLUTE
    ../clib/printf.c                         0x00000000   Number         0  _printf_char_file.o ABSOLUTE
    ../clib/printf.c                         0x00000000   Number         0  _sputc.o ABSOLUTE
    ../clib/printf.c                         0x00000000   Number         0  _printf_char_common.o ABSOLUTE
    ../clib/printf.c                         0x00000000   Number         0  __2sprintf.o ABSOLUTE
    ../clib/printf.c                         0x00000000   Number         0  __printf_flags_wp.o ABSOLUTE
    ../clib/printf.c                         0x00000000   Number         0  _printf_intcommon.o ABSOLUTE
    ../clib/printf.c                         0x00000000   Number         0  __printf_ss_wp.o ABSOLUTE
    ../clib/printf.c                         0x00000000   Number         0  __printf_flags_ss_wp.o ABSOLUTE
    ../clib/printf.c                         0x00000000   Number         0  __printf_ss.o ABSOLUTE
    ../clib/printf.c                         0x00000000   Number         0  __printf_flags.o ABSOLUTE
    ../clib/printf.c                         0x00000000   Number         0  _printf_char.o ABSOLUTE
    ../clib/printf.c                         0x00000000   Number         0  _printf_dec.o ABSOLUTE
    ../clib/printf.c                         0x00000000   Number         0  _printf_str.o ABSOLUTE
    ../clib/printf.c                         0x00000000   Number         0  __printf.o ABSOLUTE
    ../clib/printf.c                         0x00000000   Number         0  noretval__2sprintf.o ABSOLUTE
    ../clib/printf.c                         0x00000000   Number         0  noretval__2printf.o ABSOLUTE
    ../clib/printf.c                         0x00000000   Number         0  __printf_nopercent.o ABSOLUTE
    ../clib/printf_percent.s                 0x00000000   Number         0  _printf_d.o ABSOLUTE
    ../clib/printf_percent.s                 0x00000000   Number         0  _printf_percent.o ABSOLUTE
    ../clib/printf_percent.s                 0x00000000   Number         0  _printf_u.o ABSOLUTE
    ../clib/printf_percent.s                 0x00000000   Number         0  _printf_s.o ABSOLUTE
    ../clib/printf_percent.s                 0x00000000   Number         0  _printf_percent_end.o ABSOLUTE
    ../clib/printf_percent.s                 0x00000000   Number         0  _printf_c.o ABSOLUTE
    ../clib/signal.c                         0x00000000   Number         0  defsig_abrt_inner.o ABSOLUTE
    ../clib/signal.c                         0x00000000   Number         0  defsig_general.o ABSOLUTE
    ../clib/signal.c                         0x00000000   Number         0  defsig_rtred_inner.o ABSOLUTE
    ../clib/signal.c                         0x00000000   Number         0  defsig_rtmem_formal.o ABSOLUTE
    ../clib/signal.c                         0x00000000   Number         0  defsig_fpe_inner.o ABSOLUTE
    ../clib/signal.c                         0x00000000   Number         0  defsig_cppl_inner.o ABSOLUTE
    ../clib/signal.c                         0x00000000   Number         0  defsig_segv_inner.o ABSOLUTE
    ../clib/signal.c                         0x00000000   Number         0  defsig_rtmem_outer.o ABSOLUTE
    ../clib/signal.c                         0x00000000   Number         0  defsig_other.o ABSOLUTE
    ../clib/signal.c                         0x00000000   Number         0  __raise.o ABSOLUTE
    ../clib/signal.c                         0x00000000   Number         0  defsig_pvfn_inner.o ABSOLUTE
    ../clib/signal.c                         0x00000000   Number         0  defsig_rtmem_inner.o ABSOLUTE
    ../clib/signal.c                         0x00000000   Number         0  defsig_exit.o ABSOLUTE
    ../clib/signal.c                         0x00000000   Number         0  defsig_stak_inner.o ABSOLUTE
    ../clib/signal.s                         0x00000000   Number         0  defsig.o ABSOLUTE
    ../clib/stdio.c                          0x00000000   Number         0  ferror_locked.o ABSOLUTE
    ../clib/stdio.c                          0x00000000   Number         0  ferror.o ABSOLUTE
    ../clib/stdlib.c                         0x00000000   Number         0  exit.o ABSOLUTE
    ../clib/string.c                         0x00000000   Number         0  strlen.o ABSOLUTE
    ../clib/string.c                         0x00000000   Number         0  strcpy.o ABSOLUTE
    ../fplib/fpinit.s                        0x00000000   Number         0  fpinit.o ABSOLUTE
    CORE\\core_cm3.c                         0x00000000   Number         0  core_cm3.o ABSOLUTE
    CORE\core_cm3.c                          0x00000000   Number         0  core_cm3.o ABSOLUTE
    CORE\startup_stm32f10x_md.s              0x00000000   Number         0  startup_stm32f10x_md.o ABSOLUTE
    FWlib\src\misc.c                         0x00000000   Number         0  misc.o ABSOLUTE
    FWlib\src\stm32f10x_adc.c                0x00000000   Number         0  stm32f10x_adc.o ABSOLUTE
    FWlib\src\stm32f10x_bkp.c                0x00000000   Number         0  stm32f10x_bkp.o ABSOLUTE
    FWlib\src\stm32f10x_can.c                0x00000000   Number         0  stm32f10x_can.o ABSOLUTE
    FWlib\src\stm32f10x_cec.c                0x00000000   Number         0  stm32f10x_cec.o ABSOLUTE
    FWlib\src\stm32f10x_crc.c                0x00000000   Number         0  stm32f10x_crc.o ABSOLUTE
    FWlib\src\stm32f10x_dac.c                0x00000000   Number         0  stm32f10x_dac.o ABSOLUTE
    FWlib\src\stm32f10x_dbgmcu.c             0x00000000   Number         0  stm32f10x_dbgmcu.o ABSOLUTE
    FWlib\src\stm32f10x_dma.c                0x00000000   Number         0  stm32f10x_dma.o ABSOLUTE
    FWlib\src\stm32f10x_exti.c               0x00000000   Number         0  stm32f10x_exti.o ABSOLUTE
    FWlib\src\stm32f10x_flash.c              0x00000000   Number         0  stm32f10x_flash.o ABSOLUTE
    FWlib\src\stm32f10x_fsmc.c               0x00000000   Number         0  stm32f10x_fsmc.o ABSOLUTE
    FWlib\src\stm32f10x_gpio.c               0x00000000   Number         0  stm32f10x_gpio.o ABSOLUTE
    FWlib\src\stm32f10x_i2c.c                0x00000000   Number         0  stm32f10x_i2c.o ABSOLUTE
    FWlib\src\stm32f10x_iwdg.c               0x00000000   Number         0  stm32f10x_iwdg.o ABSOLUTE
    FWlib\src\stm32f10x_pwr.c                0x00000000   Number         0  stm32f10x_pwr.o ABSOLUTE
    FWlib\src\stm32f10x_rcc.c                0x00000000   Number         0  stm32f10x_rcc.o ABSOLUTE
    FWlib\src\stm32f10x_rtc.c                0x00000000   Number         0  stm32f10x_rtc.o ABSOLUTE
    FWlib\src\stm32f10x_sdio.c               0x00000000   Number         0  stm32f10x_sdio.o ABSOLUTE
    FWlib\src\stm32f10x_spi.c                0x00000000   Number         0  stm32f10x_spi.o ABSOLUTE
    FWlib\src\stm32f10x_tim.c                0x00000000   Number         0  stm32f10x_tim.o ABSOLUTE
    FWlib\src\stm32f10x_usart.c              0x00000000   Number         0  stm32f10x_usart.o ABSOLUTE
    FWlib\src\stm32f10x_wwdg.c               0x00000000   Number         0  stm32f10x_wwdg.o ABSOLUTE
    FreeRTOS\\portable\\RVDS\\ARM_CM3\\port.c 0x00000000   Number         0  port.o ABSOLUTE
    FreeRTOS\croutine.c                      0x00000000   Number         0  croutine.o ABSOLUTE
    FreeRTOS\event_groups.c                  0x00000000   Number         0  event_groups.o ABSOLUTE
    FreeRTOS\list.c                          0x00000000   Number         0  list.o ABSOLUTE
    FreeRTOS\portable\MemMang\heap_4.c       0x00000000   Number         0  heap_4.o ABSOLUTE
    FreeRTOS\portable\RVDS\ARM_CM3\port.c    0x00000000   Number         0  port.o ABSOLUTE
    FreeRTOS\queue.c                         0x00000000   Number         0  queue.o ABSOLUTE
    FreeRTOS\tasks.c                         0x00000000   Number         0  tasks.o ABSOLUTE
    FreeRTOS\timers.c                        0x00000000   Number         0  timers.o ABSOLUTE
    HARDWARE\LED\led.c                       0x00000000   Number         0  led.o ABSOLUTE
    SYSTEM\\sys\\sys.c                       0x00000000   Number         0  sys.o ABSOLUTE
    SYSTEM\delay\delay.c                     0x00000000   Number         0  delay.o ABSOLUTE
    SYSTEM\sys\sys.c                         0x00000000   Number         0  sys.o ABSOLUTE
    SYSTEM\usart\usart.c                     0x00000000   Number         0  usart.o ABSOLUTE
    USER\main.c                              0x00000000   Number         0  main.o ABSOLUTE
    USER\stm32f10x_it.c                      0x00000000   Number         0  stm32f10x_it.o ABSOLUTE
    USER\system_stm32f10x.c                  0x00000000   Number         0  system_stm32f10x.o ABSOLUTE
    dc.s                                     0x00000000   Number         0  dc.o ABSOLUTE
    RESET                                    0x08000000   Section      236  startup_stm32f10x_md.o(RESET)
    !!!main                                  0x080000ec   Section        8  __main.o(!!!main)
    !!!scatter                               0x080000f4   Section       52  __scatter.o(!!!scatter)
    !!handler_copy                           0x08000128   Section       26  __scatter_copy.o(!!handler_copy)
    !!handler_zi                             0x08000144   Section       28  __scatter_zi.o(!!handler_zi)
    .ARM.Collect$$_printf_percent$$00000000  0x08000160   Section        0  _printf_percent.o(.ARM.Collect$$_printf_percent$$00000000)
    .ARM.Collect$$_printf_percent$$00000009  0x08000160   Section        6  _printf_d.o(.ARM.Collect$$_printf_percent$$00000009)
    .ARM.Collect$$_printf_percent$$0000000A  0x08000166   Section        6  _printf_u.o(.ARM.Collect$$_printf_percent$$0000000A)
    .ARM.Collect$$_printf_percent$$00000013  0x0800016c   Section        6  _printf_c.o(.ARM.Collect$$_printf_percent$$00000013)
    .ARM.Collect$$_printf_percent$$00000014  0x08000172   Section        6  _printf_s.o(.ARM.Collect$$_printf_percent$$00000014)
    .ARM.Collect$$_printf_percent$$00000017  0x08000178   Section        4  _printf_percent_end.o(.ARM.Collect$$_printf_percent$$00000017)
    .ARM.Collect$$libinit$$00000000          0x0800017c   Section        2  libinit.o(.ARM.Collect$$libinit$$00000000)
    .ARM.Collect$$libinit$$00000002          0x0800017e   Section        0  libinit2.o(.ARM.Collect$$libinit$$00000002)
    .ARM.Collect$$libinit$$00000004          0x0800017e   Section        0  libinit2.o(.ARM.Collect$$libinit$$00000004)
    .ARM.Collect$$libinit$$0000000A          0x0800017e   Section        0  libinit2.o(.ARM.Collect$$libinit$$0000000A)
    .ARM.Collect$$libinit$$0000000C          0x0800017e   Section        0  libinit2.o(.ARM.Collect$$libinit$$0000000C)
    .ARM.Collect$$libinit$$0000000E          0x0800017e   Section        0  libinit2.o(.ARM.Collect$$libinit$$0000000E)
    .ARM.Collect$$libinit$$00000011          0x0800017e   Section        0  libinit2.o(.ARM.Collect$$libinit$$00000011)
    .ARM.Collect$$libinit$$00000013          0x0800017e   Section        0  libinit2.o(.ARM.Collect$$libinit$$00000013)
    .ARM.Collect$$libinit$$00000015          0x0800017e   Section        0  libinit2.o(.ARM.Collect$$libinit$$00000015)
    .ARM.Collect$$libinit$$00000017          0x0800017e   Section        0  libinit2.o(.ARM.Collect$$libinit$$00000017)
    .ARM.Collect$$libinit$$00000019          0x0800017e   Section        0  libinit2.o(.ARM.Collect$$libinit$$00000019)
    .ARM.Collect$$libinit$$0000001B          0x0800017e   Section        0  libinit2.o(.ARM.Collect$$libinit$$0000001B)
    .ARM.Collect$$libinit$$0000001D          0x0800017e   Section        0  libinit2.o(.ARM.Collect$$libinit$$0000001D)
    .ARM.Collect$$libinit$$0000001F          0x0800017e   Section        0  libinit2.o(.ARM.Collect$$libinit$$0000001F)
    .ARM.Collect$$libinit$$00000021          0x0800017e   Section        0  libinit2.o(.ARM.Collect$$libinit$$00000021)
    .ARM.Collect$$libinit$$00000023          0x0800017e   Section        0  libinit2.o(.ARM.Collect$$libinit$$00000023)
    .ARM.Collect$$libinit$$00000025          0x0800017e   Section        0  libinit2.o(.ARM.Collect$$libinit$$00000025)
    .ARM.Collect$$libinit$$0000002C          0x0800017e   Section        0  libinit2.o(.ARM.Collect$$libinit$$0000002C)
    .ARM.Collect$$libinit$$0000002E          0x0800017e   Section        0  libinit2.o(.ARM.Collect$$libinit$$0000002E)
    .ARM.Collect$$libinit$$00000030          0x0800017e   Section        0  libinit2.o(.ARM.Collect$$libinit$$00000030)
    .ARM.Collect$$libinit$$00000032          0x0800017e   Section        0  libinit2.o(.ARM.Collect$$libinit$$00000032)
    .ARM.Collect$$libinit$$00000033          0x0800017e   Section        2  libinit2.o(.ARM.Collect$$libinit$$00000033)
    .ARM.Collect$$libshutdown$$00000000      0x08000180   Section        2  libshutdown.o(.ARM.Collect$$libshutdown$$00000000)
    .ARM.Collect$$libshutdown$$00000002      0x08000182   Section        0  libshutdown2.o(.ARM.Collect$$libshutdown$$00000002)
    .ARM.Collect$$libshutdown$$00000004      0x08000182   Section        0  libshutdown2.o(.ARM.Collect$$libshutdown$$00000004)
    .ARM.Collect$$libshutdown$$00000007      0x08000182   Section        0  libshutdown2.o(.ARM.Collect$$libshutdown$$00000007)
    .ARM.Collect$$libshutdown$$0000000A      0x08000182   Section        0  libshutdown2.o(.ARM.Collect$$libshutdown$$0000000A)
    .ARM.Collect$$libshutdown$$0000000C      0x08000182   Section        0  libshutdown2.o(.ARM.Collect$$libshutdown$$0000000C)
    .ARM.Collect$$libshutdown$$0000000F      0x08000182   Section        0  libshutdown2.o(.ARM.Collect$$libshutdown$$0000000F)
    .ARM.Collect$$libshutdown$$00000010      0x08000182   Section        2  libshutdown2.o(.ARM.Collect$$libshutdown$$00000010)
    .ARM.Collect$$rtentry$$00000000          0x08000184   Section        0  __rtentry.o(.ARM.Collect$$rtentry$$00000000)
    .ARM.Collect$$rtentry$$00000002          0x08000184   Section        0  __rtentry2.o(.ARM.Collect$$rtentry$$00000002)
    .ARM.Collect$$rtentry$$00000004          0x08000184   Section        6  __rtentry4.o(.ARM.Collect$$rtentry$$00000004)
    .ARM.Collect$$rtentry$$00000009          0x0800018a   Section        0  __rtentry2.o(.ARM.Collect$$rtentry$$00000009)
    .ARM.Collect$$rtentry$$0000000A          0x0800018a   Section        4  __rtentry2.o(.ARM.Collect$$rtentry$$0000000A)
    .ARM.Collect$$rtentry$$0000000C          0x0800018e   Section        0  __rtentry2.o(.ARM.Collect$$rtentry$$0000000C)
    .ARM.Collect$$rtentry$$0000000D          0x0800018e   Section        8  __rtentry2.o(.ARM.Collect$$rtentry$$0000000D)
    .ARM.Collect$$rtexit$$00000000           0x08000196   Section        2  rtexit.o(.ARM.Collect$$rtexit$$00000000)
    .ARM.Collect$$rtexit$$00000002           0x08000198   Section        0  rtexit2.o(.ARM.Collect$$rtexit$$00000002)
    .ARM.Collect$$rtexit$$00000003           0x08000198   Section        4  rtexit2.o(.ARM.Collect$$rtexit$$00000003)
    .ARM.Collect$$rtexit$$00000004           0x0800019c   Section        6  rtexit2.o(.ARM.Collect$$rtexit$$00000004)
    .emb_text                                0x080001a4   Section      150  port.o(.emb_text)
    .text                                    0x0800023c   Section       64  startup_stm32f10x_md.o(.text)
    .text                                    0x0800027c   Section        0  misc.o(.text)
    .text                                    0x08000358   Section        0  stm32f10x_gpio.o(.text)
    .text                                    0x080006b4   Section        0  stm32f10x_rcc.o(.text)
    .text                                    0x08000a58   Section        0  stm32f10x_usart.o(.text)
    .text                                    0x08000e60   Section        0  led.o(.text)
    .text                                    0x08000eac   Section        0  main.o(.text)
    .text                                    0x08000f90   Section        0  stm32f10x_it.o(.text)
    .text                                    0x08000fa4   Section        0  system_stm32f10x.o(.text)
    SetSysClockTo72                          0x08000fa5   Thumb Code   214  system_stm32f10x.o(.text)
    SetSysClock                              0x0800107b   Thumb Code     8  system_stm32f10x.o(.text)
    .text                                    0x08001184   Section        0  delay.o(.text)
    .text                                    0x08001288   Section        0  usart.o(.text)
    .text                                    0x080013c8   Section        0  list.o(.text)
    .text                                    0x0800145c   Section        0  queue.o(.text)
    prvInitialiseNewQueue                    0x080014e5   Thumb Code    46  queue.o(.text)
    prvCopyDataToQueue                       0x08001561   Thumb Code   124  queue.o(.text)
    prvNotifyQueueSetContainer               0x080015dd   Thumb Code   124  queue.o(.text)
    prvUnlockQueue                           0x08001659   Thumb Code   146  queue.o(.text)
    prvIsQueueFull                           0x080016eb   Thumb Code    30  queue.o(.text)
    prvInitialiseMutex                       0x080018d1   Thumb Code    28  queue.o(.text)
    prvIsQueueEmpty                          0x08001951   Thumb Code    26  queue.o(.text)
    prvCopyDataFromQueue                     0x0800196b   Thumb Code    42  queue.o(.text)
    .text                                    0x08002168   Section        0  tasks.o(.text)
    prvInitialiseTaskLists                   0x08002169   Thumb Code    70  tasks.o(.text)
    prvAddNewTaskToReadyList                 0x080021af   Thumb Code   156  tasks.o(.text)
    prvInitialiseNewTask                     0x0800224b   Thumb Code   170  tasks.o(.text)
    prvResetNextTaskUnblockTime              0x08002355   Thumb Code    42  tasks.o(.text)
    prvDeleteTCB                             0x0800237f   Thumb Code    18  tasks.o(.text)
    prvAddCurrentTaskToDelayedList           0x080026b3   Thumb Code   124  tasks.o(.text)
    prvTaskIsTaskSuspended                   0x08002b73   Thumb Code    76  tasks.o(.text)
    prvCheckTasksWaitingTermination          0x08002cd1   Thumb Code    86  tasks.o(.text)
    prvIdleTask                              0x08002d27   Thumb Code    32  tasks.o(.text)
    prvTaskCheckFreeStackSpace               0x08002e65   Thumb Code    22  tasks.o(.text)
    prvListTasksWithinSingleList             0x08002eed   Thumb Code   106  tasks.o(.text)
    prvWriteNameToBuffer                     0x08003417   Thumb Code    42  tasks.o(.text)
    .text                                    0x08003988   Section        0  timers.o(.text)
    prvInsertTimerInActiveList               0x08003989   Thumb Code    80  timers.o(.text)
    prvSwitchTimerLists                      0x08003a4f   Thumb Code   140  timers.o(.text)
    prvSampleTimeNow                         0x08003adb   Thumb Code    40  timers.o(.text)
    prvProcessReceivedCommands               0x08003b03   Thumb Code   254  timers.o(.text)
    prvProcessExpiredTimer                   0x08003c01   Thumb Code    84  timers.o(.text)
    prvProcessTimerOrBlockTask               0x08003c55   Thumb Code   102  timers.o(.text)
    prvGetNextExpireTime                     0x08003cbb   Thumb Code    36  timers.o(.text)
    prvTimerTask                             0x08003cdf   Thumb Code    26  timers.o(.text)
    prvCheckForValidListAndQueue             0x08003cf9   Thumb Code    72  timers.o(.text)
    prvInitialiseNewTimer                    0x08003d79   Thumb Code   162  timers.o(.text)
    .text                                    0x08003fc4   Section        0  heap_4.o(.text)
    prvInsertBlockIntoFreeList               0x08003fc5   Thumb Code    96  heap_4.o(.text)
    prvHeapInit                              0x08004025   Thumb Code    98  heap_4.o(.text)
    .text                                    0x08004260   Section        0  port.o(.text)
    prvTaskExitError                         0x08004261   Thumb Code    48  port.o(.text)
    .text                                    0x080044c8   Section        2  use_no_semi_2.o(.text)
    .text                                    0x080044cc   Section        0  noretval__2printf.o(.text)
    .text                                    0x080044e4   Section        0  noretval__2sprintf.o(.text)
    .text                                    0x0800450c   Section        0  __printf.o(.text)
    .text                                    0x08004574   Section        0  _printf_str.o(.text)
    .text                                    0x080045c8   Section        0  _printf_dec.o(.text)
    .text                                    0x08004640   Section        0  strcpy.o(.text)
    .text                                    0x08004688   Section        0  strlen.o(.text)
    .text                                    0x080046c6   Section      138  rt_memcpy_v6.o(.text)
    .text                                    0x08004750   Section       16  aeabi_memset.o(.text)
    .text                                    0x08004760   Section        0  heapauxi.o(.text)
    .text                                    0x08004766   Section        2  use_no_semi.o(.text)
    .text                                    0x08004768   Section        0  _printf_intcommon.o(.text)
    .text                                    0x0800481c   Section        0  _printf_char_common.o(.text)
    _printf_input_char                       0x0800481d   Thumb Code    10  _printf_char_common.o(.text)
    .text                                    0x0800484c   Section        0  _sputc.o(.text)
    .text                                    0x08004856   Section        0  _printf_char.o(.text)
    .text                                    0x08004884   Section        0  _printf_char_file.o(.text)
    .text                                    0x080048a8   Section      100  rt_memcpy_w.o(.text)
    .text                                    0x0800490c   Section       68  rt_memclr.o(.text)
    .text                                    0x08004950   Section        0  ferror.o(.text)
    .text                                    0x08004958   Section       78  rt_memclr_w.o(.text)
    .text                                    0x080049a6   Section       74  sys_stackheap_outer.o(.text)
    .text                                    0x080049f0   Section        0  exit.o(.text)
    .text                                    0x08004a04   Section        8  libspace.o(.text)
    .data                                    0x20000000   Section       20  stm32f10x_rcc.o(.data)
    APBAHBPrescTable                         0x20000000   Data          16  stm32f10x_rcc.o(.data)
    ADCPrescTable                            0x20000010   Data           4  stm32f10x_rcc.o(.data)
    .data                                    0x20000014   Section       12  main.o(.data)
    .data                                    0x20000020   Section       20  system_stm32f10x.o(.data)
    .data                                    0x20000034   Section        4  delay.o(.data)
    fac_us                                   0x20000034   Data           1  delay.o(.data)
    fac_ms                                   0x20000036   Data           2  delay.o(.data)
    .data                                    0x20000038   Section        6  usart.o(.data)
    .data                                    0x20000040   Section       60  tasks.o(.data)
    pxDelayedTaskList                        0x20000044   Data           4  tasks.o(.data)
    pxOverflowDelayedTaskList                0x20000048   Data           4  tasks.o(.data)
    uxDeletedTasksWaitingCleanUp             0x2000004c   Data           4  tasks.o(.data)
    uxCurrentNumberOfTasks                   0x20000050   Data           4  tasks.o(.data)
    xTickCount                               0x20000054   Data           4  tasks.o(.data)
    uxTopReadyPriority                       0x20000058   Data           4  tasks.o(.data)
    xSchedulerRunning                        0x2000005c   Data           4  tasks.o(.data)
    uxPendedTicks                            0x20000060   Data           4  tasks.o(.data)
    xYieldPending                            0x20000064   Data           4  tasks.o(.data)
    xNumOfOverflows                          0x20000068   Data           4  tasks.o(.data)
    uxTaskNumber                             0x2000006c   Data           4  tasks.o(.data)
    xNextTaskUnblockTime                     0x20000070   Data           4  tasks.o(.data)
    xIdleTaskHandle                          0x20000074   Data           4  tasks.o(.data)
    uxSchedulerSuspended                     0x20000078   Data           4  tasks.o(.data)
    .data                                    0x2000007c   Section       20  timers.o(.data)
    pxCurrentTimerList                       0x2000007c   Data           4  timers.o(.data)
    pxOverflowTimerList                      0x20000080   Data           4  timers.o(.data)
    xTimerQueue                              0x20000084   Data           4  timers.o(.data)
    xTimerTaskHandle                         0x20000088   Data           4  timers.o(.data)
    xLastTime                                0x2000008c   Data           4  timers.o(.data)
    .data                                    0x20000090   Section       24  heap_4.o(.data)
    xStart                                   0x20000090   Data           8  heap_4.o(.data)
    pxEnd                                    0x20000098   Data           4  heap_4.o(.data)
    xFreeBytesRemaining                      0x2000009c   Data           4  heap_4.o(.data)
    xMinimumEverFreeBytesRemaining           0x200000a0   Data           4  heap_4.o(.data)
    xBlockAllocatedBit                       0x200000a4   Data           4  heap_4.o(.data)
    .data                                    0x200000a8   Section       12  port.o(.data)
    uxCriticalNesting                        0x200000a8   Data           4  port.o(.data)
    ucMaxSysCallPriority                     0x200000ac   Data           1  port.o(.data)
    ulMaxPRIGROUPValue                       0x200000b0   Data           4  port.o(.data)
    .bss                                     0x200000b4   Section      200  usart.o(.bss)
    .bss                                     0x2000017c   Section       64  queue.o(.bss)
    .bss                                     0x200001bc   Section      740  tasks.o(.bss)
    pxReadyTasksLists                        0x200001bc   Data         640  tasks.o(.bss)
    xDelayedTaskList1                        0x2000043c   Data          20  tasks.o(.bss)
    xDelayedTaskList2                        0x20000450   Data          20  tasks.o(.bss)
    xPendingReadyList                        0x20000464   Data          20  tasks.o(.bss)
    xTasksWaitingTermination                 0x20000478   Data          20  tasks.o(.bss)
    xSuspendedTaskList                       0x2000048c   Data          20  tasks.o(.bss)
    .bss                                     0x200004a0   Section       40  timers.o(.bss)
    xActiveTimerList1                        0x200004a0   Data          20  timers.o(.bss)
    xActiveTimerList2                        0x200004b4   Data          20  timers.o(.bss)
    .bss                                     0x200004c8   Section    15360  heap_4.o(.bss)
    ucHeap                                   0x200004c8   Data       15360  heap_4.o(.bss)
    .bss                                     0x200040c8   Section       96  libspace.o(.bss)
    HEAP                                     0x20004128   Section      512  startup_stm32f10x_md.o(HEAP)
    Heap_Mem                                 0x20004128   Data         512  startup_stm32f10x_md.o(HEAP)
    STACK                                    0x20004328   Section     1024  startup_stm32f10x_md.o(STACK)
    Stack_Mem                                0x20004328   Data        1024  startup_stm32f10x_md.o(STACK)
    __initial_sp                             0x20004728   Data           0  startup_stm32f10x_md.o(STACK)

    Global Symbols

    Symbol Name                              Value     Ov Type        Size  Object(Section)

    BuildAttributes$$THM_ISAv4$P$D$K$B$S$PE$A:L22UL41UL21$X:L11$S22US41US21$IEEE1$IW$USESV6$~STKCKD$USESV7$~SHL$OSPACE$ROPI$EBA8$UX$STANDARDLIB$REQ8$PRES8$EABIv2 0x00000000   Number         0  anon$$obj.o ABSOLUTE
    __ARM_use_no_argv                        0x00000000   Number         0  main.o ABSOLUTE
    __ARM_exceptions_init                     - Undefined Weak Reference
    __alloca_initialize                       - Undefined Weak Reference
    __arm_preinit_                            - Undefined Weak Reference
    __cpp_initialize__aeabi_                  - Undefined Weak Reference
    __cxa_finalize                            - Undefined Weak Reference
    __rt_locale                               - Undefined Weak Reference
    __sigvec_lookup                           - Undefined Weak Reference
    _atexit_init                              - Undefined Weak Reference
    _call_atexit_fns                          - Undefined Weak Reference
    _clock_init                               - Undefined Weak Reference
    _fp_trap_init                             - Undefined Weak Reference
    _fp_trap_shutdown                         - Undefined Weak Reference
    _get_lc_collate                           - Undefined Weak Reference
    _get_lc_ctype                             - Undefined Weak Reference
    _get_lc_monetary                          - Undefined Weak Reference
    _get_lc_numeric                           - Undefined Weak Reference
    _get_lc_time                              - Undefined Weak Reference
    _getenv_init                              - Undefined Weak Reference
    _handle_redirection                       - Undefined Weak Reference
    _init_alloc                               - Undefined Weak Reference
    _init_user_alloc                          - Undefined Weak Reference
    _initio                                   - Undefined Weak Reference
    _mutex_acquire                            - Undefined Weak Reference
    _mutex_release                            - Undefined Weak Reference
    _printf_mbtowc                            - Undefined Weak Reference
    _printf_post_padding                      - Undefined Weak Reference
    _printf_pre_padding                       - Undefined Weak Reference
    _printf_truncate_signed                   - Undefined Weak Reference
    _printf_truncate_unsigned                 - Undefined Weak Reference
    _rand_init                                - Undefined Weak Reference
    _signal_finish                            - Undefined Weak Reference
    _signal_init                              - Undefined Weak Reference
    _terminate_alloc                          - Undefined Weak Reference
    _terminate_user_alloc                     - Undefined Weak Reference
    _terminateio                              - Undefined Weak Reference
    __Vectors_Size                           0x000000ec   Number         0  startup_stm32f10x_md.o ABSOLUTE
    __Vectors                                0x08000000   Data           4  startup_stm32f10x_md.o(RESET)
    __Vectors_End                            0x080000ec   Data           0  startup_stm32f10x_md.o(RESET)
    __main                                   0x080000ed   Thumb Code     8  __main.o(!!!main)
    __scatterload                            0x080000f5   Thumb Code     0  __scatter.o(!!!scatter)
    __scatterload_rt2                        0x080000f5   Thumb Code    44  __scatter.o(!!!scatter)
    __scatterload_rt2_thumb_only             0x080000f5   Thumb Code     0  __scatter.o(!!!scatter)
    __scatterload_null                       0x08000103   Thumb Code     0  __scatter.o(!!!scatter)
    __scatterload_copy                       0x08000129   Thumb Code    26  __scatter_copy.o(!!handler_copy)
    __scatterload_zeroinit                   0x08000145   Thumb Code    28  __scatter_zi.o(!!handler_zi)
    _printf_d                                0x08000161   Thumb Code     0  _printf_d.o(.ARM.Collect$$_printf_percent$$00000009)
    _printf_percent                          0x08000161   Thumb Code     0  _printf_percent.o(.ARM.Collect$$_printf_percent$$00000000)
    _printf_u                                0x08000167   Thumb Code     0  _printf_u.o(.ARM.Collect$$_printf_percent$$0000000A)
    _printf_c                                0x0800016d   Thumb Code     0  _printf_c.o(.ARM.Collect$$_printf_percent$$00000013)
    _printf_s                                0x08000173   Thumb Code     0  _printf_s.o(.ARM.Collect$$_printf_percent$$00000014)
    _printf_percent_end                      0x08000179   Thumb Code     0  _printf_percent_end.o(.ARM.Collect$$_printf_percent$$00000017)
    __rt_lib_init                            0x0800017d   Thumb Code     0  libinit.o(.ARM.Collect$$libinit$$00000000)
    __rt_lib_init_alloca_1                   0x0800017f   Thumb Code     0  libinit2.o(.ARM.Collect$$libinit$$0000002E)
    __rt_lib_init_argv_1                     0x0800017f   Thumb Code     0  libinit2.o(.ARM.Collect$$libinit$$0000002C)
    __rt_lib_init_atexit_1                   0x0800017f   Thumb Code     0  libinit2.o(.ARM.Collect$$libinit$$0000001B)
    __rt_lib_init_clock_1                    0x0800017f   Thumb Code     0  libinit2.o(.ARM.Collect$$libinit$$00000021)
    __rt_lib_init_cpp_1                      0x0800017f   Thumb Code     0  libinit2.o(.ARM.Collect$$libinit$$00000032)
    __rt_lib_init_exceptions_1               0x0800017f   Thumb Code     0  libinit2.o(.ARM.Collect$$libinit$$00000030)
    __rt_lib_init_fp_1                       0x0800017f   Thumb Code     0  libinit2.o(.ARM.Collect$$libinit$$00000002)
    __rt_lib_init_fp_trap_1                  0x0800017f   Thumb Code     0  libinit2.o(.ARM.Collect$$libinit$$0000001F)
    __rt_lib_init_getenv_1                   0x0800017f   Thumb Code     0  libinit2.o(.ARM.Collect$$libinit$$00000023)
    __rt_lib_init_heap_1                     0x0800017f   Thumb Code     0  libinit2.o(.ARM.Collect$$libinit$$0000000A)
    __rt_lib_init_lc_collate_1               0x0800017f   Thumb Code     0  libinit2.o(.ARM.Collect$$libinit$$00000011)
    __rt_lib_init_lc_ctype_1                 0x0800017f   Thumb Code     0  libinit2.o(.ARM.Collect$$libinit$$00000013)
    __rt_lib_init_lc_monetary_1              0x0800017f   Thumb Code     0  libinit2.o(.ARM.Collect$$libinit$$00000015)
    __rt_lib_init_lc_numeric_1               0x0800017f   Thumb Code     0  libinit2.o(.ARM.Collect$$libinit$$00000017)
    __rt_lib_init_lc_time_1                  0x0800017f   Thumb Code     0  libinit2.o(.ARM.Collect$$libinit$$00000019)
    __rt_lib_init_preinit_1                  0x0800017f   Thumb Code     0  libinit2.o(.ARM.Collect$$libinit$$00000004)
    __rt_lib_init_rand_1                     0x0800017f   Thumb Code     0  libinit2.o(.ARM.Collect$$libinit$$0000000E)
    __rt_lib_init_return                     0x0800017f   Thumb Code     0  libinit2.o(.ARM.Collect$$libinit$$00000033)
    __rt_lib_init_signal_1                   0x0800017f   Thumb Code     0  libinit2.o(.ARM.Collect$$libinit$$0000001D)
    __rt_lib_init_stdio_1                    0x0800017f   Thumb Code     0  libinit2.o(.ARM.Collect$$libinit$$00000025)
    __rt_lib_init_user_alloc_1               0x0800017f   Thumb Code     0  libinit2.o(.ARM.Collect$$libinit$$0000000C)
    __rt_lib_shutdown                        0x08000181   Thumb Code     0  libshutdown.o(.ARM.Collect$$libshutdown$$00000000)
    __rt_lib_shutdown_cpp_1                  0x08000183   Thumb Code     0  libshutdown2.o(.ARM.Collect$$libshutdown$$00000002)
    __rt_lib_shutdown_fp_trap_1              0x08000183   Thumb Code     0  libshutdown2.o(.ARM.Collect$$libshutdown$$00000007)
    __rt_lib_shutdown_heap_1                 0x08000183   Thumb Code     0  libshutdown2.o(.ARM.Collect$$libshutdown$$0000000F)
    __rt_lib_shutdown_return                 0x08000183   Thumb Code     0  libshutdown2.o(.ARM.Collect$$libshutdown$$00000010)
    __rt_lib_shutdown_signal_1               0x08000183   Thumb Code     0  libshutdown2.o(.ARM.Collect$$libshutdown$$0000000A)
    __rt_lib_shutdown_stdio_1                0x08000183   Thumb Code     0  libshutdown2.o(.ARM.Collect$$libshutdown$$00000004)
    __rt_lib_shutdown_user_alloc_1           0x08000183   Thumb Code     0  libshutdown2.o(.ARM.Collect$$libshutdown$$0000000C)
    __rt_entry                               0x08000185   Thumb Code     0  __rtentry.o(.ARM.Collect$$rtentry$$00000000)
    __rt_entry_presh_1                       0x08000185   Thumb Code     0  __rtentry2.o(.ARM.Collect$$rtentry$$00000002)
    __rt_entry_sh                            0x08000185   Thumb Code     0  __rtentry4.o(.ARM.Collect$$rtentry$$00000004)
    __rt_entry_li                            0x0800018b   Thumb Code     0  __rtentry2.o(.ARM.Collect$$rtentry$$0000000A)
    __rt_entry_postsh_1                      0x0800018b   Thumb Code     0  __rtentry2.o(.ARM.Collect$$rtentry$$00000009)
    __rt_entry_main                          0x0800018f   Thumb Code     0  __rtentry2.o(.ARM.Collect$$rtentry$$0000000D)
    __rt_entry_postli_1                      0x0800018f   Thumb Code     0  __rtentry2.o(.ARM.Collect$$rtentry$$0000000C)
    __rt_exit                                0x08000197   Thumb Code     0  rtexit.o(.ARM.Collect$$rtexit$$00000000)
    __rt_exit_ls                             0x08000199   Thumb Code     0  rtexit2.o(.ARM.Collect$$rtexit$$00000003)
    __rt_exit_prels_1                        0x08000199   Thumb Code     0  rtexit2.o(.ARM.Collect$$rtexit$$00000002)
    __rt_exit_exit                           0x0800019d   Thumb Code     0  rtexit2.o(.ARM.Collect$$rtexit$$00000004)
    SVC_Handler                              0x080001a5   Thumb Code    32  port.o(.emb_text)
    __asm___6_port_c_39a90d8d__prvStartFirstTask 0x080001c9   Thumb Code    28  port.o(.emb_text)
    PendSV_Handler                           0x080001e9   Thumb Code    72  port.o(.emb_text)
    vPortGetIPSR                             0x08000235   Thumb Code     6  port.o(.emb_text)
    Reset_Handler                            0x0800023d   Thumb Code     8  startup_stm32f10x_md.o(.text)
    ADC1_2_IRQHandler                        0x08000257   Thumb Code     0  startup_stm32f10x_md.o(.text)
    CAN1_RX1_IRQHandler                      0x08000257   Thumb Code     0  startup_stm32f10x_md.o(.text)
    CAN1_SCE_IRQHandler                      0x08000257   Thumb Code     0  startup_stm32f10x_md.o(.text)
    DMA1_Channel1_IRQHandler                 0x08000257   Thumb Code     0  startup_stm32f10x_md.o(.text)
    DMA1_Channel2_IRQHandler                 0x08000257   Thumb Code     0  startup_stm32f10x_md.o(.text)
    DMA1_Channel3_IRQHandler                 0x08000257   Thumb Code     0  startup_stm32f10x_md.o(.text)
    DMA1_Channel4_IRQHandler                 0x08000257   Thumb Code     0  startup_stm32f10x_md.o(.text)
    DMA1_Channel5_IRQHandler                 0x08000257   Thumb Code     0  startup_stm32f10x_md.o(.text)
    DMA1_Channel6_IRQHandler                 0x08000257   Thumb Code     0  startup_stm32f10x_md.o(.text)
    DMA1_Channel7_IRQHandler                 0x08000257   Thumb Code     0  startup_stm32f10x_md.o(.text)
    EXTI0_IRQHandler                         0x08000257   Thumb Code     0  startup_stm32f10x_md.o(.text)
    EXTI15_10_IRQHandler                     0x08000257   Thumb Code     0  startup_stm32f10x_md.o(.text)
    EXTI1_IRQHandler                         0x08000257   Thumb Code     0  startup_stm32f10x_md.o(.text)
    EXTI2_IRQHandler                         0x08000257   Thumb Code     0  startup_stm32f10x_md.o(.text)
    EXTI3_IRQHandler                         0x08000257   Thumb Code     0  startup_stm32f10x_md.o(.text)
    EXTI4_IRQHandler                         0x08000257   Thumb Code     0  startup_stm32f10x_md.o(.text)
    EXTI9_5_IRQHandler                       0x08000257   Thumb Code     0  startup_stm32f10x_md.o(.text)
    FLASH_IRQHandler                         0x08000257   Thumb Code     0  startup_stm32f10x_md.o(.text)
    I2C1_ER_IRQHandler                       0x08000257   Thumb Code     0  startup_stm32f10x_md.o(.text)
    I2C1_EV_IRQHandler                       0x08000257   Thumb Code     0  startup_stm32f10x_md.o(.text)
    I2C2_ER_IRQHandler                       0x08000257   Thumb Code     0  startup_stm32f10x_md.o(.text)
    I2C2_EV_IRQHandler                       0x08000257   Thumb Code     0  startup_stm32f10x_md.o(.text)
    PVD_IRQHandler                           0x08000257   Thumb Code     0  startup_stm32f10x_md.o(.text)
    RCC_IRQHandler                           0x08000257   Thumb Code     0  startup_stm32f10x_md.o(.text)
    RTCAlarm_IRQHandler                      0x08000257   Thumb Code     0  startup_stm32f10x_md.o(.text)
    RTC_IRQHandler                           0x08000257   Thumb Code     0  startup_stm32f10x_md.o(.text)
    SPI1_IRQHandler                          0x08000257   Thumb Code     0  startup_stm32f10x_md.o(.text)
    SPI2_IRQHandler                          0x08000257   Thumb Code     0  startup_stm32f10x_md.o(.text)
    TAMPER_IRQHandler                        0x08000257   Thumb Code     0  startup_stm32f10x_md.o(.text)
    TIM1_BRK_IRQHandler                      0x08000257   Thumb Code     0  startup_stm32f10x_md.o(.text)
    TIM1_CC_IRQHandler                       0x08000257   Thumb Code     0  startup_stm32f10x_md.o(.text)
    TIM1_TRG_COM_IRQHandler                  0x08000257   Thumb Code     0  startup_stm32f10x_md.o(.text)
    TIM1_UP_IRQHandler                       0x08000257   Thumb Code     0  startup_stm32f10x_md.o(.text)
    TIM2_IRQHandler                          0x08000257   Thumb Code     0  startup_stm32f10x_md.o(.text)
    TIM3_IRQHandler                          0x08000257   Thumb Code     0  startup_stm32f10x_md.o(.text)
    TIM4_IRQHandler                          0x08000257   Thumb Code     0  startup_stm32f10x_md.o(.text)
    USART2_IRQHandler                        0x08000257   Thumb Code     0  startup_stm32f10x_md.o(.text)
    USART3_IRQHandler                        0x08000257   Thumb Code     0  startup_stm32f10x_md.o(.text)
    USBWakeUp_IRQHandler                     0x08000257   Thumb Code     0  startup_stm32f10x_md.o(.text)
    USB_HP_CAN1_TX_IRQHandler                0x08000257   Thumb Code     0  startup_stm32f10x_md.o(.text)
    USB_LP_CAN1_RX0_IRQHandler               0x08000257   Thumb Code     0  startup_stm32f10x_md.o(.text)
    WWDG_IRQHandler                          0x08000257   Thumb Code     0  startup_stm32f10x_md.o(.text)
    __user_initial_stackheap                 0x08000259   Thumb Code     0  startup_stm32f10x_md.o(.text)
    NVIC_PriorityGroupConfig                 0x0800027d   Thumb Code    10  misc.o(.text)
    NVIC_Init                                0x08000287   Thumb Code   100  misc.o(.text)
    NVIC_SetVectorTable                      0x080002eb   Thumb Code    14  misc.o(.text)
    NVIC_SystemLPConfig                      0x080002f9   Thumb Code    34  misc.o(.text)
    SysTick_CLKSourceConfig                  0x0800031b   Thumb Code    40  misc.o(.text)
    GPIO_DeInit                              0x08000359   Thumb Code   172  stm32f10x_gpio.o(.text)
    GPIO_AFIODeInit                          0x08000405   Thumb Code    20  stm32f10x_gpio.o(.text)
    GPIO_Init                                0x08000419   Thumb Code   278  stm32f10x_gpio.o(.text)
    GPIO_StructInit                          0x0800052f   Thumb Code    16  stm32f10x_gpio.o(.text)
    GPIO_ReadInputDataBit                    0x0800053f   Thumb Code    18  stm32f10x_gpio.o(.text)
    GPIO_ReadInputData                       0x08000551   Thumb Code     8  stm32f10x_gpio.o(.text)
    GPIO_ReadOutputDataBit                   0x08000559   Thumb Code    18  stm32f10x_gpio.o(.text)
    GPIO_ReadOutputData                      0x0800056b   Thumb Code     8  stm32f10x_gpio.o(.text)
    GPIO_SetBits                             0x08000573   Thumb Code     4  stm32f10x_gpio.o(.text)
    GPIO_ResetBits                           0x08000577   Thumb Code     4  stm32f10x_gpio.o(.text)
    GPIO_WriteBit                            0x0800057b   Thumb Code    10  stm32f10x_gpio.o(.text)
    GPIO_Write                               0x08000585   Thumb Code     4  stm32f10x_gpio.o(.text)
    GPIO_PinLockConfig                       0x08000589   Thumb Code    18  stm32f10x_gpio.o(.text)
    GPIO_EventOutputConfig                   0x0800059b   Thumb Code    26  stm32f10x_gpio.o(.text)
    GPIO_EventOutputCmd                      0x080005b5   Thumb Code     6  stm32f10x_gpio.o(.text)
    GPIO_PinRemapConfig                      0x080005bb   Thumb Code   138  stm32f10x_gpio.o(.text)
    GPIO_EXTILineConfig                      0x08000645   Thumb Code    66  stm32f10x_gpio.o(.text)
    GPIO_ETH_MediaInterfaceConfig            0x08000687   Thumb Code     8  stm32f10x_gpio.o(.text)
    RCC_DeInit                               0x080006b5   Thumb Code    64  stm32f10x_rcc.o(.text)
    RCC_HSEConfig                            0x080006f5   Thumb Code    70  stm32f10x_rcc.o(.text)
    RCC_GetFlagStatus                        0x0800073b   Thumb Code    56  stm32f10x_rcc.o(.text)
    RCC_WaitForHSEStartUp                    0x08000773   Thumb Code    56  stm32f10x_rcc.o(.text)
    RCC_AdjustHSICalibrationValue            0x080007ab   Thumb Code    20  stm32f10x_rcc.o(.text)
    RCC_HSICmd                               0x080007bf   Thumb Code     6  stm32f10x_rcc.o(.text)
    RCC_PLLConfig                            0x080007c5   Thumb Code    24  stm32f10x_rcc.o(.text)
    RCC_PLLCmd                               0x080007dd   Thumb Code     6  stm32f10x_rcc.o(.text)
    RCC_SYSCLKConfig                         0x080007e3   Thumb Code    18  stm32f10x_rcc.o(.text)
    RCC_GetSYSCLKSource                      0x080007f5   Thumb Code    10  stm32f10x_rcc.o(.text)
    RCC_HCLKConfig                           0x080007ff   Thumb Code    18  stm32f10x_rcc.o(.text)
    RCC_PCLK1Config                          0x08000811   Thumb Code    18  stm32f10x_rcc.o(.text)
    RCC_PCLK2Config                          0x08000823   Thumb Code    20  stm32f10x_rcc.o(.text)
    RCC_ITConfig                             0x08000837   Thumb Code    26  stm32f10x_rcc.o(.text)
    RCC_USBCLKConfig                         0x08000851   Thumb Code     8  stm32f10x_rcc.o(.text)
    RCC_ADCCLKConfig                         0x08000859   Thumb Code    18  stm32f10x_rcc.o(.text)
    RCC_LSEConfig                            0x0800086b   Thumb Code    50  stm32f10x_rcc.o(.text)
    RCC_LSICmd                               0x0800089d   Thumb Code     6  stm32f10x_rcc.o(.text)
    RCC_RTCCLKConfig                         0x080008a3   Thumb Code    12  stm32f10x_rcc.o(.text)
    RCC_RTCCLKCmd                            0x080008af   Thumb Code     8  stm32f10x_rcc.o(.text)
    RCC_GetClocksFreq                        0x080008b7   Thumb Code   192  stm32f10x_rcc.o(.text)
    RCC_AHBPeriphClockCmd                    0x08000977   Thumb Code    26  stm32f10x_rcc.o(.text)
    RCC_APB2PeriphClockCmd                   0x08000991   Thumb Code    26  stm32f10x_rcc.o(.text)
    RCC_APB1PeriphClockCmd                   0x080009ab   Thumb Code    26  stm32f10x_rcc.o(.text)
    RCC_APB2PeriphResetCmd                   0x080009c5   Thumb Code    26  stm32f10x_rcc.o(.text)
    RCC_APB1PeriphResetCmd                   0x080009df   Thumb Code    26  stm32f10x_rcc.o(.text)
    RCC_BackupResetCmd                       0x080009f9   Thumb Code     8  stm32f10x_rcc.o(.text)
    RCC_ClockSecuritySystemCmd               0x08000a01   Thumb Code     6  stm32f10x_rcc.o(.text)
    RCC_MCOConfig                            0x08000a07   Thumb Code     6  stm32f10x_rcc.o(.text)
    RCC_ClearFlag                            0x08000a0d   Thumb Code    14  stm32f10x_rcc.o(.text)
    RCC_GetITStatus                          0x08000a1b   Thumb Code    20  stm32f10x_rcc.o(.text)
    RCC_ClearITPendingBit                    0x08000a2f   Thumb Code     6  stm32f10x_rcc.o(.text)
    USART_DeInit                             0x08000a59   Thumb Code   134  stm32f10x_usart.o(.text)
    USART_Init                               0x08000adf   Thumb Code   210  stm32f10x_usart.o(.text)
    USART_StructInit                         0x08000bb1   Thumb Code    24  stm32f10x_usart.o(.text)
    USART_ClockInit                          0x08000bc9   Thumb Code    34  stm32f10x_usart.o(.text)
    USART_ClockStructInit                    0x08000beb   Thumb Code    12  stm32f10x_usart.o(.text)
    USART_Cmd                                0x08000bf7   Thumb Code    24  stm32f10x_usart.o(.text)
    USART_ITConfig                           0x08000c0f   Thumb Code    74  stm32f10x_usart.o(.text)
    USART_DMACmd                             0x08000c59   Thumb Code    18  stm32f10x_usart.o(.text)
    USART_SetAddress                         0x08000c6b   Thumb Code    18  stm32f10x_usart.o(.text)
    USART_WakeUpConfig                       0x08000c7d   Thumb Code    18  stm32f10x_usart.o(.text)
    USART_ReceiverWakeUpCmd                  0x08000c8f   Thumb Code    24  stm32f10x_usart.o(.text)
    USART_LINBreakDetectLengthConfig         0x08000ca7   Thumb Code    18  stm32f10x_usart.o(.text)
    USART_LINCmd                             0x08000cb9   Thumb Code    24  stm32f10x_usart.o(.text)
    USART_SendData                           0x08000cd1   Thumb Code     8  stm32f10x_usart.o(.text)
    USART_ReceiveData                        0x08000cd9   Thumb Code    10  stm32f10x_usart.o(.text)
    USART_SendBreak                          0x08000ce3   Thumb Code    10  stm32f10x_usart.o(.text)
    USART_SetGuardTime                       0x08000ced   Thumb Code    16  stm32f10x_usart.o(.text)
    USART_SetPrescaler                       0x08000cfd   Thumb Code    16  stm32f10x_usart.o(.text)
    USART_SmartCardCmd                       0x08000d0d   Thumb Code    24  stm32f10x_usart.o(.text)
    USART_SmartCardNACKCmd                   0x08000d25   Thumb Code    24  stm32f10x_usart.o(.text)
    USART_HalfDuplexCmd                      0x08000d3d   Thumb Code    24  stm32f10x_usart.o(.text)
    USART_OverSampling8Cmd                   0x08000d55   Thumb Code    22  stm32f10x_usart.o(.text)
    USART_OneBitMethodCmd                    0x08000d6b   Thumb Code    24  stm32f10x_usart.o(.text)
    USART_IrDAConfig                         0x08000d83   Thumb Code    18  stm32f10x_usart.o(.text)
    USART_IrDACmd                            0x08000d95   Thumb Code    24  stm32f10x_usart.o(.text)
    USART_GetFlagStatus                      0x08000dad   Thumb Code    26  stm32f10x_usart.o(.text)
    USART_ClearFlag                          0x08000dc7   Thumb Code    18  stm32f10x_usart.o(.text)
    USART_GetITStatus                        0x08000dd9   Thumb Code    84  stm32f10x_usart.o(.text)
    USART_ClearITPendingBit                  0x08000e2d   Thumb Code    52  stm32f10x_usart.o(.text)
    LED_Init                                 0x08000e61   Thumb Code    72  led.o(.text)
    led1_task                                0x08000ead   Thumb Code    32  main.o(.text)
    led0_task                                0x08000ecd   Thumb Code    26  main.o(.text)
    start_task                               0x08000ee7   Thumb Code    66  main.o(.text)
    main                                     0x08000f29   Thumb Code    48  main.o(.text)
    NMI_Handler                              0x08000f91   Thumb Code     2  stm32f10x_it.o(.text)
    HardFault_Handler                        0x08000f93   Thumb Code     4  stm32f10x_it.o(.text)
    MemManage_Handler                        0x08000f97   Thumb Code     4  stm32f10x_it.o(.text)
    BusFault_Handler                         0x08000f9b   Thumb Code     4  stm32f10x_it.o(.text)
    UsageFault_Handler                       0x08000f9f   Thumb Code     4  stm32f10x_it.o(.text)
    DebugMon_Handler                         0x08000fa3   Thumb Code     2  stm32f10x_it.o(.text)
    SystemInit                               0x08001083   Thumb Code    78  system_stm32f10x.o(.text)
    SystemCoreClockUpdate                    0x080010d1   Thumb Code   142  system_stm32f10x.o(.text)
    SysTick_Handler                          0x08001185   Thumb Code    16  delay.o(.text)
    delay_init                               0x08001195   Thumb Code    74  delay.o(.text)
    delay_us                                 0x080011df   Thumb Code    68  delay.o(.text)
    delay_ms                                 0x08001223   Thumb Code    60  delay.o(.text)
    delay_xms                                0x0800125f   Thumb Code    24  delay.o(.text)
    _sys_exit                                0x08001289   Thumb Code     4  usart.o(.text)
    fputc                                    0x0800128d   Thumb Code    24  usart.o(.text)
    uart_init                                0x080012a5   Thumb Code   152  usart.o(.text)
    USART1_IRQHandler                        0x0800133d   Thumb Code   122  usart.o(.text)
    vListInitialise                          0x080013c9   Thumb Code    26  list.o(.text)
    vListInitialiseItem                      0x080013e3   Thumb Code     6  list.o(.text)
    vListInsertEnd                           0x080013e9   Thumb Code    24  list.o(.text)
    vListInsert                              0x08001401   Thumb Code    52  list.o(.text)
    uxListRemove                             0x08001435   Thumb Code    40  list.o(.text)
    xQueueGenericReset                       0x0800145d   Thumb Code   136  queue.o(.text)
    xQueueGenericCreate                      0x08001513   Thumb Code    78  queue.o(.text)
    xQueueGenericSend                        0x08001709   Thumb Code   456  queue.o(.text)
    xQueueCreateMutex                        0x080018ed   Thumb Code    34  queue.o(.text)
    xQueueGiveMutexRecursive                 0x0800190f   Thumb Code    66  queue.o(.text)
    xQueueGenericReceive                     0x08001995   Thumb Code   428  queue.o(.text)
    xQueueTakeMutexRecursive                 0x08001b41   Thumb Code    76  queue.o(.text)
    xQueueCreateCountingSemaphore            0x08001b8d   Thumb Code    80  queue.o(.text)
    xQueueGenericSendFromISR                 0x08001bdd   Thumb Code   252  queue.o(.text)
    xQueueGiveFromISR                        0x08001cd9   Thumb Code   228  queue.o(.text)
    xQueueReceiveFromISR                     0x08001dbd   Thumb Code   190  queue.o(.text)
    xQueuePeekFromISR                        0x08001e7b   Thumb Code   158  queue.o(.text)
    uxQueueMessagesWaiting                   0x08001f19   Thumb Code    36  queue.o(.text)
    uxQueueSpacesAvailable                   0x08001f3d   Thumb Code    42  queue.o(.text)
    uxQueueMessagesWaitingFromISR            0x08001f67   Thumb Code    28  queue.o(.text)
    vQueueUnregisterQueue                    0x08001f83   Thumb Code    44  queue.o(.text)
    vQueueDelete                             0x08001faf   Thumb Code    38  queue.o(.text)
    uxQueueGetQueueNumber                    0x08001fd5   Thumb Code     6  queue.o(.text)
    vQueueSetQueueNumber                     0x08001fdb   Thumb Code     4  queue.o(.text)
    ucQueueGetQueueType                      0x08001fdf   Thumb Code     8  queue.o(.text)
    xQueueIsQueueEmptyFromISR                0x08001fe7   Thumb Code    36  queue.o(.text)
    xQueueIsQueueFullFromISR                 0x0800200b   Thumb Code    40  queue.o(.text)
    vQueueAddToRegistry                      0x08002033   Thumb Code    38  queue.o(.text)
    pcQueueGetName                           0x08002059   Thumb Code    38  queue.o(.text)
    vQueueWaitForMessageRestricted           0x0800207f   Thumb Code    74  queue.o(.text)
    xQueueCreateSet                          0x080020c9   Thumb Code    20  queue.o(.text)
    xQueueAddToSet                           0x080020dd   Thumb Code    38  queue.o(.text)
    xQueueRemoveFromSet                      0x08002103   Thumb Code    48  queue.o(.text)
    xQueueSelectFromSet                      0x08002133   Thumb Code    26  queue.o(.text)
    xQueueSelectFromSetFromISR               0x0800214d   Thumb Code    22  queue.o(.text)
    xTaskCreate                              0x080022f5   Thumb Code    96  tasks.o(.text)
    vTaskDelete                              0x08002391   Thumb Code   192  tasks.o(.text)
    xTaskIncrementTick                       0x08002451   Thumb Code   392  tasks.o(.text)
    xTaskResumeAll                           0x080025d9   Thumb Code   218  tasks.o(.text)
    vTaskSuspendAll                          0x0800272f   Thumb Code    12  tasks.o(.text)
    vTaskDelayUntil                          0x0800273b   Thumb Code   182  tasks.o(.text)
    vTaskDelay                               0x080027f1   Thumb Code    76  tasks.o(.text)
    eTaskGetState                            0x0800283d   Thumb Code   106  tasks.o(.text)
    uxTaskPriorityGet                        0x080028a7   Thumb Code    30  tasks.o(.text)
    uxTaskPriorityGetFromISR                 0x080028c5   Thumb Code    62  tasks.o(.text)
    vTaskPrioritySet                         0x08002903   Thumb Code   320  tasks.o(.text)
    vTaskSwitchContext                       0x08002a43   Thumb Code   114  tasks.o(.text)
    vTaskSuspend                             0x08002ab5   Thumb Code   190  tasks.o(.text)
    vTaskResume                              0x08002bbf   Thumb Code   122  tasks.o(.text)
    xTaskResumeFromISR                       0x08002c39   Thumb Code   152  tasks.o(.text)
    vTaskStartScheduler                      0x08002d47   Thumb Code   112  tasks.o(.text)
    vTaskEndScheduler                        0x08002db7   Thumb Code    32  tasks.o(.text)
    xTaskGetTickCount                        0x08002dd7   Thumb Code     6  tasks.o(.text)
    xTaskGetTickCountFromISR                 0x08002ddd   Thumb Code    16  tasks.o(.text)
    uxTaskGetNumberOfTasks                   0x08002ded   Thumb Code     6  tasks.o(.text)
    pcTaskGetName                            0x08002df3   Thumb Code   114  tasks.o(.text)
    vTaskGetInfo                             0x08002e7b   Thumb Code   114  tasks.o(.text)
    uxTaskGetSystemState                     0x08002f57   Thumb Code   152  tasks.o(.text)
    vTaskPlaceOnEventList                    0x08002fef   Thumb Code    46  tasks.o(.text)
    vTaskPlaceOnUnorderedEventList           0x0800301d   Thumb Code    88  tasks.o(.text)
    vTaskPlaceOnEventListRestricted          0x08003075   Thumb Code    54  tasks.o(.text)
    xTaskRemoveFromEventList                 0x080030ab   Thumb Code   122  tasks.o(.text)
    xTaskRemoveFromUnorderedEventList        0x08003125   Thumb Code   142  tasks.o(.text)
    vTaskSetTimeOutState                     0x080031b3   Thumb Code    36  tasks.o(.text)
    xTaskCheckForTimeOut                     0x080031d7   Thumb Code   124  tasks.o(.text)
    vTaskMissedYield                         0x08003253   Thumb Code     8  tasks.o(.text)
    uxTaskGetTaskNumber                      0x0800325b   Thumb Code    66  tasks.o(.text)
    vTaskSetTaskNumber                       0x0800329d   Thumb Code     8  tasks.o(.text)
    xTaskGetCurrentTaskHandle                0x080032a5   Thumb Code     6  tasks.o(.text)
    xTaskGetSchedulerState                   0x080032ab   Thumb Code    24  tasks.o(.text)
    vTaskPriorityInherit                     0x080032c3   Thumb Code   164  tasks.o(.text)
    xTaskPriorityDisinherit                  0x08003367   Thumb Code   176  tasks.o(.text)
    vTaskList                                0x08003441   Thumb Code   204  tasks.o(.text)
    uxTaskResetEventItemValue                0x0800350d   Thumb Code    24  tasks.o(.text)
    pvTaskIncrementMutexHeldCount            0x08003525   Thumb Code    26  tasks.o(.text)
    ulTaskNotifyTake                         0x0800353f   Thumb Code   108  tasks.o(.text)
    xTaskNotifyWait                          0x080035ab   Thumb Code   150  tasks.o(.text)
    xTaskGenericNotify                       0x08003641   Thumb Code   276  tasks.o(.text)
    xTaskGenericNotifyFromISR                0x08003755   Thumb Code   282  tasks.o(.text)
    vTaskNotifyGiveFromISR                   0x0800386f   Thumb Code   200  tasks.o(.text)
    xTaskNotifyStateClear                    0x08003937   Thumb Code    48  tasks.o(.text)
    xTimerGenericCommand                     0x080039d9   Thumb Code   118  timers.o(.text)
    xTimerCreateTimerTask                    0x08003d41   Thumb Code    56  timers.o(.text)
    xTimerCreate                             0x08003e1b   Thumb Code    48  timers.o(.text)
    xTimerGetTimerDaemonTaskHandle           0x08003e4b   Thumb Code    38  timers.o(.text)
    xTimerGetPeriod                          0x08003e71   Thumb Code    28  timers.o(.text)
    xTimerGetExpiryTime                      0x08003e8d   Thumb Code    30  timers.o(.text)
    pcTimerGetName                           0x08003eab   Thumb Code    28  timers.o(.text)
    xTimerIsTimerActive                      0x08003ec7   Thumb Code    50  timers.o(.text)
    pvTimerGetTimerID                        0x08003ef9   Thumb Code    38  timers.o(.text)
    vTimerSetTimerID                         0x08003f1f   Thumb Code    38  timers.o(.text)
    xTimerPendFunctionCallFromISR            0x08003f45   Thumb Code    48  timers.o(.text)
    xTimerPendFunctionCall                   0x08003f75   Thumb Code    70  timers.o(.text)
    pvPortMalloc                             0x08004087   Thumb Code   262  heap_4.o(.text)
    vPortFree                                0x0800418d   Thumb Code   120  heap_4.o(.text)
    xPortGetFreeHeapSize                     0x08004205   Thumb Code     6  heap_4.o(.text)
    xPortGetMinimumEverFreeHeapSize          0x0800420b   Thumb Code     6  heap_4.o(.text)
    vPortInitialiseBlocks                    0x08004211   Thumb Code     2  heap_4.o(.text)
    pxPortInitialiseStack                    0x08004291   Thumb Code    30  port.o(.text)
    vPortSetupTimerInterrupt                 0x080042af   Thumb Code    26  port.o(.text)
    xPortStartScheduler                      0x080042c9   Thumb Code   140  port.o(.text)
    vPortEndScheduler                        0x08004355   Thumb Code    34  port.o(.text)
    vPortEnterCritical                       0x08004377   Thumb Code    70  port.o(.text)
    vPortExitCritical                        0x080043bd   Thumb Code    48  port.o(.text)
    xPortSysTickHandler                      0x080043ed   Thumb Code    48  port.o(.text)
    vPortValidateInterruptPriority           0x0800441d   Thumb Code    88  port.o(.text)
    __use_no_semihosting                     0x080044c9   Thumb Code     2  use_no_semi_2.o(.text)
    __2printf                                0x080044cd   Thumb Code    20  noretval__2printf.o(.text)
    __2sprintf                               0x080044e5   Thumb Code    34  noretval__2sprintf.o(.text)
    __printf                                 0x0800450d   Thumb Code   104  __printf.o(.text)
    _printf_str                              0x08004575   Thumb Code    82  _printf_str.o(.text)
    _printf_int_dec                          0x080045c9   Thumb Code   104  _printf_dec.o(.text)
    strcpy                                   0x08004641   Thumb Code    72  strcpy.o(.text)
    strlen                                   0x08004689   Thumb Code    62  strlen.o(.text)
    __aeabi_memcpy                           0x080046c7   Thumb Code     0  rt_memcpy_v6.o(.text)
    __rt_memcpy                              0x080046c7   Thumb Code   138  rt_memcpy_v6.o(.text)
    _memcpy_lastbytes                        0x0800472d   Thumb Code     0  rt_memcpy_v6.o(.text)
    __aeabi_memset                           0x08004751   Thumb Code    16  aeabi_memset.o(.text)
    __use_two_region_memory                  0x08004761   Thumb Code     2  heapauxi.o(.text)
    __rt_heap_escrow$2region                 0x08004763   Thumb Code     2  heapauxi.o(.text)
    __rt_heap_expand$2region                 0x08004765   Thumb Code     2  heapauxi.o(.text)
    __I$use$semihosting                      0x08004767   Thumb Code     0  use_no_semi.o(.text)
    __use_no_semihosting_swi                 0x08004767   Thumb Code     2  use_no_semi.o(.text)
    _printf_int_common                       0x08004769   Thumb Code   178  _printf_intcommon.o(.text)
    _printf_char_common                      0x08004827   Thumb Code    32  _printf_char_common.o(.text)
    _sputc                                   0x0800484d   Thumb Code    10  _sputc.o(.text)
    _printf_cs_common                        0x08004857   Thumb Code    20  _printf_char.o(.text)
    _printf_char                             0x0800486b   Thumb Code    16  _printf_char.o(.text)
    _printf_string                           0x0800487b   Thumb Code     8  _printf_char.o(.text)
    _printf_char_file                        0x08004885   Thumb Code    32  _printf_char_file.o(.text)
    __aeabi_memcpy4                          0x080048a9   Thumb Code     0  rt_memcpy_w.o(.text)
    __aeabi_memcpy8                          0x080048a9   Thumb Code     0  rt_memcpy_w.o(.text)
    __rt_memcpy_w                            0x080048a9   Thumb Code   100  rt_memcpy_w.o(.text)
    _memcpy_lastbytes_aligned                0x080048f1   Thumb Code     0  rt_memcpy_w.o(.text)
    __aeabi_memclr                           0x0800490d   Thumb Code     0  rt_memclr.o(.text)
    __rt_memclr                              0x0800490d   Thumb Code    68  rt_memclr.o(.text)
    _memset                                  0x08004911   Thumb Code     0  rt_memclr.o(.text)
    ferror                                   0x08004951   Thumb Code     8  ferror.o(.text)
    __aeabi_memclr4                          0x08004959   Thumb Code     0  rt_memclr_w.o(.text)
    __aeabi_memclr8                          0x08004959   Thumb Code     0  rt_memclr_w.o(.text)
    __rt_memclr_w                            0x08004959   Thumb Code    78  rt_memclr_w.o(.text)
    _memset_w                                0x0800495d   Thumb Code     0  rt_memclr_w.o(.text)
    __user_setup_stackheap                   0x080049a7   Thumb Code    74  sys_stackheap_outer.o(.text)
    exit                                     0x080049f1   Thumb Code    18  exit.o(.text)
    __user_libspace                          0x08004a05   Thumb Code     8  libspace.o(.text)
    __user_perproc_libspace                  0x08004a05   Thumb Code     0  libspace.o(.text)
    __user_perthread_libspace                0x08004a05   Thumb Code     0  libspace.o(.text)
    Region$$Table$$Base                      0x08004a0c   Number         0  anon$$obj.o(Region$$Table)
    Region$$Table$$Limit                     0x08004a2c   Number         0  anon$$obj.o(Region$$Table)
    StartTask_Handler                        0x20000014   Data           4  main.o(.data)
    LED0Task_Handler                         0x20000018   Data           4  main.o(.data)
    LED1Task_Handler                         0x2000001c   Data           4  main.o(.data)
    SystemCoreClock                          0x20000020   Data           4  system_stm32f10x.o(.data)
    AHBPrescTable                            0x20000024   Data          16  system_stm32f10x.o(.data)
    __stdout                                 0x20000038   Data           4  usart.o(.data)
    USART_RX_STA                             0x2000003c   Data           2  usart.o(.data)
    pxCurrentTCB                             0x20000040   Data           4  tasks.o(.data)
    USART_RX_BUF                             0x200000b4   Data         200  usart.o(.bss)
    xQueueRegistry                           0x2000017c   Data          64  queue.o(.bss)
    __libspace_start                         0x200040c8   Data          96  libspace.o(.bss)
    __temporary_stack_top$libspace           0x20004128   Data           0  libspace.o(.bss)



==============================================================================

Memory Map of the image

  Image Entry point : 0x080000ed

  Load Region LR_IROM1 (Base: 0x08000000, Size: 0x00004ae0, Max: 0x00010000, ABSOLUTE)

    Execution Region ER_IROM1 (Exec base: 0x08000000, Load base: 0x08000000, Size: 0x00004a2c, Max: 0x00010000, ABSOLUTE)

    Exec Addr    Load Addr    Size         Type   Attr      Idx    E Section Name        Object

    0x08000000   0x08000000   0x000000ec   Data   RO           19    RESET               startup_stm32f10x_md.o
    0x080000ec   0x080000ec   0x00000008   Code   RO          813  * !!!main             c_w.l(__main.o)
    0x080000f4   0x080000f4   0x00000034   Code   RO          991    !!!scatter          c_w.l(__scatter.o)
    0x08000128   0x08000128   0x0000001a   Code   RO          993    !!handler_copy      c_w.l(__scatter_copy.o)
    0x08000142   0x08000142   0x00000002   PAD
    0x08000144   0x08000144   0x0000001c   Code   RO          995    !!handler_zi        c_w.l(__scatter_zi.o)
    0x08000160   0x08000160   0x00000000   Code   RO          802    .ARM.Collect$$_printf_percent$$00000000  c_w.l(_printf_percent.o)
    0x08000160   0x08000160   0x00000006   Code   RO          800    .ARM.Collect$$_printf_percent$$00000009  c_w.l(_printf_d.o)
    0x08000166   0x08000166   0x00000006   Code   RO          801    .ARM.Collect$$_printf_percent$$0000000A  c_w.l(_printf_u.o)
    0x0800016c   0x0800016c   0x00000006   Code   RO          798    .ARM.Collect$$_printf_percent$$00000013  c_w.l(_printf_c.o)
    0x08000172   0x08000172   0x00000006   Code   RO          799    .ARM.Collect$$_printf_percent$$00000014  c_w.l(_printf_s.o)
    0x08000178   0x08000178   0x00000004   Code   RO          828    .ARM.Collect$$_printf_percent$$00000017  c_w.l(_printf_percent_end.o)
    0x0800017c   0x0800017c   0x00000002   Code   RO          865    .ARM.Collect$$libinit$$00000000  c_w.l(libinit.o)
    0x0800017e   0x0800017e   0x00000000   Code   RO          872    .ARM.Collect$$libinit$$00000002  c_w.l(libinit2.o)
    0x0800017e   0x0800017e   0x00000000   Code   RO          874    .ARM.Collect$$libinit$$00000004  c_w.l(libinit2.o)
    0x0800017e   0x0800017e   0x00000000   Code   RO          877    .ARM.Collect$$libinit$$0000000A  c_w.l(libinit2.o)
    0x0800017e   0x0800017e   0x00000000   Code   RO          879    .ARM.Collect$$libinit$$0000000C  c_w.l(libinit2.o)
    0x0800017e   0x0800017e   0x00000000   Code   RO          881    .ARM.Collect$$libinit$$0000000E  c_w.l(libinit2.o)
    0x0800017e   0x0800017e   0x00000000   Code   RO          884    .ARM.Collect$$libinit$$00000011  c_w.l(libinit2.o)
    0x0800017e   0x0800017e   0x00000000   Code   RO          886    .ARM.Collect$$libinit$$00000013  c_w.l(libinit2.o)
    0x0800017e   0x0800017e   0x00000000   Code   RO          888    .ARM.Collect$$libinit$$00000015  c_w.l(libinit2.o)
    0x0800017e   0x0800017e   0x00000000   Code   RO          890    .ARM.Collect$$libinit$$00000017  c_w.l(libinit2.o)
    0x0800017e   0x0800017e   0x00000000   Code   RO          892    .ARM.Collect$$libinit$$00000019  c_w.l(libinit2.o)
    0x0800017e   0x0800017e   0x00000000   Code   RO          894    .ARM.Collect$$libinit$$0000001B  c_w.l(libinit2.o)
    0x0800017e   0x0800017e   0x00000000   Code   RO          896    .ARM.Collect$$libinit$$0000001D  c_w.l(libinit2.o)
    0x0800017e   0x0800017e   0x00000000   Code   RO          898    .ARM.Collect$$libinit$$0000001F  c_w.l(libinit2.o)
    0x0800017e   0x0800017e   0x00000000   Code   RO          900    .ARM.Collect$$libinit$$00000021  c_w.l(libinit2.o)
    0x0800017e   0x0800017e   0x00000000   Code   RO          902    .ARM.Collect$$libinit$$00000023  c_w.l(libinit2.o)
    0x0800017e   0x0800017e   0x00000000   Code   RO          904    .ARM.Collect$$libinit$$00000025  c_w.l(libinit2.o)
    0x0800017e   0x0800017e   0x00000000   Code   RO          908    .ARM.Collect$$libinit$$0000002C  c_w.l(libinit2.o)
    0x0800017e   0x0800017e   0x00000000   Code   RO          910    .ARM.Collect$$libinit$$0000002E  c_w.l(libinit2.o)
    0x0800017e   0x0800017e   0x00000000   Code   RO          912    .ARM.Collect$$libinit$$00000030  c_w.l(libinit2.o)
    0x0800017e   0x0800017e   0x00000000   Code   RO          914    .ARM.Collect$$libinit$$00000032  c_w.l(libinit2.o)
    0x0800017e   0x0800017e   0x00000002   Code   RO          915    .ARM.Collect$$libinit$$00000033  c_w.l(libinit2.o)
    0x08000180   0x08000180   0x00000002   Code   RO          933    .ARM.Collect$$libshutdown$$00000000  c_w.l(libshutdown.o)
    0x08000182   0x08000182   0x00000000   Code   RO          943    .ARM.Collect$$libshutdown$$00000002  c_w.l(libshutdown2.o)
    0x08000182   0x08000182   0x00000000   Code   RO          945    .ARM.Collect$$libshutdown$$00000004  c_w.l(libshutdown2.o)
    0x08000182   0x08000182   0x00000000   Code   RO          948    .ARM.Collect$$libshutdown$$00000007  c_w.l(libshutdown2.o)
    0x08000182   0x08000182   0x00000000   Code   RO          951    .ARM.Collect$$libshutdown$$0000000A  c_w.l(libshutdown2.o)
    0x08000182   0x08000182   0x00000000   Code   RO          953    .ARM.Collect$$libshutdown$$0000000C  c_w.l(libshutdown2.o)
    0x08000182   0x08000182   0x00000000   Code   RO          956    .ARM.Collect$$libshutdown$$0000000F  c_w.l(libshutdown2.o)
    0x08000182   0x08000182   0x00000002   Code   RO          957    .ARM.Collect$$libshutdown$$00000010  c_w.l(libshutdown2.o)
    0x08000184   0x08000184   0x00000000   Code   RO          817    .ARM.Collect$$rtentry$$00000000  c_w.l(__rtentry.o)
    0x08000184   0x08000184   0x00000000   Code   RO          834    .ARM.Collect$$rtentry$$00000002  c_w.l(__rtentry2.o)
    0x08000184   0x08000184   0x00000006   Code   RO          846    .ARM.Collect$$rtentry$$00000004  c_w.l(__rtentry4.o)
    0x0800018a   0x0800018a   0x00000000   Code   RO          836    .ARM.Collect$$rtentry$$00000009  c_w.l(__rtentry2.o)
    0x0800018a   0x0800018a   0x00000004   Code   RO          837    .ARM.Collect$$rtentry$$0000000A  c_w.l(__rtentry2.o)
    0x0800018e   0x0800018e   0x00000000   Code   RO          839    .ARM.Collect$$rtentry$$0000000C  c_w.l(__rtentry2.o)
    0x0800018e   0x0800018e   0x00000008   Code   RO          840    .ARM.Collect$$rtentry$$0000000D  c_w.l(__rtentry2.o)
    0x08000196   0x08000196   0x00000002   Code   RO          869    .ARM.Collect$$rtexit$$00000000  c_w.l(rtexit.o)
    0x08000198   0x08000198   0x00000000   Code   RO          917    .ARM.Collect$$rtexit$$00000002  c_w.l(rtexit2.o)
    0x08000198   0x08000198   0x00000004   Code   RO          918    .ARM.Collect$$rtexit$$00000003  c_w.l(rtexit2.o)
    0x0800019c   0x0800019c   0x00000006   Code   RO          919    .ARM.Collect$$rtexit$$00000004  c_w.l(rtexit2.o)
    0x080001a2   0x080001a2   0x00000002   PAD
    0x080001a4   0x080001a4   0x00000096   Code   RO          730    .emb_text           port.o
    0x0800023a   0x0800023a   0x00000002   PAD
    0x0800023c   0x0800023c   0x00000040   Code   RO           20    .text               startup_stm32f10x_md.o
    0x0800027c   0x0800027c   0x000000dc   Code   RO           24    .text               misc.o
    0x08000358   0x08000358   0x0000035c   Code   RO          233    .text               stm32f10x_gpio.o
    0x080006b4   0x080006b4   0x000003a4   Code   RO          290    .text               stm32f10x_rcc.o
    0x08000a58   0x08000a58   0x00000408   Code   RO          358    .text               stm32f10x_usart.o
    0x08000e60   0x08000e60   0x0000004c   Code   RO          385    .text               led.o
    0x08000eac   0x08000eac   0x000000e4   Code   RO          406    .text               main.o
    0x08000f90   0x08000f90   0x00000014   Code   RO          482    .text               stm32f10x_it.o
    0x08000fa4   0x08000fa4   0x000001e0   Code   RO          497    .text               system_stm32f10x.o
    0x08001184   0x08001184   0x00000104   Code   RO          515    .text               delay.o
    0x08001288   0x08001288   0x00000140   Code   RO          555    .text               usart.o
    0x080013c8   0x080013c8   0x00000094   Code   RO          636    .text               list.o
    0x0800145c   0x0800145c   0x00000d0c   Code   RO          648    .text               queue.o
    0x08002168   0x08002168   0x00001820   Code   RO          669    .text               tasks.o
    0x08003988   0x08003988   0x0000063c   Code   RO          700    .text               timers.o
    0x08003fc4   0x08003fc4   0x0000029c   Code   RO          715    .text               heap_4.o
    0x08004260   0x08004260   0x00000268   Code   RO          731    .text               port.o
    0x080044c8   0x080044c8   0x00000002   Code   RO          762    .text               c_w.l(use_no_semi_2.o)
    0x080044ca   0x080044ca   0x00000002   PAD
    0x080044cc   0x080044cc   0x00000018   Code   RO          768    .text               c_w.l(noretval__2printf.o)
    0x080044e4   0x080044e4   0x00000028   Code   RO          770    .text               c_w.l(noretval__2sprintf.o)
    0x0800450c   0x0800450c   0x00000068   Code   RO          772    .text               c_w.l(__printf.o)
    0x08004574   0x08004574   0x00000052   Code   RO          774    .text               c_w.l(_printf_str.o)
    0x080045c6   0x080045c6   0x00000002   PAD
    0x080045c8   0x080045c8   0x00000078   Code   RO          776    .text               c_w.l(_printf_dec.o)
    0x08004640   0x08004640   0x00000048   Code   RO          803    .text               c_w.l(strcpy.o)
    0x08004688   0x08004688   0x0000003e   Code   RO          805    .text               c_w.l(strlen.o)
    0x080046c6   0x080046c6   0x0000008a   Code   RO          807    .text               c_w.l(rt_memcpy_v6.o)
    0x08004750   0x08004750   0x00000010   Code   RO          809    .text               c_w.l(aeabi_memset.o)
    0x08004760   0x08004760   0x00000006   Code   RO          811    .text               c_w.l(heapauxi.o)
    0x08004766   0x08004766   0x00000002   Code   RO          815    .text               c_w.l(use_no_semi.o)
    0x08004768   0x08004768   0x000000b2   Code   RO          818    .text               c_w.l(_printf_intcommon.o)
    0x0800481a   0x0800481a   0x00000002   PAD
    0x0800481c   0x0800481c   0x00000030   Code   RO          820    .text               c_w.l(_printf_char_common.o)
    0x0800484c   0x0800484c   0x0000000a   Code   RO          822    .text               c_w.l(_sputc.o)
    0x08004856   0x08004856   0x0000002c   Code   RO          824    .text               c_w.l(_printf_char.o)
    0x08004882   0x08004882   0x00000002   PAD
    0x08004884   0x08004884   0x00000024   Code   RO          826    .text               c_w.l(_printf_char_file.o)
    0x080048a8   0x080048a8   0x00000064   Code   RO          829    .text               c_w.l(rt_memcpy_w.o)
    0x0800490c   0x0800490c   0x00000044   Code   RO          831    .text               c_w.l(rt_memclr.o)
    0x08004950   0x08004950   0x00000008   Code   RO          850    .text               c_w.l(ferror.o)
    0x08004958   0x08004958   0x0000004e   Code   RO          854    .text               c_w.l(rt_memclr_w.o)
    0x080049a6   0x080049a6   0x0000004a   Code   RO          856    .text               c_w.l(sys_stackheap_outer.o)
    0x080049f0   0x080049f0   0x00000012   Code   RO          858    .text               c_w.l(exit.o)
    0x08004a02   0x08004a02   0x00000002   PAD
    0x08004a04   0x08004a04   0x00000008   Code   RO          866    .text               c_w.l(libspace.o)
    0x08004a0c   0x08004a0c   0x00000020   Data   RO          989    Region$$Table       anon$$obj.o


    Execution Region RW_IRAM1 (Exec base: 0x20000000, Load base: 0x08004a2c, Size: 0x00004728, Max: 0x00005000, ABSOLUTE)

    Exec Addr    Load Addr    Size         Type   Attr      Idx    E Section Name        Object

    0x20000000   0x08004a2c   0x00000014   Data   RW          291    .data               stm32f10x_rcc.o
    0x20000014   0x08004a40   0x0000000c   Data   RW          407    .data               main.o
    0x20000020   0x08004a4c   0x00000014   Data   RW          498    .data               system_stm32f10x.o
    0x20000034   0x08004a60   0x00000004   Data   RW          516    .data               delay.o
    0x20000038   0x08004a64   0x00000006   Data   RW          557    .data               usart.o
    0x2000003e   0x08004a6a   0x00000002   PAD
    0x20000040   0x08004a6c   0x0000003c   Data   RW          671    .data               tasks.o
    0x2000007c   0x08004aa8   0x00000014   Data   RW          702    .data               timers.o
    0x20000090   0x08004abc   0x00000018   Data   RW          717    .data               heap_4.o
    0x200000a8   0x08004ad4   0x0000000c   Data   RW          732    .data               port.o
    0x200000b4        -       0x000000c8   Zero   RW          556    .bss                usart.o
    0x2000017c        -       0x00000040   Zero   RW          649    .bss                queue.o
    0x200001bc        -       0x000002e4   Zero   RW          670    .bss                tasks.o
    0x200004a0        -       0x00000028   Zero   RW          701    .bss                timers.o
    0x200004c8        -       0x00003c00   Zero   RW          716    .bss                heap_4.o
    0x200040c8        -       0x00000060   Zero   RW          867    .bss                c_w.l(libspace.o)
    0x20004128        -       0x00000200   Zero   RW           18    HEAP                startup_stm32f10x_md.o
    0x20004328        -       0x00000400   Zero   RW           17    STACK               startup_stm32f10x_md.o


==============================================================================

Image component sizes


      Code (inc. data)   RO Data    RW Data    ZI Data      Debug   Object Name

         0          0          0          0          0       4540   core_cm3.o
       260         18          0          4          0       1405   delay.o
         0          0          0          0          0      11600   event_groups.o
       668         78          0         24      15360       3132   heap_4.o
        76          4          0          0          0        447   led.o
       148          0          0          0          0       1734   list.o
       228         56          0         12          0      11044   main.o
       220         22          0          0          0     227869   misc.o
       766         96          0         12          0       7491   port.o
      3340         52          0          0         64      18622   queue.o
        64         26        236          0       1536        752   startup_stm32f10x_md.o
       860         38          0          0          0       5585   stm32f10x_gpio.o
        20          0          0          0          0        879   stm32f10x_it.o
       932         36          0         20          0       8704   stm32f10x_rcc.o
      1032         22          0          0          0       8308   stm32f10x_usart.o
       480         38          0         20          0       1635   system_stm32f10x.o
      6176        402          0         60        740      31776   tasks.o
      1596        108          0         20         40       8712   timers.o
       320         18          0          6        200       3018   usart.o

    ----------------------------------------------------------------------
     17188       1014        268        180      17940     357253   Object Totals
         0          0         32          0          0          0   (incl. Generated)
         2          0          0          2          0          0   (incl. Padding)

    ----------------------------------------------------------------------

      Code (inc. data)   RO Data    RW Data    ZI Data      Debug   Library Member Name

         8          0          0          0          0         68   __main.o
       104          0          0          0          0         84   __printf.o
         0          0          0          0          0          0   __rtentry.o
        12          0          0          0          0          0   __rtentry2.o
         6          0          0          0          0          0   __rtentry4.o
        52          8          0          0          0          0   __scatter.o
        26          0          0          0          0          0   __scatter_copy.o
        28          0          0          0          0          0   __scatter_zi.o
         6          0          0          0          0          0   _printf_c.o
        44          0          0          0          0        108   _printf_char.o
        48          6          0          0          0         96   _printf_char_common.o
        36          4          0          0          0         80   _printf_char_file.o
         6          0          0          0          0          0   _printf_d.o
       120         16          0          0          0         92   _printf_dec.o
       178          0          0          0          0         88   _printf_intcommon.o
         0          0          0          0          0          0   _printf_percent.o
         4          0          0          0          0          0   _printf_percent_end.o
         6          0          0          0          0          0   _printf_s.o
        82          0          0          0          0         80   _printf_str.o
         6          0          0          0          0          0   _printf_u.o
        10          0          0          0          0         68   _sputc.o
        16          0          0          0          0         68   aeabi_memset.o
        18          0          0          0          0         80   exit.o
         8          0          0          0          0         68   ferror.o
         6          0          0          0          0        152   heapauxi.o
         2          0          0          0          0          0   libinit.o
         2          0          0          0          0          0   libinit2.o
         2          0          0          0          0          0   libshutdown.o
         2          0          0          0          0          0   libshutdown2.o
         8          4          0          0         96         68   libspace.o
        24          4          0          0          0         84   noretval__2printf.o
        40          6          0          0          0         84   noretval__2sprintf.o
        68          0          0          0          0         68   rt_memclr.o
        78          0          0          0          0         80   rt_memclr_w.o
       138          0          0          0          0         68   rt_memcpy_v6.o
       100          0          0          0          0         80   rt_memcpy_w.o
         2          0          0          0          0          0   rtexit.o
        10          0          0          0          0          0   rtexit2.o
        72          0          0          0          0         80   strcpy.o
        62          0          0          0          0         76   strlen.o
        74          0          0          0          0         80   sys_stackheap_outer.o
         2          0          0          0          0         68   use_no_semi.o
         2          0          0          0          0         68   use_no_semi_2.o

    ----------------------------------------------------------------------
      1532         48          0          0         96       2036   Library Totals
        14          0          0          0          0          0   (incl. Padding)

    ----------------------------------------------------------------------

      Code (inc. data)   RO Data    RW Data    ZI Data      Debug   Library Name

      1518         48          0          0         96       2036   c_w.l

    ----------------------------------------------------------------------
      1532         48          0          0         96       2036   Library Totals

    ----------------------------------------------------------------------

==============================================================================


      Code (inc. data)   RO Data    RW Data    ZI Data      Debug   

     18720       1062        268        180      18036     356633   Grand Totals
     18720       1062        268        180      18036     356633   ELF Image Totals
     18720       1062        268        180          0          0   ROM Totals

==============================================================================

    Total RO  Size (Code + RO Data)                18988 (  18.54kB)
    Total RW  Size (RW Data + ZI Data)             18216 (  17.79kB)
    Total ROM Size (Code + RO Data + RW Data)      19168 (  18.72kB)

==============================================================================

