Component: ARM Compiler 5.06 update 6 (build 750) Tool: armlink [4d35ed]

==============================================================================

Section Cross References

    startup_stm32f10x_md.o(RESET) refers to startup_stm32f10x_md.o(STACK) for __initial_sp
    startup_stm32f10x_md.o(RESET) refers to startup_stm32f10x_md.o(.text) for Reset_Handler
    startup_stm32f10x_md.o(RESET) refers to stm32f10x_it.o(.text) for NMI_Handler
    startup_stm32f10x_md.o(RESET) refers to port.o(.emb_text) for SVC_Handler
    startup_stm32f10x_md.o(RESET) refers to delay.o(.text) for SysTick_Handler
    startup_stm32f10x_md.o(RESET) refers to encoder.o(.text) for EXTI0_IRQHandler
    startup_stm32f10x_md.o(RESET) refers to usart.o(.text) for USART1_IRQHandler
    startup_stm32f10x_md.o(.text) refers to system_stm32f10x.o(.text) for SystemInit
    startup_stm32f10x_md.o(.text) refers to entry.o(.ARM.Collect$$$$00000000) for __main
    stm32f10x_adc.o(.text) refers to stm32f10x_rcc.o(.text) for RCC_APB2PeriphResetCmd
    stm32f10x_bkp.o(.text) refers to stm32f10x_rcc.o(.text) for RCC_BackupResetCmd
    stm32f10x_can.o(.text) refers to stm32f10x_rcc.o(.text) for RCC_APB1PeriphResetCmd
    stm32f10x_cec.o(.text) refers to stm32f10x_rcc.o(.text) for RCC_APB1PeriphResetCmd
    stm32f10x_dac.o(.text) refers to stm32f10x_rcc.o(.text) for RCC_APB1PeriphResetCmd
    stm32f10x_gpio.o(.text) refers to stm32f10x_rcc.o(.text) for RCC_APB2PeriphResetCmd
    stm32f10x_i2c.o(.text) refers to stm32f10x_rcc.o(.text) for RCC_APB1PeriphResetCmd
    stm32f10x_pwr.o(.text) refers to stm32f10x_rcc.o(.text) for RCC_APB1PeriphResetCmd
    stm32f10x_rcc.o(.text) refers to stm32f10x_rcc.o(.data) for APBAHBPrescTable
    stm32f10x_spi.o(.text) refers to stm32f10x_rcc.o(.text) for RCC_APB2PeriphResetCmd
    stm32f10x_tim.o(.text) refers to stm32f10x_rcc.o(.text) for RCC_APB2PeriphResetCmd
    stm32f10x_usart.o(.text) refers to stm32f10x_rcc.o(.text) for RCC_APB2PeriphResetCmd
    stm32f10x_wwdg.o(.text) refers to stm32f10x_rcc.o(.text) for RCC_APB1PeriphResetCmd
    led.o(.text) refers to stm32f10x_rcc.o(.text) for RCC_APB2PeriphClockCmd
    led.o(.text) refers to stm32f10x_gpio.o(.text) for GPIO_Init
    taskconfig.o(.text) refers to led.o(.text) for LED_Init
    taskconfig.o(.text) refers to usart.o(.text) for USART1_Init
    taskconfig.o(.text) refers to tasks.o(.text) for vTaskDelay
    taskconfig.o(.text) refers to misc.o(.text) for NVIC_PriorityGroupConfig
    taskconfig.o(.text) refers to delay.o(.text) for delay_init
    taskconfig.o(.text) refers to port.o(.text) for vPortEnterCritical
    taskconfig.o(.text) refers to taskconfig.o(.bss) for movebase
    taskconfig.o(.text) refers to taskconfig.o(.data) for LogicalTask_Handler
    buzzer.o(.text) refers to stm32f10x_rcc.o(.text) for RCC_APB2PeriphClockCmd
    buzzer.o(.text) refers to stm32f10x_gpio.o(.text) for GPIO_Init
    steer.o(.text) refers to stm32f10x_rcc.o(.text) for RCC_APB2PeriphClockCmd
    steer.o(.text) refers to stm32f10x_gpio.o(.text) for GPIO_PinRemapConfig
    steer.o(.text) refers to stm32f10x_tim.o(.text) for TIM_TimeBaseInit
    steer.o(.text) refers to dfixui.o(.text) for __aeabi_d2uiz
    motor.o(.text) refers to stm32f10x_rcc.o(.text) for RCC_APB2PeriphClockCmd
    motor.o(.text) refers to stm32f10x_gpio.o(.text) for GPIO_Init
    motor.o(.text) refers to stm32f10x_tim.o(.text) for TIM_TimeBaseInit
    motor.o(.text) refers to dflti.o(.text) for __aeabi_i2d
    motor.o(.text) refers to ddiv.o(.text) for __aeabi_ddiv
    motor.o(.text) refers to dmul.o(.text) for __aeabi_dmul
    motor.o(.text) refers to dfixi.o(.text) for __aeabi_d2iz
    motor.o(.text) refers to tasks.o(.text) for vTaskDelay
    encoder.o(.text) refers to stm32f10x_rcc.o(.text) for RCC_APB1PeriphClockCmd
    encoder.o(.text) refers to stm32f10x_gpio.o(.text) for GPIO_Init
    encoder.o(.text) refers to stm32f10x_tim.o(.text) for TIM_TimeBaseStructInit
    encoder.o(.text) refers to stm32f10x_exti.o(.text) for EXTI_Init
    encoder.o(.text) refers to misc.o(.text) for NVIC_Init
    encoder.o(.text) refers to taskconfig.o(.bss) for movebase
    oled.o(.text) refers to stm32f10x_rcc.o(.text) for RCC_APB2PeriphClockCmd
    oled.o(.text) refers to stm32f10x_gpio.o(.text) for GPIO_PinRemapConfig
    oled.o(.text) refers to stm32f10x_pwr.o(.text) for PWR_BackupAccessCmd
    oled.o(.text) refers to stm32f10x_bkp.o(.text) for BKP_TamperPinCmd
    oled.o(.text) refers to delay.o(.text) for delay_ms
    oled.o(.text) refers to oled.o(.bss) for OLED_GRAM
    oled.o(.text) refers to oled.o(.constdata) for oled_asc2_1206
    show.o(.text) refers to oled.o(.text) for OLED_ShowString
    pmu.o(.text) refers to stm32f10x_rcc.o(.text) for RCC_APB2PeriphClockCmd
    pmu.o(.text) refers to stm32f10x_gpio.o(.text) for GPIO_Init
    pmu.o(.text) refers to stm32f10x_adc.o(.text) for ADC_DeInit
    pmu.o(.text) refers to dfltui.o(.text) for __aeabi_ui2d
    pmu.o(.text) refers to dmul.o(.text) for __aeabi_dmul
[...]
    printfa.o(i._fp_digits) refers to dadd.o(.text) for __aeabi_dadd
    printfa.o(i._fp_digits) refers to dfixul.o(.text) for __aeabi_d2ulz
    printfa.o(i._fp_digits) refers to uldiv.o(.text) for __aeabi_uldivmod
    printfa.o(i._printf_core) refers (Special) to iusefp.o(.text) for __I$use$fp
    printfa.o(i._printf_core) refers to printfa.o(i._printf_pre_padding) for _printf_pre_padding
    printfa.o(i._printf_core) refers to uldiv.o(.text) for __aeabi_uldivmod
    printfa.o(i._printf_core) refers to printfa.o(i._printf_post_padding) for _printf_post_padding
    printfa.o(i._printf_core) refers to printfa.o(i._fp_digits) for _fp_digits
    printfa.o(i._printf_core) refers to uidiv.o(.text) for __aeabi_uidivmod
    printfa.o(i._printf_post_padding) refers (Special) to iusefp.o(.text) for __I$use$fp
    printfa.o(i._printf_pre_padding) refers (Special) to iusefp.o(.text) for __I$use$fp
    printfa.o(i._snputc) refers (Special) to iusefp.o(.text) for __I$use$fp
    printfa.o(i._sputc) refers (Special) to iusefp.o(.text) for __I$use$fp
    dmul.o(.text) refers (Special) to iusefp.o(.text) for __I$use$fp
    dmul.o(.text) refers to depilogue.o(.text) for _double_epilogue
    ddiv.o(.text) refers (Special) to iusefp.o(.text) for __I$use$fp
    ddiv.o(.text) refers to depilogue.o(.text) for _double_round
    dflti.o(.text) refers (Special) to iusefp.o(.text) for __I$use$fp
    dflti.o(.text) refers to depilogue.o(.text) for _double_epilogue
    dfltui.o(.text) refers (Special) to iusefp.o(.text) for __I$use$fp
    dfltui.o(.text) refers to depilogue.o(.text) for _double_epilogue
    dfixi.o(.text) refers (Special) to iusefp.o(.text) for __I$use$fp
    dfixi.o(.text) refers to llushr.o(.text) for __aeabi_llsr
    dfixui.o(.text) refers (Special) to iusefp.o(.text) for __I$use$fp
    dfixui.o(.text) refers to llushr.o(.text) for __aeabi_llsr
    entry2.o(.ARM.Collect$$$$00000001) refers to entry2.o(.ARM.Collect$$$$00002712) for __lit__00000000
    entry2.o(.ARM.Collect$$$$00002712) refers to startup_stm32f10x_md.o(STACK) for __initial_sp
    entry2.o(__vectab_stack_and_reset_area) refers to startup_stm32f10x_md.o(STACK) for __initial_sp
    entry2.o(__vectab_stack_and_reset_area) refers to entry.o(.ARM.Collect$$$$00000000) for __main
    entry5.o(.ARM.Collect$$$$00000004) refers to init.o(.text) for __scatterload
    entry9a.o(.ARM.Collect$$$$0000000B) refers to main.o(.text) for main
    entry9b.o(.ARM.Collect$$$$0000000C) refers to main.o(.text) for main
    fputc.o(i.fputc) refers (Special) to iusesemip.o(.text) for __I$use$semihosting$fputc
    fputc.o(i.fputc) refers (Special) to semi.o(.text) for __semihosting_library_function
    uldiv.o(.text) refers to llushr.o(.text) for __aeabi_llsr
    uldiv.o(.text) refers to llshl.o(.text) for __aeabi_llsl
    depilogue.o(.text) refers to llshl.o(.text) for __aeabi_llsl
    depilogue.o(.text) refers to llushr.o(.text) for __aeabi_llsr
    dadd.o(.text) refers to llshl.o(.text) for __aeabi_llsl
    dadd.o(.text) refers to llsshr.o(.text) for __aeabi_lasr
    dadd.o(.text) refers to depilogue.o(.text) for _double_epilogue
    dfixul.o(.text) refers to llushr.o(.text) for __aeabi_llsr
    dfixul.o(.text) refers to llshl.o(.text) for __aeabi_llsl
    init.o(.text) refers to entry5.o(.ARM.Collect$$$$00000004) for __main_after_scatterload


==============================================================================

Removing Unused input sections from the image.

    Removing core_cm3.o(.emb_text), (32 bytes).
    Removing startup_stm32f10x_md.o(HEAP), (512 bytes).
    Removing stm32f10x_adc.o(.text), (1102 bytes).
    Removing stm32f10x_bkp.o(.text), (196 bytes).
    Removing stm32f10x_can.o(.text), (2544 bytes).
    Removing stm32f10x_cec.o(.text), (288 bytes).
    Removing stm32f10x_crc.o(.text), (72 bytes).
    Removing stm32f10x_dac.o(.text), (396 bytes).
    Removing stm32f10x_dbgmcu.o(.text), (48 bytes).
    Removing stm32f10x_dma.o(.text), (596 bytes).
    Removing stm32f10x_flash.o(.text), (1468 bytes).
    Removing stm32f10x_fsmc.o(.text), (1548 bytes).
    Removing stm32f10x_i2c.o(.text), (1028 bytes).
    Removing stm32f10x_iwdg.o(.text), (64 bytes).
    Removing stm32f10x_pwr.o(.text), (204 bytes).
    Removing stm32f10x_rtc.o(.text), (328 bytes).
    Removing stm32f10x_sdio.o(.text), (468 bytes).
    Removing stm32f10x_spi.o(.text), (780 bytes).
    Removing stm32f10x_wwdg.o(.text), (136 bytes).
    Removing buzzer.o(.text), (76 bytes).
    Removing steer.o(.text), (188 bytes).
    Removing motor.o(.text), (600 bytes).
    Removing oled.o(.text), (1126 bytes).
    Removing oled.o(.bss), (512 bytes).
    Removing oled.o(.constdata), (2660 bytes).
    Removing show.o(.text), (52 bytes).
    Removing pmu.o(.text), (352 bytes).
    Removing ps2.o(.text), (692 bytes).
    Removing ps2.o(.bss), (9 bytes).
    Removing ps2.o(.data), (37 bytes).
    Removing sys.o(.emb_text), (6 bytes).
    Removing sys.o(.text), (12 bytes).
    Removing event_groups.o(.text), (1102 bytes).
    Removing dflti.o(.text), (34 bytes).
    Removing dfltui.o(.text), (26 bytes).
    Removing dfixi.o(.text), (62 bytes).
    Removing dfixui.o(.text), (50 bytes).

37 unused section(s) (total 19406 bytes) removed from the image.

==============================================================================

Image Symbol Table

    Local Symbols

    Symbol Name                              Value     Ov Type        Size  Object(Section)

    ../clib/microlib/division.c              0x00000000   Number         0  uldiv.o ABSOLUTE
    ../clib/microlib/division.c              0x00000000   Number         0  uidiv.o ABSOLUTE
    ../clib/microlib/init/entry.s            0x00000000   Number         0  entry10a.o ABSOLUTE
    ../clib/microlib/init/entry.s            0x00000000   Number         0  entry2.o ABSOLUTE
    ../clib/microlib/init/entry.s            0x00000000   Number         0  entry11a.o ABSOLUTE
    ../clib/microlib/init/entry.s            0x00000000   Number         0  entry9b.o ABSOLUTE
    ../clib/microlib/init/entry.s            0x00000000   Number         0  entry.o ABSOLUTE
    ../clib/microlib/init/entry.s            0x00000000   Number         0  entry10b.o ABSOLUTE
    ../clib/microlib/init/entry.s            0x00000000   Number         0  entry11b.o ABSOLUTE
    ../clib/microlib/init/entry.s            0x00000000   Number         0  entry5.o ABSOLUTE
    ../clib/microlib/init/entry.s            0x00000000   Number         0  entry7a.o ABSOLUTE
    ../clib/microlib/init/entry.s            0x00000000   Number         0  entry7b.o ABSOLUTE
    ../clib/microlib/init/entry.s            0x00000000   Number         0  entry8a.o ABSOLUTE
    ../clib/microlib/init/entry.s            0x00000000   Number         0  entry8b.o ABSOLUTE
    ../clib/microlib/init/entry.s            0x00000000   Number         0  entry9a.o ABSOLUTE
    ../clib/microlib/longlong.c              0x00000000   Number         0  llsshr.o ABSOLUTE
    ../clib/microlib/longlong.c              0x00000000   Number         0  llushr.o ABSOLUTE
    ../clib/microlib/longlong.c              0x00000000   Number         0  llshl.o ABSOLUTE
    ../clib/microlib/printf/printf.c         0x00000000   Number         0  printf5.o ABSOLUTE
    ../clib/microlib/printf/printf.c         0x00000000   Number         0  printf3.o ABSOLUTE
    ../clib/microlib/printf/printf.c         0x00000000   Number         0  printf6.o ABSOLUTE
    ../clib/microlib/printf/printf.c         0x00000000   Number         0  printf7.o ABSOLUTE
    ../clib/microlib/printf/printf.c         0x00000000   Number         0  printf8.o ABSOLUTE
    ../clib/microlib/printf/printf.c         0x00000000   Number         0  printfa.o ABSOLUTE
    ../clib/microlib/printf/printf.c         0x00000000   Number         0  printf2.o ABSOLUTE
    ../clib/microlib/printf/printf.c         0x00000000   Number         0  printf4.o ABSOLUTE
    ../clib/microlib/printf/printf.c         0x00000000   Number         0  printfb.o ABSOLUTE
    ../clib/microlib/printf/printf.c         0x00000000   Number         0  printf0.o ABSOLUTE
    ../clib/microlib/printf/printf.c         0x00000000   Number         0  printf1.o ABSOLUTE
    ../clib/microlib/printf/stubs.s          0x00000000   Number         0  stubs.o ABSOLUTE
    ../clib/microlib/stdio/fputc.c           0x00000000   Number         0  fputc.o ABSOLUTE
    ../clib/microlib/stdio/semi.s            0x00000000   Number         0  semi.o ABSOLUTE
    ../clib/microlib/stdio/streams.c         0x00000000   Number         0  stdout.o ABSOLUTE
    ../clib/microlib/string/memcpy.c         0x00000000   Number         0  memcpya.o ABSOLUTE
    ../clib/microlib/string/memcpy.c         0x00000000   Number         0  memcpyb.o ABSOLUTE
    ../clib/microlib/string/memset.c         0x00000000   Number         0  memseta.o ABSOLUTE
    ../clib/microlib/string/strcpy.c         0x00000000   Number         0  strcpy.o ABSOLUTE
    ../clib/microlib/string/strlen.c         0x00000000   Number         0  strlen.o ABSOLUTE
    ../clib/microlib/stubs.s                 0x00000000   Number         0  iusefp.o ABSOLUTE
    ../clib/microlib/stubs.s                 0x00000000   Number         0  iusesemip.o ABSOLUTE
    ../fplib/microlib/fpadd.c                0x00000000   Number         0  dadd.o ABSOLUTE
    ../fplib/microlib/fpdiv.c                0x00000000   Number         0  ddiv.o ABSOLUTE
    ../fplib/microlib/fpepilogue.c           0x00000000   Number         0  depilogue.o ABSOLUTE
    ../fplib/microlib/fpfix.c                0x00000000   Number         0  dfixul.o ABSOLUTE
    ../fplib/microlib/fpfix.c                0x00000000   Number         0  dfixui.o ABSOLUTE
    ../fplib/microlib/fpfix.c                0x00000000   Number         0  dfixi.o ABSOLUTE
    ../fplib/microlib/fpflt.c                0x00000000   Number         0  dflti.o ABSOLUTE
    ../fplib/microlib/fpflt.c                0x00000000   Number         0  dfltui.o ABSOLUTE
    ../fplib/microlib/fpmul.c                0x00000000   Number         0  dmul.o ABSOLUTE
    CORE\\core_cm3.c                         0x00000000   Number         0  core_cm3.o ABSOLUTE
    CORE\core_cm3.c                          0x00000000   Number         0  core_cm3.o ABSOLUTE
    CORE\startup_stm32f10x_md.s              0x00000000   Number         0  startup_stm32f10x_md.o ABSOLUTE
    FWlib\src\misc.c                         0x00000000   Number         0  misc.o ABSOLUTE
    FWlib\src\stm32f10x_adc.c                0x00000000   Number         0  stm32f10x_adc.o ABSOLUTE
    FWlib\src\stm32f10x_bkp.c                0x00000000   Number         0  stm32f10x_bkp.o ABSOLUTE
    FWlib\src\stm32f10x_can.c                0x00000000   Number         0  stm32f10x_can.o ABSOLUTE
    FWlib\src\stm32f10x_cec.c                0x00000000   Number         0  stm32f10x_cec.o ABSOLUTE
    FWlib\src\stm32f10x_crc.c                0x00000000   Number         0  stm32f10x_crc.o ABSOLUTE
    FWlib\src\stm32f10x_dac.c                0x00000000   Number         0  stm32f10x_dac.o ABSOLUTE
    FWlib\src\stm32f10x_dbgmcu.c             0x00000000   Number         0  stm32f10x_dbgmcu.o ABSOLUTE
    FWlib\src\stm32f10x_dma.c                0x00000000   Number         0  stm32f10x_dma.o ABSOLUTE
    FWlib\src\stm32f10x_exti.c               0x00000000   Number         0  stm32f10x_exti.o ABSOLUTE
    FWlib\src\stm32f10x_flash.c              0x00000000   Number         0  stm32f10x_flash.o ABSOLUTE
    FWlib\src\stm32f10x_fsmc.c               0x00000000   Number         0  stm32f10x_fsmc.o ABSOLUTE
    FWlib\src\stm32f10x_gpio.c               0x00000000   Number         0  stm32f10x_gpio.o ABSOLUTE
    FWlib\src\stm32f10x_i2c.c                0x00000000   Number         0  stm32f10x_i2c.o ABSOLUTE
    FWlib\src\stm32f10x_iwdg.c               0x00000000   Number         0  stm32f10x_iwdg.o ABSOLUTE
    FWlib\src\stm32f10x_pwr.c                0x00000000   Number         0  stm32f10x_pwr.o ABSOLUTE
    FWlib\src\stm32f10x_rcc.c                0x00000000   Number         0  stm32f10x_rcc.o ABSOLUTE
    FWlib\src\stm32f10x_rtc.c                0x00000000   Number         0  stm32f10x_rtc.o ABSOLUTE
    FWlib\src\stm32f10x_sdio.c               0x00000000   Number         0  stm32f10x_sdio.o ABSOLUTE
    FWlib\src\stm32f10x_spi.c                0x00000000   Number         0  stm32f10x_spi.o ABSOLUTE
    FWlib\src\stm32f10x_tim.c                0x00000000   Number         0  stm32f10x_tim.o ABSOLUTE
    FWlib\src\stm32f10x_usart.c              0x00000000   Number         0  stm32f10x_usart.o ABSOLUTE
    FWlib\src\stm32f10x_wwdg.c               0x00000000   Number         0  stm32f10x_wwdg.o ABSOLUTE
    FreeRTOS\\portable\\RVDS\\ARM_CM3\\port.c 0x00000000   Number         0  port.o ABSOLUTE
    FreeRTOS\croutine.c                      0x00000000   Number         0  croutine.o ABSOLUTE
    FreeRTOS\event_groups.c                  0x00000000   Number         0  event_groups.o ABSOLUTE
    FreeRTOS\list.c                          0x00000000   Number         0  list.o ABSOLUTE
    FreeRTOS\portable\MemMang\heap_4.c       0x00000000   Number         0  heap_4.o ABSOLUTE
    FreeRTOS\portable\RVDS\ARM_CM3\port.c    0x00000000   Number         0  port.o ABSOLUTE
    FreeRTOS\queue.c                         0x00000000   Number         0  queue.o ABSOLUTE
    FreeRTOS\tasks.c                         0x00000000   Number         0  tasks.o ABSOLUTE
    FreeRTOS\timers.c                        0x00000000   Number         0  timers.o ABSOLUTE
    HARDWARE\BUZZER\buzzer.c                 0x00000000   Number         0  buzzer.o ABSOLUTE
    HARDWARE\Config\taskConfig.c             0x00000000   Number         0  taskconfig.o ABSOLUTE
    HARDWARE\ECODER\encoder.c                0x00000000   Number         0  encoder.o ABSOLUTE
    HARDWARE\LED\led.c                       0x00000000   Number         0  led.o ABSOLUTE
    HARDWARE\MOTOR\motor.c                   0x00000000   Number         0  motor.o ABSOLUTE
    HARDWARE\OLED\oled.c                     0x00000000   Number         0  oled.o ABSOLUTE
    HARDWARE\OLED\show.c                     0x00000000   Number         0  show.o ABSOLUTE
    HARDWARE\PMU\pmu.c                       0x00000000   Number         0  pmu.o ABSOLUTE
    HARDWARE\PS2\Ps2.c                       0x00000000   Number         0  ps2.o ABSOLUTE
    HARDWARE\STEER\steer.c                   0x00000000   Number         0  steer.o ABSOLUTE
    SYSTEM\\sys\\sys.c                       0x00000000   Number         0  sys.o ABSOLUTE
    SYSTEM\delay\delay.c                     0x00000000   Number         0  delay.o ABSOLUTE
    SYSTEM\sys\sys.c                         0x00000000   Number         0  sys.o ABSOLUTE
    SYSTEM\usart\usart.c                     0x00000000   Number         0  usart.o ABSOLUTE
    USER\main.c                              0x00000000   Number         0  main.o ABSOLUTE
    USER\stm32f10x_it.c                      0x00000000   Number         0  stm32f10x_it.o ABSOLUTE
    USER\system_stm32f10x.c                  0x00000000   Number         0  system_stm32f10x.o ABSOLUTE
    cdrcmple.s                               0x00000000   Number         0  cdrcmple.o ABSOLUTE
    dc.s                                     0x00000000   Number         0  dc.o ABSOLUTE
    handlers.s                               0x00000000   Number         0  handlers.o ABSOLUTE
    init.s                                   0x00000000   Number         0  init.o ABSOLUTE
    RESET                                    0x08000000   Section      236  startup_stm32f10x_md.o(RESET)
    .ARM.Collect$$$$00000000                 0x080000ec   Section        0  entry.o(.ARM.Collect$$$$00000000)
    .ARM.Collect$$$$00000001                 0x080000ec   Section        4  entry2.o(.ARM.Collect$$$$00000001)
    .ARM.Collect$$$$00000004                 0x080000f0   Section        4  entry5.o(.ARM.Collect$$$$00000004)
    .ARM.Collect$$$$00000008                 0x080000f4   Section        0  entry7b.o(.ARM.Collect$$$$00000008)
    .ARM.Collect$$$$0000000A                 0x080000f4   Section        0  entry8b.o(.ARM.Collect$$$$0000000A)
    .ARM.Collect$$$$0000000B                 0x080000f4   Section        8  entry9a.o(.ARM.Collect$$$$0000000B)
    .ARM.Collect$$$$0000000D                 0x080000fc   Section        0  entry10a.o(.ARM.Collect$$$$0000000D)
    .ARM.Collect$$$$0000000F                 0x080000fc   Section        0  entry11a.o(.ARM.Collect$$$$0000000F)
    .ARM.Collect$$$$00002712                 0x080000fc   Section        4  entry2.o(.ARM.Collect$$$$00002712)
    __lit__00000000                          0x080000fc   Data           4  entry2.o(.ARM.Collect$$$$00002712)
    .emb_text                                0x08000100   Section      150  port.o(.emb_text)
    .text                                    0x08000198   Section       36  startup_stm32f10x_md.o(.text)
    .text                                    0x080001bc   Section        0  misc.o(.text)
    .text                                    0x08000298   Section        0  stm32f10x_exti.o(.text)
    .text                                    0x080003b4   Section        0  stm32f10x_gpio.o(.text)
    .text                                    0x08000710   Section        0  stm32f10x_rcc.o(.text)
    .text                                    0x08000ab4   Section        0  stm32f10x_tim.o(.text)
    TI4_Config                               0x08000f5b   Thumb Code   130  stm32f10x_tim.o(.text)
    TI3_Config                               0x08000fef   Thumb Code   122  stm32f10x_tim.o(.text)
    TI2_Config                               0x08001083   Thumb Code   130  stm32f10x_tim.o(.text)
    TI1_Config                               0x08001117   Thumb Code   108  stm32f10x_tim.o(.text)
    .text                                    0x080018d0   Section        0  stm32f10x_usart.o(.text)
    .text                                    0x08001cd8   Section        0  led.o(.text)
    .text                                    0x08001d20   Section        0  taskconfig.o(.text)
    .text                                    0x08001de0   Section        0  encoder.o(.text)
    .text                                    0x08002094   Section        0  main.o(.text)
    .text                                    0x080020cc   Section        0  stm32f10x_it.o(.text)
    .text                                    0x080020e0   Section        0  system_stm32f10x.o(.text)
    SetSysClockTo72                          0x080020e1   Thumb Code   214  system_stm32f10x.o(.text)
    SetSysClock                              0x080021b7   Thumb Code     8  system_stm32f10x.o(.text)
    .text                                    0x080022c0   Section        0  delay.o(.text)
    .text                                    0x080023c4   Section        0  usart.o(.text)
    .text                                    0x08002568   Section        0  list.o(.text)
    .text                                    0x080025fc   Section        0  queue.o(.text)
    prvInitialiseNewQueue                    0x08002685   Thumb Code    46  queue.o(.text)
    prvCopyDataToQueue                       0x08002701   Thumb Code   124  queue.o(.text)
    prvNotifyQueueSetContainer               0x0800277d   Thumb Code   124  queue.o(.text)
    prvUnlockQueue                           0x080027f9   Thumb Code   146  queue.o(.text)
    prvIsQueueFull                           0x0800288b   Thumb Code    30  queue.o(.text)
    prvInitialiseMutex                       0x08002a71   Thumb Code    28  queue.o(.text)
    prvIsQueueEmpty                          0x08002af1   Thumb Code    26  queue.o(.text)
    prvCopyDataFromQueue                     0x08002b0b   Thumb Code    42  queue.o(.text)
    .text                                    0x08003308   Section        0  tasks.o(.text)
    prvInitialiseTaskLists                   0x08003309   Thumb Code    70  tasks.o(.text)
    prvAddNewTaskToReadyList                 0x0800334f   Thumb Code   156  tasks.o(.text)
    prvInitialiseNewTask                     0x080033eb   Thumb Code   170  tasks.o(.text)
    prvResetNextTaskUnblockTime              0x080034f5   Thumb Code    42  tasks.o(.text)
    prvDeleteTCB                             0x0800351f   Thumb Code    18  tasks.o(.text)
    prvAddCurrentTaskToDelayedList           0x08003853   Thumb Code   124  tasks.o(.text)
    prvTaskIsTaskSuspended                   0x08003d13   Thumb Code    76  tasks.o(.text)
    prvCheckTasksWaitingTermination          0x08003e71   Thumb Code    86  tasks.o(.text)
    prvIdleTask                              0x08003ec7   Thumb Code    32  tasks.o(.text)
    prvTaskCheckFreeStackSpace               0x08004005   Thumb Code    22  tasks.o(.text)
    prvListTasksWithinSingleList             0x0800408d   Thumb Code   106  tasks.o(.text)
    prvWriteNameToBuffer                     0x080045b7   Thumb Code    42  tasks.o(.text)
    .text                                    0x08004b28   Section        0  timers.o(.text)
    prvInsertTimerInActiveList               0x08004b29   Thumb Code    80  timers.o(.text)
    prvSwitchTimerLists                      0x08004bef   Thumb Code   140  timers.o(.text)
    prvSampleTimeNow                         0x08004c7b   Thumb Code    40  timers.o(.text)
    prvProcessReceivedCommands               0x08004ca3   Thumb Code   254  timers.o(.text)
    prvProcessExpiredTimer                   0x08004da1   Thumb Code    84  timers.o(.text)
    prvProcessTimerOrBlockTask               0x08004df5   Thumb Code   102  timers.o(.text)
    prvGetNextExpireTime                     0x08004e5b   Thumb Code    36  timers.o(.text)
    prvTimerTask                             0x08004e7f   Thumb Code    26  timers.o(.text)
    prvCheckForValidListAndQueue             0x08004e99   Thumb Code    72  timers.o(.text)
    prvInitialiseNewTimer                    0x08004f19   Thumb Code   162  timers.o(.text)
    .text                                    0x08005164   Section        0  heap_4.o(.text)
    prvInsertBlockIntoFreeList               0x08005165   Thumb Code    96  heap_4.o(.text)
    prvHeapInit                              0x080051c5   Thumb Code    98  heap_4.o(.text)
    .text                                    0x08005400   Section        0  port.o(.text)
    prvTaskExitError                         0x08005401   Thumb Code    48  port.o(.text)
    .text                                    0x08005668   Section        0  memcpya.o(.text)
    .text                                    0x0800568c   Section        0  memseta.o(.text)
    .text                                    0x080056b0   Section        0  strlen.o(.text)
    .text                                    0x080056be   Section        0  strcpy.o(.text)
    .text                                    0x080056d0   Section        0  dmul.o(.text)
    .text                                    0x080057b4   Section        0  ddiv.o(.text)
    .text                                    0x08005892   Section        0  uidiv.o(.text)
    .text                                    0x080058be   Section        0  uldiv.o(.text)
    .text                                    0x08005920   Section        0  llushr.o(.text)
    .text                                    0x08005940   Section        0  depilogue.o(.text)
    .text                                    0x08005940   Section        0  iusefp.o(.text)
    .text                                    0x080059fa   Section        0  dadd.o(.text)
    .text                                    0x08005b48   Section        0  dfixul.o(.text)
    .text                                    0x08005b78   Section       48  cdrcmple.o(.text)
    .text                                    0x08005ba8   Section       36  init.o(.text)
    .text                                    0x08005bcc   Section        0  llshl.o(.text)
    .text                                    0x08005bcc   Section        0  semi.o(.text)
    .text                                    0x08005bea   Section        0  llsshr.o(.text)
    .text                                    0x08005c0e   Section        0  iusesemip.o(.text)
    i.__0printf                              0x08005c10   Section        0  printfa.o(i.__0printf)
    i.__0sprintf                             0x08005c30   Section        0  printfa.o(i.__0sprintf)
    i.__0vsprintf                            0x08005c58   Section        0  printfa.o(i.__0vsprintf)
    i.__scatterload_copy                     0x08005c7c   Section       14  handlers.o(i.__scatterload_copy)
    i.__scatterload_null                     0x08005c8a   Section        2  handlers.o(i.__scatterload_null)
    i.__scatterload_zeroinit                 0x08005c8c   Section       14  handlers.o(i.__scatterload_zeroinit)
    i._fp_digits                             0x08005c9c   Section        0  printfa.o(i._fp_digits)
    _fp_digits                               0x08005c9d   Thumb Code   366  printfa.o(i._fp_digits)
    i._printf_core                           0x08005e20   Section        0  printfa.o(i._printf_core)
    _printf_core                             0x08005e21   Thumb Code  1744  printfa.o(i._printf_core)
    i._printf_post_padding                   0x080064fc   Section        0  printfa.o(i._printf_post_padding)
    _printf_post_padding                     0x080064fd   Thumb Code    36  printfa.o(i._printf_post_padding)
    i._printf_pre_padding                    0x08006520   Section        0  printfa.o(i._printf_pre_padding)
    _printf_pre_padding                      0x08006521   Thumb Code    46  printfa.o(i._printf_pre_padding)
    i._sputc                                 0x0800654e   Section        0  printfa.o(i._sputc)
    _sputc                                   0x0800654f   Thumb Code    10  printfa.o(i._sputc)
    i.fputc                                  0x08006558   Section        0  fputc.o(i.fputc)
    .data                                    0x20000000   Section       20  stm32f10x_rcc.o(.data)
    APBAHBPrescTable                         0x20000000   Data          16  stm32f10x_rcc.o(.data)
    ADCPrescTable                            0x20000010   Data           4  stm32f10x_rcc.o(.data)
    .data                                    0x20000014   Section       16  taskconfig.o(.data)
    .data                                    0x20000024   Section       20  system_stm32f10x.o(.data)
    .data                                    0x20000038   Section        4  delay.o(.data)
    fac_us                                   0x20000038   Data           1  delay.o(.data)
    fac_ms                                   0x2000003a   Data           2  delay.o(.data)
    .data                                    0x2000003c   Section       60  tasks.o(.data)
    pxDelayedTaskList                        0x20000040   Data           4  tasks.o(.data)
    pxOverflowDelayedTaskList                0x20000044   Data           4  tasks.o(.data)
    uxDeletedTasksWaitingCleanUp             0x20000048   Data           4  tasks.o(.data)
    uxCurrentNumberOfTasks                   0x2000004c   Data           4  tasks.o(.data)
    xTickCount                               0x20000050   Data           4  tasks.o(.data)
    uxTopReadyPriority                       0x20000054   Data           4  tasks.o(.data)
    xSchedulerRunning                        0x20000058   Data           4  tasks.o(.data)
    uxPendedTicks                            0x2000005c   Data           4  tasks.o(.data)
    xYieldPending                            0x20000060   Data           4  tasks.o(.data)
    xNumOfOverflows                          0x20000064   Data           4  tasks.o(.data)
    uxTaskNumber                             0x20000068   Data           4  tasks.o(.data)
    xNextTaskUnblockTime                     0x2000006c   Data           4  tasks.o(.data)
    xIdleTaskHandle                          0x20000070   Data           4  tasks.o(.data)
    uxSchedulerSuspended                     0x20000074   Data           4  tasks.o(.data)
    .data                                    0x20000078   Section       20  timers.o(.data)
    pxCurrentTimerList                       0x20000078   Data           4  timers.o(.data)
    pxOverflowTimerList                      0x2000007c   Data           4  timers.o(.data)
    xTimerQueue                              0x20000080   Data           4  timers.o(.data)
    xTimerTaskHandle                         0x20000084   Data           4  timers.o(.data)
    xLastTime                                0x20000088   Data           4  timers.o(.data)
    .data                                    0x2000008c   Section       24  heap_4.o(.data)
    xStart                                   0x2000008c   Data           8  heap_4.o(.data)
    pxEnd                                    0x20000094   Data           4  heap_4.o(.data)
    xFreeBytesRemaining                      0x20000098   Data           4  heap_4.o(.data)
    xMinimumEverFreeBytesRemaining           0x2000009c   Data           4  heap_4.o(.data)
    xBlockAllocatedBit                       0x200000a0   Data           4  heap_4.o(.data)
    .data                                    0x200000a4   Section       12  port.o(.data)
    uxCriticalNesting                        0x200000a4   Data           4  port.o(.data)
    ucMaxSysCallPriority                     0x200000a8   Data           1  port.o(.data)
    ulMaxPRIGROUPValue                       0x200000ac   Data           4  port.o(.data)
    .data                                    0x200000b0   Section        4  stdout.o(.data)
    .bss                                     0x200000b4   Section       44  taskconfig.o(.bss)
    .bss                                     0x200000e0   Section      256  usart.o(.bss)
    buf                                      0x200000e0   Data         256  usart.o(.bss)
    .bss                                     0x200001e0   Section       64  queue.o(.bss)
    .bss                                     0x20000220   Section      740  tasks.o(.bss)
    pxReadyTasksLists                        0x20000220   Data         640  tasks.o(.bss)
    xDelayedTaskList1                        0x200004a0   Data          20  tasks.o(.bss)
    xDelayedTaskList2                        0x200004b4   Data          20  tasks.o(.bss)
    xPendingReadyList                        0x200004c8   Data          20  tasks.o(.bss)
    xTasksWaitingTermination                 0x200004dc   Data          20  tasks.o(.bss)
    xSuspendedTaskList                       0x200004f0   Data          20  tasks.o(.bss)
    .bss                                     0x20000504   Section       40  timers.o(.bss)
    xActiveTimerList1                        0x20000504   Data          20  timers.o(.bss)
    xActiveTimerList2                        0x20000518   Data          20  timers.o(.bss)
    .bss                                     0x2000052c   Section    17408  heap_4.o(.bss)
    ucHeap                                   0x2000052c   Data       17408  heap_4.o(.bss)
    STACK                                    0x20004930   Section     1024  startup_stm32f10x_md.o(STACK)

    Global Symbols

    Symbol Name                              Value     Ov Type        Size  Object(Section)

    BuildAttributes$$THM_ISAv4$P$D$K$B$S$PE$A:L22UL41UL21$X:L11$S22US41US21$IEEE1$IW$USESV6$~STKCKD$USESV7$~SHL$OSPACE$ROPI$EBA8$MICROLIB$REQ8$PRES8$EABIv2 0x00000000   Number         0  anon$$obj.o ABSOLUTE
    __ARM_use_no_argv                        0x00000000   Number         0  main.o ABSOLUTE
    _printf_a                                0x00000000   Number         0  stubs.o ABSOLUTE
    _printf_c                                0x00000000   Number         0  stubs.o ABSOLUTE
    _printf_charcount                        0x00000000   Number         0  stubs.o ABSOLUTE
    _printf_d                                0x00000000   Number         0  stubs.o ABSOLUTE
    _printf_e                                0x00000000   Number         0  stubs.o ABSOLUTE
    _printf_f                                0x00000000   Number         0  stubs.o ABSOLUTE
    _printf_flags                            0x00000000   Number         0  stubs.o ABSOLUTE
    _printf_fp_dec                           0x00000000   Number         0  stubs.o ABSOLUTE
    _printf_fp_hex                           0x00000000   Number         0  stubs.o ABSOLUTE
    _printf_g                                0x00000000   Number         0  stubs.o ABSOLUTE
    _printf_i                                0x00000000   Number         0  stubs.o ABSOLUTE
    _printf_int_dec                          0x00000000   Number         0  stubs.o ABSOLUTE
    _printf_l                                0x00000000   Number         0  stubs.o ABSOLUTE
    _printf_lc                               0x00000000   Number         0  stubs.o ABSOLUTE
    _printf_ll                               0x00000000   Number         0  stubs.o ABSOLUTE
    _printf_lld                              0x00000000   Number         0  stubs.o ABSOLUTE
    _printf_lli                              0x00000000   Number         0  stubs.o ABSOLUTE
    _printf_llo                              0x00000000   Number         0  stubs.o ABSOLUTE
    _printf_llu                              0x00000000   Number         0  stubs.o ABSOLUTE
    _printf_llx                              0x00000000   Number         0  stubs.o ABSOLUTE
    _printf_longlong_dec                     0x00000000   Number         0  stubs.o ABSOLUTE
    _printf_longlong_hex                     0x00000000   Number         0  stubs.o ABSOLUTE
    _printf_longlong_oct                     0x00000000   Number         0  stubs.o ABSOLUTE
    _printf_ls                               0x00000000   Number         0  stubs.o ABSOLUTE
    _printf_mbtowc                           0x00000000   Number         0  stubs.o ABSOLUTE
    _printf_n                                0x00000000   Number         0  stubs.o ABSOLUTE
    _printf_o                                0x00000000   Number         0  stubs.o ABSOLUTE
    _printf_p                                0x00000000   Number         0  stubs.o ABSOLUTE
    _printf_percent                          0x00000000   Number         0  stubs.o ABSOLUTE
    _printf_pre_padding                      0x00000000   Number         0  stubs.o ABSOLUTE
    _printf_return_value                     0x00000000   Number         0  stubs.o ABSOLUTE
    _printf_s                                0x00000000   Number         0  stubs.o ABSOLUTE
    _printf_sizespec                         0x00000000   Number         0  stubs.o ABSOLUTE
    _printf_str                              0x00000000   Number         0  stubs.o ABSOLUTE
    _printf_truncate_signed                  0x00000000   Number         0  stubs.o ABSOLUTE
    _printf_truncate_unsigned                0x00000000   Number         0  stubs.o ABSOLUTE
    _printf_u                                0x00000000   Number         0  stubs.o ABSOLUTE
    _printf_wc                               0x00000000   Number         0  stubs.o ABSOLUTE
    _printf_wctomb                           0x00000000   Number         0  stubs.o ABSOLUTE
    _printf_widthprec                        0x00000000   Number         0  stubs.o ABSOLUTE
    _printf_x                                0x00000000   Number         0  stubs.o ABSOLUTE
    __cpp_initialize__aeabi_                  - Undefined Weak Reference
    __cxa_finalize                            - Undefined Weak Reference
    __decompress                              - Undefined Weak Reference
    _clock_init                               - Undefined Weak Reference
    _microlib_exit                            - Undefined Weak Reference
    __Vectors_Size                           0x000000ec   Number         0  startup_stm32f10x_md.o ABSOLUTE
    __Vectors                                0x08000000   Data           4  startup_stm32f10x_md.o(RESET)
    __Vectors_End                            0x080000ec   Data           0  startup_stm32f10x_md.o(RESET)
    __main                                   0x080000ed   Thumb Code     0  entry.o(.ARM.Collect$$$$00000000)
    _main_stk                                0x080000ed   Thumb Code     0  entry2.o(.ARM.Collect$$$$00000001)
    _main_scatterload                        0x080000f1   Thumb Code     0  entry5.o(.ARM.Collect$$$$00000004)
    __main_after_scatterload                 0x080000f5   Thumb Code     0  entry5.o(.ARM.Collect$$$$00000004)
    _main_clock                              0x080000f5   Thumb Code     0  entry7b.o(.ARM.Collect$$$$00000008)
    _main_cpp_init                           0x080000f5   Thumb Code     0  entry8b.o(.ARM.Collect$$$$0000000A)
    _main_init                               0x080000f5   Thumb Code     0  entry9a.o(.ARM.Collect$$$$0000000B)
    __rt_final_cpp                           0x080000fd   Thumb Code     0  entry10a.o(.ARM.Collect$$$$0000000D)
    __rt_final_exit                          0x080000fd   Thumb Code     0  entry11a.o(.ARM.Collect$$$$0000000F)
    SVC_Handler                              0x08000101   Thumb Code    32  port.o(.emb_text)
    __asm___6_port_c_39a90d8d__prvStartFirstTask 0x08000125   Thumb Code    28  port.o(.emb_text)
    PendSV_Handler                           0x08000145   Thumb Code    72  port.o(.emb_text)
    vPortGetIPSR                             0x08000191   Thumb Code     6  port.o(.emb_text)
    Reset_Handler                            0x08000199   Thumb Code     8  startup_stm32f10x_md.o(.text)
    ADC1_2_IRQHandler                        0x080001b3   Thumb Code     0  startup_stm32f10x_md.o(.text)
    CAN1_RX1_IRQHandler                      0x080001b3   Thumb Code     0  startup_stm32f10x_md.o(.text)
    CAN1_SCE_IRQHandler                      0x080001b3   Thumb Code     0  startup_stm32f10x_md.o(.text)
    DMA1_Channel1_IRQHandler                 0x080001b3   Thumb Code     0  startup_stm32f10x_md.o(.text)
    DMA1_Channel2_IRQHandler                 0x080001b3   Thumb Code     0  startup_stm32f10x_md.o(.text)
    DMA1_Channel3_IRQHandler                 0x080001b3   Thumb Code     0  startup_stm32f10x_md.o(.text)
    DMA1_Channel4_IRQHandler                 0x080001b3   Thumb Code     0  startup_stm32f10x_md.o(.text)
    DMA1_Channel5_IRQHandler                 0x080001b3   Thumb Code     0  startup_stm32f10x_md.o(.text)
    DMA1_Channel6_IRQHandler                 0x080001b3   Thumb Code     0  startup_stm32f10x_md.o(.text)
    DMA1_Channel7_IRQHandler                 0x080001b3   Thumb Code     0  startup_stm32f10x_md.o(.text)
    EXTI15_10_IRQHandler                     0x080001b3   Thumb Code     0  startup_stm32f10x_md.o(.text)
    EXTI2_IRQHandler                         0x080001b3   Thumb Code     0  startup_stm32f10x_md.o(.text)
    EXTI3_IRQHandler                         0x080001b3   Thumb Code     0  startup_stm32f10x_md.o(.text)
    EXTI4_IRQHandler                         0x080001b3   Thumb Code     0  startup_stm32f10x_md.o(.text)
    EXTI9_5_IRQHandler                       0x080001b3   Thumb Code     0  startup_stm32f10x_md.o(.text)
    FLASH_IRQHandler                         0x080001b3   Thumb Code     0  startup_stm32f10x_md.o(.text)
    I2C1_ER_IRQHandler                       0x080001b3   Thumb Code     0  startup_stm32f10x_md.o(.text)
    I2C1_EV_IRQHandler                       0x080001b3   Thumb Code     0  startup_stm32f10x_md.o(.text)
    I2C2_ER_IRQHandler                       0x080001b3   Thumb Code     0  startup_stm32f10x_md.o(.text)
    I2C2_EV_IRQHandler                       0x080001b3   Thumb Code     0  startup_stm32f10x_md.o(.text)
    PVD_IRQHandler                           0x080001b3   Thumb Code     0  startup_stm32f10x_md.o(.text)
    RCC_IRQHandler                           0x080001b3   Thumb Code     0  startup_stm32f10x_md.o(.text)
    RTCAlarm_IRQHandler                      0x080001b3   Thumb Code     0  startup_stm32f10x_md.o(.text)
    RTC_IRQHandler                           0x080001b3   Thumb Code     0  startup_stm32f10x_md.o(.text)
    SPI1_IRQHandler                          0x080001b3   Thumb Code     0  startup_stm32f10x_md.o(.text)
    SPI2_IRQHandler                          0x080001b3   Thumb Code     0  startup_stm32f10x_md.o(.text)
    TAMPER_IRQHandler                        0x080001b3   Thumb Code     0  startup_stm32f10x_md.o(.text)
    TIM1_BRK_IRQHandler                      0x080001b3   Thumb Code     0  startup_stm32f10x_md.o(.text)
    TIM1_CC_IRQHandler                       0x080001b3   Thumb Code     0  startup_stm32f10x_md.o(.text)
    TIM1_TRG_COM_IRQHandler                  0x080001b3   Thumb Code     0  startup_stm32f10x_md.o(.text)
    TIM1_UP_IRQHandler                       0x080001b3   Thumb Code     0  startup_stm32f10x_md.o(.text)
    TIM2_IRQHandler                          0x080001b3   Thumb Code     0  startup_stm32f10x_md.o(.text)
    TIM4_IRQHandler                          0x080001b3   Thumb Code     0  startup_stm32f10x_md.o(.text)
    USART2_IRQHandler                        0x080001b3   Thumb Code     0  startup_stm32f10x_md.o(.text)
    USART3_IRQHandler                        0x080001b3   Thumb Code     0  startup_stm32f10x_md.o(.text)
    USBWakeUp_IRQHandler                     0x080001b3   Thumb Code     0  startup_stm32f10x_md.o(.text)
    USB_HP_CAN1_TX_IRQHandler                0x080001b3   Thumb Code     0  startup_stm32f10x_md.o(.text)
    USB_LP_CAN1_RX0_IRQHandler               0x080001b3   Thumb Code     0  startup_stm32f10x_md.o(.text)
    WWDG_IRQHandler                          0x080001b3   Thumb Code     0  startup_stm32f10x_md.o(.text)
    NVIC_PriorityGroupConfig                 0x080001bd   Thumb Code    10  misc.o(.text)
    NVIC_Init                                0x080001c7   Thumb Code   100  misc.o(.text)
    NVIC_SetVectorTable                      0x0800022b   Thumb Code    14  misc.o(.text)
    NVIC_SystemLPConfig                      0x08000239   Thumb Code    34  misc.o(.text)
    SysTick_CLKSourceConfig                  0x0800025b   Thumb Code    40  misc.o(.text)
    EXTI_DeInit                              0x08000299   Thumb Code    28  stm32f10x_exti.o(.text)
    EXTI_Init                                0x080002b5   Thumb Code   142  stm32f10x_exti.o(.text)
    EXTI_StructInit                          0x08000343   Thumb Code    16  stm32f10x_exti.o(.text)
    EXTI_GenerateSWInterrupt                 0x08000353   Thumb Code    16  stm32f10x_exti.o(.text)
    EXTI_GetFlagStatus                       0x08000363   Thumb Code    22  stm32f10x_exti.o(.text)
    EXTI_ClearFlag                           0x08000379   Thumb Code     8  stm32f10x_exti.o(.text)
    EXTI_GetITStatus                         0x08000381   Thumb Code    34  stm32f10x_exti.o(.text)
    EXTI_ClearITPendingBit                   0x080003a3   Thumb Code     8  stm32f10x_exti.o(.text)
    GPIO_DeInit                              0x080003b5   Thumb Code   172  stm32f10x_gpio.o(.text)
    GPIO_AFIODeInit                          0x08000461   Thumb Code    20  stm32f10x_gpio.o(.text)
    GPIO_Init                                0x08000475   Thumb Code   278  stm32f10x_gpio.o(.text)
    GPIO_StructInit                          0x0800058b   Thumb Code    16  stm32f10x_gpio.o(.text)
    GPIO_ReadInputDataBit                    0x0800059b   Thumb Code    18  stm32f10x_gpio.o(.text)
    GPIO_ReadInputData                       0x080005ad   Thumb Code     8  stm32f10x_gpio.o(.text)
    GPIO_ReadOutputDataBit                   0x080005b5   Thumb Code    18  stm32f10x_gpio.o(.text)
    GPIO_ReadOutputData                      0x080005c7   Thumb Code     8  stm32f10x_gpio.o(.text)
    GPIO_SetBits                             0x080005cf   Thumb Code     4  stm32f10x_gpio.o(.text)
    GPIO_ResetBits                           0x080005d3   Thumb Code     4  stm32f10x_gpio.o(.text)
    GPIO_WriteBit                            0x080005d7   Thumb Code    10  stm32f10x_gpio.o(.text)
    GPIO_Write                               0x080005e1   Thumb Code     4  stm32f10x_gpio.o(.text)
    GPIO_PinLockConfig                       0x080005e5   Thumb Code    18  stm32f10x_gpio.o(.text)
    GPIO_EventOutputConfig                   0x080005f7   Thumb Code    26  stm32f10x_gpio.o(.text)
    GPIO_EventOutputCmd                      0x08000611   Thumb Code     6  stm32f10x_gpio.o(.text)
    GPIO_PinRemapConfig                      0x08000617   Thumb Code   138  stm32f10x_gpio.o(.text)
    GPIO_EXTILineConfig                      0x080006a1   Thumb Code    66  stm32f10x_gpio.o(.text)
    GPIO_ETH_MediaInterfaceConfig            0x080006e3   Thumb Code     8  stm32f10x_gpio.o(.text)
    RCC_DeInit                               0x08000711   Thumb Code    64  stm32f10x_rcc.o(.text)
    RCC_HSEConfig                            0x08000751   Thumb Code    70  stm32f10x_rcc.o(.text)
    RCC_GetFlagStatus                        0x08000797   Thumb Code    56  stm32f10x_rcc.o(.text)
    RCC_WaitForHSEStartUp                    0x080007cf   Thumb Code    56  stm32f10x_rcc.o(.text)
    RCC_AdjustHSICalibrationValue            0x08000807   Thumb Code    20  stm32f10x_rcc.o(.text)
    RCC_HSICmd                               0x0800081b   Thumb Code     6  stm32f10x_rcc.o(.text)
    RCC_PLLConfig                            0x08000821   Thumb Code    24  stm32f10x_rcc.o(.text)
    RCC_PLLCmd                               0x08000839   Thumb Code     6  stm32f10x_rcc.o(.text)
    RCC_SYSCLKConfig                         0x0800083f   Thumb Code    18  stm32f10x_rcc.o(.text)
    RCC_GetSYSCLKSource                      0x08000851   Thumb Code    10  stm32f10x_rcc.o(.text)
    RCC_HCLKConfig                           0x0800085b   Thumb Code    18  stm32f10x_rcc.o(.text)
    RCC_PCLK1Config                          0x0800086d   Thumb Code    18  stm32f10x_rcc.o(.text)
    RCC_PCLK2Config                          0x0800087f   Thumb Code    20  stm32f10x_rcc.o(.text)
    RCC_ITConfig                             0x08000893   Thumb Code    26  stm32f10x_rcc.o(.text)
    RCC_USBCLKConfig                         0x080008ad   Thumb Code     8  stm32f10x_rcc.o(.text)
    RCC_ADCCLKConfig                         0x080008b5   Thumb Code    18  stm32f10x_rcc.o(.text)
    RCC_LSEConfig                            0x080008c7   Thumb Code    50  stm32f10x_rcc.o(.text)
    RCC_LSICmd                               0x080008f9   Thumb Code     6  stm32f10x_rcc.o(.text)
    RCC_RTCCLKConfig                         0x080008ff   Thumb Code    12  stm32f10x_rcc.o(.text)
    RCC_RTCCLKCmd                            0x0800090b   Thumb Code     8  stm32f10x_rcc.o(.text)
    RCC_GetClocksFreq                        0x08000913   Thumb Code   192  stm32f10x_rcc.o(.text)
    RCC_AHBPeriphClockCmd                    0x080009d3   Thumb Code    26  stm32f10x_rcc.o(.text)
    RCC_APB2PeriphClockCmd                   0x080009ed   Thumb Code    26  stm32f10x_rcc.o(.text)
    RCC_APB1PeriphClockCmd                   0x08000a07   Thumb Code    26  stm32f10x_rcc.o(.text)
    RCC_APB2PeriphResetCmd                   0x08000a21   Thumb Code    26  stm32f10x_rcc.o(.text)
    RCC_APB1PeriphResetCmd                   0x08000a3b   Thumb Code    26  stm32f10x_rcc.o(.text)
    RCC_BackupResetCmd                       0x08000a55   Thumb Code     8  stm32f10x_rcc.o(.text)
    RCC_ClockSecuritySystemCmd               0x08000a5d   Thumb Code     6  stm32f10x_rcc.o(.text)
    RCC_MCOConfig                            0x08000a63   Thumb Code     6  stm32f10x_rcc.o(.text)
    RCC_ClearFlag                            0x08000a69   Thumb Code    14  stm32f10x_rcc.o(.text)
    RCC_GetITStatus                          0x08000a77   Thumb Code    20  stm32f10x_rcc.o(.text)
    RCC_ClearITPendingBit                    0x08000a8b   Thumb Code     6  stm32f10x_rcc.o(.text)
    TIM_DeInit                               0x08000ab5   Thumb Code   424  stm32f10x_tim.o(.text)
    TIM_TimeBaseInit                         0x08000c5d   Thumb Code   122  stm32f10x_tim.o(.text)
    TIM_OC1Init                              0x08000cd7   Thumb Code   132  stm32f10x_tim.o(.text)
    TIM_OC2Init                              0x08000d5b   Thumb Code   154  stm32f10x_tim.o(.text)
    TIM_OC3Init                              0x08000df5   Thumb Code   150  stm32f10x_tim.o(.text)
    TIM_OC4Init                              0x08000e8b   Thumb Code   182  stm32f10x_tim.o(.text)
    TIM_SetIC4Prescaler                      0x08000f41   Thumb Code    26  stm32f10x_tim.o(.text)
    TIM_SetIC3Prescaler                      0x08000fdd   Thumb Code    18  stm32f10x_tim.o(.text)
    TIM_SetIC2Prescaler                      0x08001069   Thumb Code    26  stm32f10x_tim.o(.text)
    TIM_SetIC1Prescaler                      0x08001105   Thumb Code    18  stm32f10x_tim.o(.text)
    TIM_ICInit                               0x08001183   Thumb Code   150  stm32f10x_tim.o(.text)
    TIM_PWMIConfig                           0x08001219   Thumb Code   124  stm32f10x_tim.o(.text)
    TIM_BDTRConfig                           0x08001295   Thumb Code    32  stm32f10x_tim.o(.text)
    TIM_TimeBaseStructInit                   0x080012b5   Thumb Code    18  stm32f10x_tim.o(.text)
    TIM_OCStructInit                         0x080012c7   Thumb Code    20  stm32f10x_tim.o(.text)
    TIM_ICStructInit                         0x080012db   Thumb Code    18  stm32f10x_tim.o(.text)
    TIM_BDTRStructInit                       0x080012ed   Thumb Code    40  stm32f10x_tim.o(.text)
    TIM_Cmd                                  0x08001315   Thumb Code    24  stm32f10x_tim.o(.text)
    TIM_CtrlPWMOutputs                       0x0800132d   Thumb Code    30  stm32f10x_tim.o(.text)
    TIM_ITConfig                             0x0800134b   Thumb Code    18  stm32f10x_tim.o(.text)
    TIM_GenerateEvent                        0x0800135d   Thumb Code     4  stm32f10x_tim.o(.text)
    TIM_DMAConfig                            0x08001361   Thumb Code    10  stm32f10x_tim.o(.text)
    TIM_DMACmd                               0x0800136b   Thumb Code    18  stm32f10x_tim.o(.text)
    TIM_InternalClockConfig                  0x0800137d   Thumb Code    12  stm32f10x_tim.o(.text)
    TIM_SelectInputTrigger                   0x08001389   Thumb Code    18  stm32f10x_tim.o(.text)
    TIM_ITRxExternalClockConfig              0x0800139b   Thumb Code    24  stm32f10x_tim.o(.text)
    TIM_TIxExternalClockConfig               0x080013b3   Thumb Code    62  stm32f10x_tim.o(.text)
    TIM_ETRConfig                            0x080013f1   Thumb Code    28  stm32f10x_tim.o(.text)
    TIM_ETRClockMode1Config                  0x0800140d   Thumb Code    54  stm32f10x_tim.o(.text)
    TIM_ETRClockMode2Config                  0x08001443   Thumb Code    32  stm32f10x_tim.o(.text)
    TIM_PrescalerConfig                      0x08001463   Thumb Code     6  stm32f10x_tim.o(.text)
    TIM_CounterModeConfig                    0x08001469   Thumb Code    18  stm32f10x_tim.o(.text)
    TIM_EncoderInterfaceConfig               0x0800147b   Thumb Code    66  stm32f10x_tim.o(.text)
    TIM_ForcedOC1Config                      0x080014bd   Thumb Code    18  stm32f10x_tim.o(.text)
    TIM_ForcedOC2Config                      0x080014cf   Thumb Code    26  stm32f10x_tim.o(.text)
    TIM_ForcedOC3Config                      0x080014e9   Thumb Code    18  stm32f10x_tim.o(.text)
    TIM_ForcedOC4Config                      0x080014fb   Thumb Code    26  stm32f10x_tim.o(.text)
    TIM_ARRPreloadConfig                     0x08001515   Thumb Code    24  stm32f10x_tim.o(.text)
    TIM_SelectCOM                            0x0800152d   Thumb Code    24  stm32f10x_tim.o(.text)
    TIM_SelectCCDMA                          0x08001545   Thumb Code    24  stm32f10x_tim.o(.text)
    TIM_CCPreloadControl                     0x0800155d   Thumb Code    24  stm32f10x_tim.o(.text)
    TIM_OC1PreloadConfig                     0x08001575   Thumb Code    18  stm32f10x_tim.o(.text)
    TIM_OC2PreloadConfig                     0x08001587   Thumb Code    26  stm32f10x_tim.o(.text)
    TIM_OC3PreloadConfig                     0x080015a1   Thumb Code    18  stm32f10x_tim.o(.text)
    TIM_OC4PreloadConfig                     0x080015b3   Thumb Code    26  stm32f10x_tim.o(.text)
    TIM_OC1FastConfig                        0x080015cd   Thumb Code    18  stm32f10x_tim.o(.text)
    TIM_OC2FastConfig                        0x080015df   Thumb Code    26  stm32f10x_tim.o(.text)
    TIM_OC3FastConfig                        0x080015f9   Thumb Code    18  stm32f10x_tim.o(.text)
    TIM_OC4FastConfig                        0x0800160b   Thumb Code    26  stm32f10x_tim.o(.text)
    TIM_ClearOC1Ref                          0x08001625   Thumb Code    18  stm32f10x_tim.o(.text)
    TIM_ClearOC2Ref                          0x08001637   Thumb Code    24  stm32f10x_tim.o(.text)
    TIM_ClearOC3Ref                          0x0800164f   Thumb Code    18  stm32f10x_tim.o(.text)
    TIM_ClearOC4Ref                          0x08001661   Thumb Code    24  stm32f10x_tim.o(.text)
    TIM_OC1PolarityConfig                    0x08001679   Thumb Code    18  stm32f10x_tim.o(.text)
    TIM_OC1NPolarityConfig                   0x0800168b   Thumb Code    18  stm32f10x_tim.o(.text)
    TIM_OC2PolarityConfig                    0x0800169d   Thumb Code    26  stm32f10x_tim.o(.text)
    TIM_OC2NPolarityConfig                   0x080016b7   Thumb Code    26  stm32f10x_tim.o(.text)
    TIM_OC3PolarityConfig                    0x080016d1   Thumb Code    26  stm32f10x_tim.o(.text)
    TIM_OC3NPolarityConfig                   0x080016eb   Thumb Code    26  stm32f10x_tim.o(.text)
    TIM_OC4PolarityConfig                    0x08001705   Thumb Code    26  stm32f10x_tim.o(.text)
    TIM_CCxCmd                               0x0800171f   Thumb Code    30  stm32f10x_tim.o(.text)
    TIM_CCxNCmd                              0x0800173d   Thumb Code    30  stm32f10x_tim.o(.text)
    TIM_SelectOCxM                           0x0800175b   Thumb Code    82  stm32f10x_tim.o(.text)
    TIM_UpdateDisableConfig                  0x080017ad   Thumb Code    24  stm32f10x_tim.o(.text)
    TIM_UpdateRequestConfig                  0x080017c5   Thumb Code    24  stm32f10x_tim.o(.text)
    TIM_SelectHallSensor                     0x080017dd   Thumb Code    24  stm32f10x_tim.o(.text)
    TIM_SelectOnePulseMode                   0x080017f5   Thumb Code    18  stm32f10x_tim.o(.text)
    TIM_SelectOutputTrigger                  0x08001807   Thumb Code    18  stm32f10x_tim.o(.text)
    TIM_SelectSlaveMode                      0x08001819   Thumb Code    18  stm32f10x_tim.o(.text)
    TIM_SelectMasterSlaveMode                0x0800182b   Thumb Code    18  stm32f10x_tim.o(.text)
    TIM_SetCounter                           0x0800183d   Thumb Code     4  stm32f10x_tim.o(.text)
    TIM_SetAutoreload                        0x08001841   Thumb Code     4  stm32f10x_tim.o(.text)
    TIM_SetCompare1                          0x08001845   Thumb Code     4  stm32f10x_tim.o(.text)
    TIM_SetCompare2                          0x08001849   Thumb Code     4  stm32f10x_tim.o(.text)
    TIM_SetCompare3                          0x0800184d   Thumb Code     4  stm32f10x_tim.o(.text)
    TIM_SetCompare4                          0x08001851   Thumb Code     6  stm32f10x_tim.o(.text)
    TIM_SetClockDivision                     0x08001857   Thumb Code    18  stm32f10x_tim.o(.text)
    TIM_GetCapture1                          0x08001869   Thumb Code     6  stm32f10x_tim.o(.text)
    TIM_GetCapture2                          0x0800186f   Thumb Code     6  stm32f10x_tim.o(.text)
    TIM_GetCapture3                          0x08001875   Thumb Code     6  stm32f10x_tim.o(.text)
    TIM_GetCapture4                          0x0800187b   Thumb Code     8  stm32f10x_tim.o(.text)
    TIM_GetCounter                           0x08001883   Thumb Code     6  stm32f10x_tim.o(.text)
    TIM_GetPrescaler                         0x08001889   Thumb Code     6  stm32f10x_tim.o(.text)
    TIM_GetFlagStatus                        0x0800188f   Thumb Code    18  stm32f10x_tim.o(.text)
    TIM_ClearFlag                            0x080018a1   Thumb Code     6  stm32f10x_tim.o(.text)
    TIM_GetITStatus                          0x080018a7   Thumb Code    34  stm32f10x_tim.o(.text)
    TIM_ClearITPendingBit                    0x080018c9   Thumb Code     6  stm32f10x_tim.o(.text)
    USART_DeInit                             0x080018d1   Thumb Code   134  stm32f10x_usart.o(.text)
    USART_Init                               0x08001957   Thumb Code   210  stm32f10x_usart.o(.text)
    USART_StructInit                         0x08001a29   Thumb Code    24  stm32f10x_usart.o(.text)
    USART_ClockInit                          0x08001a41   Thumb Code    34  stm32f10x_usart.o(.text)
    USART_ClockStructInit                    0x08001a63   Thumb Code    12  stm32f10x_usart.o(.text)
    USART_Cmd                                0x08001a6f   Thumb Code    24  stm32f10x_usart.o(.text)
    USART_ITConfig                           0x08001a87   Thumb Code    74  stm32f10x_usart.o(.text)
    USART_DMACmd                             0x08001ad1   Thumb Code    18  stm32f10x_usart.o(.text)
    USART_SetAddress                         0x08001ae3   Thumb Code    18  stm32f10x_usart.o(.text)
    USART_WakeUpConfig                       0x08001af5   Thumb Code    18  stm32f10x_usart.o(.text)
    USART_ReceiverWakeUpCmd                  0x08001b07   Thumb Code    24  stm32f10x_usart.o(.text)
    USART_LINBreakDetectLengthConfig         0x08001b1f   Thumb Code    18  stm32f10x_usart.o(.text)
    USART_LINCmd                             0x08001b31   Thumb Code    24  stm32f10x_usart.o(.text)
    USART_SendData                           0x08001b49   Thumb Code     8  stm32f10x_usart.o(.text)
    USART_ReceiveData                        0x08001b51   Thumb Code    10  stm32f10x_usart.o(.text)
    USART_SendBreak                          0x08001b5b   Thumb Code    10  stm32f10x_usart.o(.text)
    USART_SetGuardTime                       0x08001b65   Thumb Code    16  stm32f10x_usart.o(.text)
    USART_SetPrescaler                       0x08001b75   Thumb Code    16  stm32f10x_usart.o(.text)
    USART_SmartCardCmd                       0x08001b85   Thumb Code    24  stm32f10x_usart.o(.text)
    USART_SmartCardNACKCmd                   0x08001b9d   Thumb Code    24  stm32f10x_usart.o(.text)
    USART_HalfDuplexCmd                      0x08001bb5   Thumb Code    24  stm32f10x_usart.o(.text)
    USART_OverSampling8Cmd                   0x08001bcd   Thumb Code    22  stm32f10x_usart.o(.text)
    USART_OneBitMethodCmd                    0x08001be3   Thumb Code    24  stm32f10x_usart.o(.text)
    USART_IrDAConfig                         0x08001bfb   Thumb Code    18  stm32f10x_usart.o(.text)
    USART_IrDACmd                            0x08001c0d   Thumb Code    24  stm32f10x_usart.o(.text)
    USART_GetFlagStatus                      0x08001c25   Thumb Code    26  stm32f10x_usart.o(.text)
    USART_ClearFlag                          0x08001c3f   Thumb Code    18  stm32f10x_usart.o(.text)
    USART_GetITStatus                        0x08001c51   Thumb Code    84  stm32f10x_usart.o(.text)
    USART_ClearITPendingBit                  0x08001ca5   Thumb Code    52  stm32f10x_usart.o(.text)
    LED_Init                                 0x08001cd9   Thumb Code    44  led.o(.text)
    LED_loop                                 0x08001d05   Thumb Code    14  led.o(.text)
    LogicalTask_Init                         0x08001d21   Thumb Code    16  taskconfig.o(.text)
    Logical_task                             0x08001d31   Thumb Code    32  taskconfig.o(.text)
    SerialTask_Init                          0x08001d51   Thumb Code     2  taskconfig.o(.text)
    Serial_task                              0x08001d53   Thumb Code    12  taskconfig.o(.text)
    ExceptionTask_Init                       0x08001d5f   Thumb Code     2  taskconfig.o(.text)
    Exception_task                           0x08001d61   Thumb Code    12  taskconfig.o(.text)
    system_config                            0x08001d6d   Thumb Code    28  taskconfig.o(.text)
    start_task                               0x08001d89   Thumb Code    44  taskconfig.o(.text)
    Encoder_Init_TIM3                        0x08001de1   Thumb Code   148  encoder.o(.text)
    Encoder_Init_TIM_Exit0                   0x08001e75   Thumb Code   106  encoder.o(.text)
    Encoder_Init_TIM_Exit1                   0x08001edf   Thumb Code   106  encoder.o(.text)
    Read_Encoder                             0x08001f49   Thumb Code    70  encoder.o(.text)
    TIM3_IRQHandler                          0x08001f8f   Thumb Code    30  encoder.o(.text)
    EXTI1_IRQHandler                         0x08001fad   Thumb Code    78  encoder.o(.text)
    EXTI0_IRQHandler                         0x08001ffb   Thumb Code    74  encoder.o(.text)
    Ecoder_Init                              0x08002045   Thumb Code    26  encoder.o(.text)
    Ecoder_Loop                              0x0800205f   Thumb Code    28  encoder.o(.text)
    main                                     0x08002095   Thumb Code    34  main.o(.text)
    NMI_Handler                              0x080020cd   Thumb Code     2  stm32f10x_it.o(.text)
    HardFault_Handler                        0x080020cf   Thumb Code     4  stm32f10x_it.o(.text)
    MemManage_Handler                        0x080020d3   Thumb Code     4  stm32f10x_it.o(.text)
    BusFault_Handler                         0x080020d7   Thumb Code     4  stm32f10x_it.o(.text)
    UsageFault_Handler                       0x080020db   Thumb Code     4  stm32f10x_it.o(.text)
    DebugMon_Handler                         0x080020df   Thumb Code     2  stm32f10x_it.o(.text)
    SystemInit                               0x080021bf   Thumb Code    78  system_stm32f10x.o(.text)
    SystemCoreClockUpdate                    0x0800220d   Thumb Code   142  system_stm32f10x.o(.text)
    SysTick_Handler                          0x080022c1   Thumb Code    16  delay.o(.text)
    delay_init                               0x080022d1   Thumb Code    74  delay.o(.text)
    delay_us                                 0x0800231b   Thumb Code    68  delay.o(.text)
    delay_ms                                 0x0800235f   Thumb Code    60  delay.o(.text)
    delay_xms                                0x0800239b   Thumb Code    24  delay.o(.text)
    USART1_Init                              0x080023c5   Thumb Code   154  usart.o(.text)
    myprintfUSART1                           0x0800245f   Thumb Code    68  usart.o(.text)
    mySerialWriteUSART1                      0x080024a3   Thumb Code    40  usart.o(.text)
    readFromUart1                            0x080024cb   Thumb Code    26  usart.o(.text)
    USART1_IRQHandler                        0x080024e5   Thumb Code   118  usart.o(.text)
    vListInitialise                          0x08002569   Thumb Code    26  list.o(.text)
    vListInitialiseItem                      0x08002583   Thumb Code     6  list.o(.text)
    vListInsertEnd                           0x08002589   Thumb Code    24  list.o(.text)
    vListInsert                              0x080025a1   Thumb Code    52  list.o(.text)
    uxListRemove                             0x080025d5   Thumb Code    40  list.o(.text)
    xQueueGenericReset                       0x080025fd   Thumb Code   136  queue.o(.text)
    xQueueGenericCreate                      0x080026b3   Thumb Code    78  queue.o(.text)
    xQueueGenericSend                        0x080028a9   Thumb Code   456  queue.o(.text)
    xQueueCreateMutex                        0x08002a8d   Thumb Code    34  queue.o(.text)
    xQueueGiveMutexRecursive                 0x08002aaf   Thumb Code    66  queue.o(.text)
    xQueueGenericReceive                     0x08002b35   Thumb Code   428  queue.o(.text)
    xQueueTakeMutexRecursive                 0x08002ce1   Thumb Code    76  queue.o(.text)
    xQueueCreateCountingSemaphore            0x08002d2d   Thumb Code    80  queue.o(.text)
    xQueueGenericSendFromISR                 0x08002d7d   Thumb Code   252  queue.o(.text)
    xQueueGiveFromISR                        0x08002e79   Thumb Code   228  queue.o(.text)
    xQueueReceiveFromISR                     0x08002f5d   Thumb Code   190  queue.o(.text)
    xQueuePeekFromISR                        0x0800301b   Thumb Code   158  queue.o(.text)
    uxQueueMessagesWaiting                   0x080030b9   Thumb Code    36  queue.o(.text)
    uxQueueSpacesAvailable                   0x080030dd   Thumb Code    42  queue.o(.text)
    uxQueueMessagesWaitingFromISR            0x08003107   Thumb Code    28  queue.o(.text)
    vQueueUnregisterQueue                    0x08003123   Thumb Code    44  queue.o(.text)
    vQueueDelete                             0x0800314f   Thumb Code    38  queue.o(.text)
    uxQueueGetQueueNumber                    0x08003175   Thumb Code     6  queue.o(.text)
    vQueueSetQueueNumber                     0x0800317b   Thumb Code     4  queue.o(.text)
    ucQueueGetQueueType                      0x0800317f   Thumb Code     8  queue.o(.text)
    xQueueIsQueueEmptyFromISR                0x08003187   Thumb Code    36  queue.o(.text)
    xQueueIsQueueFullFromISR                 0x080031ab   Thumb Code    40  queue.o(.text)
    vQueueAddToRegistry                      0x080031d3   Thumb Code    38  queue.o(.text)
    pcQueueGetName                           0x080031f9   Thumb Code    38  queue.o(.text)
    vQueueWaitForMessageRestricted           0x0800321f   Thumb Code    74  queue.o(.text)
    xQueueCreateSet                          0x08003269   Thumb Code    20  queue.o(.text)
    xQueueAddToSet                           0x0800327d   Thumb Code    38  queue.o(.text)
    xQueueRemoveFromSet                      0x080032a3   Thumb Code    48  queue.o(.text)
    xQueueSelectFromSet                      0x080032d3   Thumb Code    26  queue.o(.text)
    xQueueSelectFromSetFromISR               0x080032ed   Thumb Code    22  queue.o(.text)
    xTaskCreate                              0x08003495   Thumb Code    96  tasks.o(.text)
    vTaskDelete                              0x08003531   Thumb Code   192  tasks.o(.text)
    xTaskIncrementTick                       0x080035f1   Thumb Code   392  tasks.o(.text)
    xTaskResumeAll                           0x08003779   Thumb Code   218  tasks.o(.text)
    vTaskSuspendAll                          0x080038cf   Thumb Code    12  tasks.o(.text)
    vTaskDelayUntil                          0x080038db   Thumb Code   182  tasks.o(.text)
    vTaskDelay                               0x08003991   Thumb Code    76  tasks.o(.text)
    eTaskGetState                            0x080039dd   Thumb Code   106  tasks.o(.text)
    uxTaskPriorityGet                        0x08003a47   Thumb Code    30  tasks.o(.text)
    uxTaskPriorityGetFromISR                 0x08003a65   Thumb Code    62  tasks.o(.text)
    vTaskPrioritySet                         0x08003aa3   Thumb Code   320  tasks.o(.text)
    vTaskSwitchContext                       0x08003be3   Thumb Code   114  tasks.o(.text)
    vTaskSuspend                             0x08003c55   Thumb Code   190  tasks.o(.text)
    vTaskResume                              0x08003d5f   Thumb Code   122  tasks.o(.text)
    xTaskResumeFromISR                       0x08003dd9   Thumb Code   152  tasks.o(.text)
    vTaskStartScheduler                      0x08003ee7   Thumb Code   112  tasks.o(.text)
    vTaskEndScheduler                        0x08003f57   Thumb Code    32  tasks.o(.text)
    xTaskGetTickCount                        0x08003f77   Thumb Code     6  tasks.o(.text)
    xTaskGetTickCountFromISR                 0x08003f7d   Thumb Code    16  tasks.o(.text)
    uxTaskGetNumberOfTasks                   0x08003f8d   Thumb Code     6  tasks.o(.text)
    pcTaskGetName                            0x08003f93   Thumb Code   114  tasks.o(.text)
    vTaskGetInfo                             0x0800401b   Thumb Code   114  tasks.o(.text)
    uxTaskGetSystemState                     0x080040f7   Thumb Code   152  tasks.o(.text)
    vTaskPlaceOnEventList                    0x0800418f   Thumb Code    46  tasks.o(.text)
    vTaskPlaceOnUnorderedEventList           0x080041bd   Thumb Code    88  tasks.o(.text)
    vTaskPlaceOnEventListRestricted          0x08004215   Thumb Code    54  tasks.o(.text)
    xTaskRemoveFromEventList                 0x0800424b   Thumb Code   122  tasks.o(.text)
    xTaskRemoveFromUnorderedEventList        0x080042c5   Thumb Code   142  tasks.o(.text)
    vTaskSetTimeOutState                     0x08004353   Thumb Code    36  tasks.o(.text)
    xTaskCheckForTimeOut                     0x08004377   Thumb Code   124  tasks.o(.text)
    vTaskMissedYield                         0x080043f3   Thumb Code     8  tasks.o(.text)
    uxTaskGetTaskNumber                      0x080043fb   Thumb Code    66  tasks.o(.text)
    vTaskSetTaskNumber                       0x0800443d   Thumb Code     8  tasks.o(.text)
    xTaskGetCurrentTaskHandle                0x08004445   Thumb Code     6  tasks.o(.text)
    xTaskGetSchedulerState                   0x0800444b   Thumb Code    24  tasks.o(.text)
    vTaskPriorityInherit                     0x08004463   Thumb Code   164  tasks.o(.text)
    xTaskPriorityDisinherit                  0x08004507   Thumb Code   176  tasks.o(.text)
    vTaskList                                0x080045e1   Thumb Code   204  tasks.o(.text)
    uxTaskResetEventItemValue                0x080046ad   Thumb Code    24  tasks.o(.text)
    pvTaskIncrementMutexHeldCount            0x080046c5   Thumb Code    26  tasks.o(.text)
    ulTaskNotifyTake                         0x080046df   Thumb Code   108  tasks.o(.text)
    xTaskNotifyWait                          0x0800474b   Thumb Code   150  tasks.o(.text)
    xTaskGenericNotify                       0x080047e1   Thumb Code   276  tasks.o(.text)
    xTaskGenericNotifyFromISR                0x080048f5   Thumb Code   282  tasks.o(.text)
    vTaskNotifyGiveFromISR                   0x08004a0f   Thumb Code   200  tasks.o(.text)
    xTaskNotifyStateClear                    0x08004ad7   Thumb Code    48  tasks.o(.text)
    xTimerGenericCommand                     0x08004b79   Thumb Code   118  timers.o(.text)
    xTimerCreateTimerTask                    0x08004ee1   Thumb Code    56  timers.o(.text)
    xTimerCreate                             0x08004fbb   Thumb Code    48  timers.o(.text)
    xTimerGetTimerDaemonTaskHandle           0x08004feb   Thumb Code    38  timers.o(.text)
    xTimerGetPeriod                          0x08005011   Thumb Code    28  timers.o(.text)
    xTimerGetExpiryTime                      0x0800502d   Thumb Code    30  timers.o(.text)
    pcTimerGetName                           0x0800504b   Thumb Code    28  timers.o(.text)
    xTimerIsTimerActive                      0x08005067   Thumb Code    50  timers.o(.text)
    pvTimerGetTimerID                        0x08005099   Thumb Code    38  timers.o(.text)
    vTimerSetTimerID                         0x080050bf   Thumb Code    38  timers.o(.text)
    xTimerPendFunctionCallFromISR            0x080050e5   Thumb Code    48  timers.o(.text)
    xTimerPendFunctionCall                   0x08005115   Thumb Code    70  timers.o(.text)
    pvPortMalloc                             0x08005227   Thumb Code   262  heap_4.o(.text)
    vPortFree                                0x0800532d   Thumb Code   120  heap_4.o(.text)
    xPortGetFreeHeapSize                     0x080053a5   Thumb Code     6  heap_4.o(.text)
    xPortGetMinimumEverFreeHeapSize          0x080053ab   Thumb Code     6  heap_4.o(.text)
    vPortInitialiseBlocks                    0x080053b1   Thumb Code     2  heap_4.o(.text)
    pxPortInitialiseStack                    0x08005431   Thumb Code    30  port.o(.text)
    vPortSetupTimerInterrupt                 0x0800544f   Thumb Code    26  port.o(.text)
    xPortStartScheduler                      0x08005469   Thumb Code   140  port.o(.text)
    vPortEndScheduler                        0x080054f5   Thumb Code    34  port.o(.text)
    vPortEnterCritical                       0x08005517   Thumb Code    70  port.o(.text)
    vPortExitCritical                        0x0800555d   Thumb Code    48  port.o(.text)
    xPortSysTickHandler                      0x0800558d   Thumb Code    48  port.o(.text)
    vPortValidateInterruptPriority           0x080055bd   Thumb Code    88  port.o(.text)
    __aeabi_memcpy                           0x08005669   Thumb Code    36  memcpya.o(.text)
    __aeabi_memcpy4                          0x08005669   Thumb Code     0  memcpya.o(.text)
    __aeabi_memcpy8                          0x08005669   Thumb Code     0  memcpya.o(.text)
    __aeabi_memset                           0x0800568d   Thumb Code    14  memseta.o(.text)
    __aeabi_memset4                          0x0800568d   Thumb Code     0  memseta.o(.text)
    __aeabi_memset8                          0x0800568d   Thumb Code     0  memseta.o(.text)
    __aeabi_memclr                           0x0800569b   Thumb Code     4  memseta.o(.text)
    __aeabi_memclr4                          0x0800569b   Thumb Code     0  memseta.o(.text)
    __aeabi_memclr8                          0x0800569b   Thumb Code     0  memseta.o(.text)
    _memset$wrapper                          0x0800569f   Thumb Code    18  memseta.o(.text)
    strlen                                   0x080056b1   Thumb Code    14  strlen.o(.text)
    strcpy                                   0x080056bf   Thumb Code    18  strcpy.o(.text)
    __aeabi_dmul                             0x080056d1   Thumb Code   228  dmul.o(.text)
    __aeabi_ddiv                             0x080057b5   Thumb Code   222  ddiv.o(.text)
    __aeabi_uidiv                            0x08005893   Thumb Code     0  uidiv.o(.text)
    __aeabi_uidivmod                         0x08005893   Thumb Code    44  uidiv.o(.text)
    __aeabi_uldivmod                         0x080058bf   Thumb Code    98  uldiv.o(.text)
    __aeabi_llsr                             0x08005921   Thumb Code    32  llushr.o(.text)
    _ll_ushift_r                             0x08005921   Thumb Code     0  llushr.o(.text)
    __I$use$fp                               0x08005941   Thumb Code     0  iusefp.o(.text)
    _double_round                            0x08005941   Thumb Code    30  depilogue.o(.text)
    _double_epilogue                         0x0800595f   Thumb Code   156  depilogue.o(.text)
    __aeabi_dadd                             0x080059fb   Thumb Code   322  dadd.o(.text)
    __aeabi_dsub                             0x08005b3d   Thumb Code     6  dadd.o(.text)
    __aeabi_drsub                            0x08005b43   Thumb Code     6  dadd.o(.text)
    __aeabi_d2ulz                            0x08005b49   Thumb Code    48  dfixul.o(.text)
    __aeabi_cdrcmple                         0x08005b79   Thumb Code    48  cdrcmple.o(.text)
    __scatterload                            0x08005ba9   Thumb Code    28  init.o(.text)
    __scatterload_rt2                        0x08005ba9   Thumb Code     0  init.o(.text)
    __aeabi_llsl                             0x08005bcd   Thumb Code    30  llshl.o(.text)
    __semihosting_library_function           0x08005bcd   Thumb Code     0  semi.o(.text)
    _ll_shift_l                              0x08005bcd   Thumb Code     0  llshl.o(.text)
    __aeabi_lasr                             0x08005beb   Thumb Code    36  llsshr.o(.text)
    _ll_sshift_r                             0x08005beb   Thumb Code     0  llsshr.o(.text)
    __I$use$semihosting$fputc                0x08005c0f   Thumb Code     0  iusesemip.o(.text)
    __0printf                                0x08005c11   Thumb Code    22  printfa.o(i.__0printf)
    __1printf                                0x08005c11   Thumb Code     0  printfa.o(i.__0printf)
    __2printf                                0x08005c11   Thumb Code     0  printfa.o(i.__0printf)
    __c89printf                              0x08005c11   Thumb Code     0  printfa.o(i.__0printf)
    printf                                   0x08005c11   Thumb Code     0  printfa.o(i.__0printf)
    __0sprintf                               0x08005c31   Thumb Code    34  printfa.o(i.__0sprintf)
    __1sprintf                               0x08005c31   Thumb Code     0  printfa.o(i.__0sprintf)
    __2sprintf                               0x08005c31   Thumb Code     0  printfa.o(i.__0sprintf)
    __c89sprintf                             0x08005c31   Thumb Code     0  printfa.o(i.__0sprintf)
    sprintf                                  0x08005c31   Thumb Code     0  printfa.o(i.__0sprintf)
    __0vsprintf                              0x08005c59   Thumb Code    30  printfa.o(i.__0vsprintf)
    __1vsprintf                              0x08005c59   Thumb Code     0  printfa.o(i.__0vsprintf)
    __2vsprintf                              0x08005c59   Thumb Code     0  printfa.o(i.__0vsprintf)
    __c89vsprintf                            0x08005c59   Thumb Code     0  printfa.o(i.__0vsprintf)
    vsprintf                                 0x08005c59   Thumb Code     0  printfa.o(i.__0vsprintf)
    __scatterload_copy                       0x08005c7d   Thumb Code    14  handlers.o(i.__scatterload_copy)
    __scatterload_null                       0x08005c8b   Thumb Code     2  handlers.o(i.__scatterload_null)
    __scatterload_zeroinit                   0x08005c8d   Thumb Code    14  handlers.o(i.__scatterload_zeroinit)
    fputc                                    0x08006559   Thumb Code    18  fputc.o(i.fputc)
    Region$$Table$$Base                      0x0800656c   Number         0  anon$$obj.o(Region$$Table)
    Region$$Table$$Limit                     0x0800658c   Number         0  anon$$obj.o(Region$$Table)
    StartTask_Handler                        0x20000014   Data           4  taskconfig.o(.data)
    LogicalTask_Handler                      0x20000018   Data           4  taskconfig.o(.data)
    SerialTask_Handler                       0x2000001c   Data           4  taskconfig.o(.data)
    ExceptionTask_Handler                    0x20000020   Data           4  taskconfig.o(.data)
    SystemCoreClock                          0x20000024   Data           4  system_stm32f10x.o(.data)
    AHBPrescTable                            0x20000028   Data          16  system_stm32f10x.o(.data)
    pxCurrentTCB                             0x2000003c   Data           4  tasks.o(.data)
    __stdout                                 0x200000b0   Data           4  stdout.o(.data)
    movebase                                 0x200000b4   Data          44  taskconfig.o(.bss)
    xQueueRegistry                           0x200001e0   Data          64  queue.o(.bss)
    __initial_sp                             0x20004d30   Data           0  startup_stm32f10x_md.o(STACK)



==============================================================================

Memory Map of the image

  Image Entry point : 0x080000ed

  Load Region LR_IROM1 (Base: 0x08000000, Size: 0x00006640, Max: 0x00010000, ABSOLUTE)

    Execution Region ER_IROM1 (Exec base: 0x08000000, Load base: 0x08000000, Size: 0x0000658c, Max: 0x00010000, ABSOLUTE)

    Exec Addr    Load Addr    Size         Type   Attr      Idx    E Section Name        Object

    0x08000000   0x08000000   0x000000ec   Data   RO           19    RESET               startup_stm32f10x_md.o
    0x080000ec   0x080000ec   0x00000000   Code   RO          953  * .ARM.Collect$$$$00000000  mc_w.l(entry.o)
    0x080000ec   0x080000ec   0x00000004   Code   RO         1239    .ARM.Collect$$$$00000001  mc_w.l(entry2.o)
    0x080000f0   0x080000f0   0x00000004   Code   RO         1242    .ARM.Collect$$$$00000004  mc_w.l(entry5.o)
    0x080000f4   0x080000f4   0x00000000   Code   RO         1244    .ARM.Collect$$$$00000008  mc_w.l(entry7b.o)
    0x080000f4   0x080000f4   0x00000000   Code   RO         1246    .ARM.Collect$$$$0000000A  mc_w.l(entry8b.o)
    0x080000f4   0x080000f4   0x00000008   Code   RO         1247    .ARM.Collect$$$$0000000B  mc_w.l(entry9a.o)
    0x080000fc   0x080000fc   0x00000000   Code   RO         1249    .ARM.Collect$$$$0000000D  mc_w.l(entry10a.o)
    0x080000fc   0x080000fc   0x00000000   Code   RO         1251    .ARM.Collect$$$$0000000F  mc_w.l(entry11a.o)
    0x080000fc   0x080000fc   0x00000004   Code   RO         1240    .ARM.Collect$$$$00002712  mc_w.l(entry2.o)
    0x08000100   0x08000100   0x00000096   Code   RO          923    .emb_text           port.o
    0x08000196   0x08000196   0x00000002   PAD
    0x08000198   0x08000198   0x00000024   Code   RO           20    .text               startup_stm32f10x_md.o
    0x080001bc   0x080001bc   0x000000dc   Code   RO           24    .text               misc.o
    0x08000298   0x08000298   0x0000011c   Code   RO          188    .text               stm32f10x_exti.o
    0x080003b4   0x080003b4   0x0000035c   Code   RO          233    .text               stm32f10x_gpio.o
    0x08000710   0x08000710   0x000003a4   Code   RO          290    .text               stm32f10x_rcc.o
    0x08000ab4   0x08000ab4   0x00000e1a   Code   RO          346    .text               stm32f10x_tim.o
    0x080018ce   0x080018ce   0x00000002   PAD
    0x080018d0   0x080018d0   0x00000408   Code   RO          358    .text               stm32f10x_usart.o
    0x08001cd8   0x08001cd8   0x00000048   Code   RO          385    .text               led.o
    0x08001d20   0x08001d20   0x000000c0   Code   RO          406    .text               taskconfig.o
    0x08001de0   0x08001de0   0x000002b4   Code   RO          553    .text               encoder.o
    0x08002094   0x08002094   0x00000038   Code   RO          652    .text               main.o
    0x080020cc   0x080020cc   0x00000014   Code   RO          689    .text               stm32f10x_it.o
    0x080020e0   0x080020e0   0x000001e0   Code   RO          701    .text               system_stm32f10x.o
    0x080022c0   0x080022c0   0x00000104   Code   RO          719    .text               delay.o
    0x080023c4   0x080023c4   0x000001a4   Code   RO          755    .text               usart.o
    0x08002568   0x08002568   0x00000094   Code   RO          829    .text               list.o
    0x080025fc   0x080025fc   0x00000d0c   Code   RO          841    .text               queue.o
    0x08003308   0x08003308   0x00001820   Code   RO          862    .text               tasks.o
    0x08004b28   0x08004b28   0x0000063c   Code   RO          893    .text               timers.o
    0x08005164   0x08005164   0x0000029c   Code   RO          908    .text               heap_4.o
    0x08005400   0x08005400   0x00000268   Code   RO          924    .text               port.o
    0x08005668   0x08005668   0x00000024   Code   RO          956    .text               mc_w.l(memcpya.o)
    0x0800568c   0x0800568c   0x00000024   Code   RO          958    .text               mc_w.l(memseta.o)
    0x080056b0   0x080056b0   0x0000000e   Code   RO          960    .text               mc_w.l(strlen.o)
    0x080056be   0x080056be   0x00000012   Code   RO          962    .text               mc_w.l(strcpy.o)
    0x080056d0   0x080056d0   0x000000e4   Code   RO         1227    .text               mf_w.l(dmul.o)
    0x080057b4   0x080057b4   0x000000de   Code   RO         1229    .text               mf_w.l(ddiv.o)
    0x08005892   0x08005892   0x0000002c   Code   RO         1256    .text               mc_w.l(uidiv.o)
    0x080058be   0x080058be   0x00000062   Code   RO         1258    .text               mc_w.l(uldiv.o)
    0x08005920   0x08005920   0x00000020   Code   RO         1260    .text               mc_w.l(llushr.o)
    0x08005940   0x08005940   0x00000000   Code   RO         1262    .text               mc_w.l(iusefp.o)
    0x08005940   0x08005940   0x000000ba   Code   RO         1263    .text               mf_w.l(depilogue.o)
    0x080059fa   0x080059fa   0x0000014e   Code   RO         1265    .text               mf_w.l(dadd.o)
    0x08005b48   0x08005b48   0x00000030   Code   RO         1267    .text               mf_w.l(dfixul.o)
    0x08005b78   0x08005b78   0x00000030   Code   RO         1269    .text               mf_w.l(cdrcmple.o)
    0x08005ba8   0x08005ba8   0x00000024   Code   RO         1271    .text               mc_w.l(init.o)
    0x08005bcc   0x08005bcc   0x00000000   Code   RO         1273    .text               mc_w.l(semi.o)
    0x08005bcc   0x08005bcc   0x0000001e   Code   RO         1274    .text               mc_w.l(llshl.o)
    0x08005bea   0x08005bea   0x00000024   Code   RO         1276    .text               mc_w.l(llsshr.o)
    0x08005c0e   0x08005c0e   0x00000000   Code   RO         1278    .text               mc_w.l(iusesemip.o)
    0x08005c0e   0x08005c0e   0x00000002   PAD
    0x08005c10   0x08005c10   0x00000020   Code   RO         1199    i.__0printf         mc_w.l(printfa.o)
    0x08005c30   0x08005c30   0x00000028   Code   RO         1201    i.__0sprintf        mc_w.l(printfa.o)
    0x08005c58   0x08005c58   0x00000024   Code   RO         1205    i.__0vsprintf       mc_w.l(printfa.o)
    0x08005c7c   0x08005c7c   0x0000000e   Code   RO         1281    i.__scatterload_copy  mc_w.l(handlers.o)
    0x08005c8a   0x08005c8a   0x00000002   Code   RO         1282    i.__scatterload_null  mc_w.l(handlers.o)
    0x08005c8c   0x08005c8c   0x0000000e   Code   RO         1283    i.__scatterload_zeroinit  mc_w.l(handlers.o)
    0x08005c9a   0x08005c9a   0x00000002   PAD
    0x08005c9c   0x08005c9c   0x00000184   Code   RO         1206    i._fp_digits        mc_w.l(printfa.o)
    0x08005e20   0x08005e20   0x000006dc   Code   RO         1207    i._printf_core      mc_w.l(printfa.o)
    0x080064fc   0x080064fc   0x00000024   Code   RO         1208    i._printf_post_padding  mc_w.l(printfa.o)
    0x08006520   0x08006520   0x0000002e   Code   RO         1209    i._printf_pre_padding  mc_w.l(printfa.o)
    0x0800654e   0x0800654e   0x0000000a   Code   RO         1211    i._sputc            mc_w.l(printfa.o)
    0x08006558   0x08006558   0x00000012   Code   RO         1253    i.fputc             mc_w.l(fputc.o)
    0x0800656a   0x0800656a   0x00000002   PAD
    0x0800656c   0x0800656c   0x00000020   Data   RO         1279    Region$$Table       anon$$obj.o


    Execution Region RW_IRAM1 (Exec base: 0x20000000, Load base: 0x0800658c, Size: 0x00004d30, Max: 0x00005000, ABSOLUTE)

    Exec Addr    Load Addr    Size         Type   Attr      Idx    E Section Name        Object

    0x20000000   0x0800658c   0x00000014   Data   RW          291    .data               stm32f10x_rcc.o
    0x20000014   0x080065a0   0x00000010   Data   RW          408    .data               taskconfig.o
    0x20000024   0x080065b0   0x00000014   Data   RW          702    .data               system_stm32f10x.o
    0x20000038   0x080065c4   0x00000004   Data   RW          720    .data               delay.o
    0x2000003c   0x080065c8   0x0000003c   Data   RW          864    .data               tasks.o
    0x20000078   0x08006604   0x00000014   Data   RW          895    .data               timers.o
    0x2000008c   0x08006618   0x00000018   Data   RW          910    .data               heap_4.o
    0x200000a4   0x08006630   0x0000000c   Data   RW          925    .data               port.o
    0x200000b0   0x0800663c   0x00000004   Data   RW         1255    .data               mc_w.l(stdout.o)
    0x200000b4        -       0x0000002c   Zero   RW          407    .bss                taskconfig.o
    0x200000e0        -       0x00000100   Zero   RW          756    .bss                usart.o
    0x200001e0        -       0x00000040   Zero   RW          842    .bss                queue.o
    0x20000220        -       0x000002e4   Zero   RW          863    .bss                tasks.o
    0x20000504        -       0x00000028   Zero   RW          894    .bss                timers.o
    0x2000052c        -       0x00004400   Zero   RW          909    .bss                heap_4.o
    0x2000492c   0x08006640   0x00000004   PAD
    0x20004930        -       0x00000400   Zero   RW           17    STACK               startup_stm32f10x_md.o


==============================================================================

Image component sizes


      Code (inc. data)   RO Data    RW Data    ZI Data      Debug   Object Name

         0          0          0          0          0       4540   core_cm3.o
       260         18          0          4          0       1405   delay.o
       692         26          0          0          0       2953   encoder.o
         0          0          0          0          0      10148   event_groups.o
       668         78          0         24      17408       3132   heap_4.o
        72         14          0          0          0        572   led.o
       148          0          0          0          0       1734   list.o
        56         22          0          0          0        403   main.o
       220         22          0          0          0     248153   misc.o
         0          0          0          0          0       1472   motor.o
       766         96          0         12          0       7491   port.o
      3340         52          0          0         64      18622   queue.o
        36          8        236          0       1024        744   startup_stm32f10x_md.o
       284         10          0          0          0       4215   stm32f10x_exti.o
       860         38          0          0          0       5585   stm32f10x_gpio.o
        20          0          0          0          0        879   stm32f10x_it.o
       932         36          0         20          0       8704   stm32f10x_rcc.o
      3610         88          0          0          0      22692   stm32f10x_tim.o
      1032         22          0          0          0       8308   stm32f10x_usart.o
       480         38          0         20          0       1635   system_stm32f10x.o
       192         44          0         16         44      14457   taskconfig.o
      6176        402          0         60        740      31776   tasks.o
      1596        108          0         20         40       8712   timers.o
       420         14          0          0        256       2653   usart.o

    ----------------------------------------------------------------------
     21864       1136        268        176      19580     410985   Object Totals
         0          0         32          0          0          0   (incl. Generated)
         4          0          0          0          4          0   (incl. Padding)

    ----------------------------------------------------------------------

      Code (inc. data)   RO Data    RW Data    ZI Data      Debug   Library Member Name

         0          0          0          0          0          0   entry.o
         0          0          0          0          0          0   entry10a.o
         0          0          0          0          0          0   entry11a.o
         8          4          0          0          0          0   entry2.o
         4          0          0          0          0          0   entry5.o
         0          0          0          0          0          0   entry7b.o
         0          0          0          0          0          0   entry8b.o
         8          4          0          0          0          0   entry9a.o
        18          0          0          0          0         80   fputc.o
        30          0          0          0          0          0   handlers.o
        36          8          0          0          0         68   init.o
         0          0          0          0          0          0   iusefp.o
         0          0          0          0          0          0   iusesemip.o
        30          0          0          0          0         68   llshl.o
        36          0          0          0          0         68   llsshr.o
        32          0          0          0          0         68   llushr.o
        36          0          0          0          0         68   memcpya.o
        36          0          0          0          0        108   memseta.o
      2344        102          0          0          0        684   printfa.o
         0          0          0          0          0          0   semi.o
         0          0          0          4          0          0   stdout.o
        18          0          0          0          0         68   strcpy.o
        14          0          0          0          0         68   strlen.o
        44          0          0          0          0         80   uidiv.o
        98          0          0          0          0         92   uldiv.o
        48          0          0          0          0         68   cdrcmple.o
       334          0          0          0          0        148   dadd.o
       222          0          0          0          0        100   ddiv.o
       186          0          0          0          0        176   depilogue.o
        48          0          0          0          0         68   dfixul.o
       228          0          0          0          0         96   dmul.o

    ----------------------------------------------------------------------
      3864        118          0          4          0       2176   Library Totals
         6          0          0          0          0          0   (incl. Padding)

    ----------------------------------------------------------------------

      Code (inc. data)   RO Data    RW Data    ZI Data      Debug   Library Name

      2792        118          0          4          0       1520   mc_w.l
      1066          0          0          0          0        656   mf_w.l

    ----------------------------------------------------------------------
      3864        118          0          4          0       2176   Library Totals

    ----------------------------------------------------------------------

==============================================================================


      Code (inc. data)   RO Data    RW Data    ZI Data      Debug   

     25728       1254        268        180      19580     410037   Grand Totals
     25728       1254        268        180      19580     410037   ELF Image Totals
     25728       1254        268        180          0          0   ROM Totals

==============================================================================

    Total RO  Size (Code + RO Data)                25996 (  25.39kB)
    Total RW  Size (RW Data + ZI Data)             19760 (  19.30kB)
    Total ROM Size (Code + RO Data + RW Data)      26176 (  25.56kB)

==============================================================================

